<html>
<body>
<pre>
<h1>µVision Build Log</h1>
<h2>Project:</h2>
C:\Cortex Microcontroller Tutorial Exercises\CMSIS RTX Delay - Copy\signal.uvproj
Project File Date:  08/20/2012

<h2>Output:</h2>
Build target 'Target 1'
compiling main.c...
main.c(10): error:  #5: cannot open source input file "STM32F4xx.h": No such file or directory
compiling system_stm32f10x.c...
compiling RTX_Conf_CM.c...
compiling led.c...
Target not created
Build target 'Target 1'
compiling main.c...
linking...
Program Size: Code=8956 RO-data=392 RW-data=88 ZI-data=3256  
"signal.axf" - 0 Error(s), 0 Warning(s).
Build target 'Target 1'
compiling main.c...
linking...
Program Size: Code=8956 RO-data=392 RW-data=88 ZI-data=3256  
"signal.axf" - 0 Error(s), 0 Warning(s).
