ARM Linker, 5.03 [Build 76] [MDK-ARM Professional]

==============================================================================

Section Cross References

    arm_fft_bin_example_f32.o(.text) refers to arm_cfft_f32.o(.text) for arm_cfft_f32
    arm_fft_bin_example_f32.o(.text) refers to arm_cmplx_mag_f32.o(.text) for arm_cmplx_mag_f32
    arm_fft_bin_example_f32.o(.text) refers to arm_max_f32.o(.text) for arm_max_f32
    arm_fft_bin_example_f32.o(.text) refers to arm_fft_bin_example_f32.o(.data) for doBitReverse
    arm_fft_bin_example_f32.o(.text) refers to arm_fft_bin_data.o(.data) for testInput_f32_10khz
    arm_fft_bin_example_f32.o(.text) refers to arm_fft_bin_example_f32.o(.constdata) for arm_cfft_sR_f32_len1024
    arm_fft_bin_example_f32.o(.text) refers to arm_fft_bin_example_f32.o(.bss) for testOutput
    arm_fft_bin_example_f32.o(.constdata) refers to arm_common_tables.o(.constdata) for twiddleCoef_16
    arm_fft_bin_example_f32.o(.constdata) refers to arm_common_tables.o(.constdata) for armBitRevIndexTable16
    arm_fft_bin_example_f32.o(.constdata) refers to arm_common_tables.o(.constdata) for twiddleCoef_32
    arm_fft_bin_example_f32.o(.constdata) refers to arm_common_tables.o(.constdata) for armBitRevIndexTable32
    arm_fft_bin_example_f32.o(.constdata) refers to arm_common_tables.o(.constdata) for twiddleCoef_64
    arm_fft_bin_example_f32.o(.constdata) refers to arm_common_tables.o(.constdata) for armBitRevIndexTable64
    arm_fft_bin_example_f32.o(.constdata) refers to arm_common_tables.o(.constdata) for twiddleCoef_128
    arm_fft_bin_example_f32.o(.constdata) refers to arm_common_tables.o(.constdata) for armBitRevIndexTable128
    arm_fft_bin_example_f32.o(.constdata) refers to arm_common_tables.o(.constdata) for twiddleCoef_256
    arm_fft_bin_example_f32.o(.constdata) refers to arm_common_tables.o(.constdata) for armBitRevIndexTable256
    arm_fft_bin_example_f32.o(.constdata) refers to arm_common_tables.o(.constdata) for twiddleCoef_512
    arm_fft_bin_example_f32.o(.constdata) refers to arm_common_tables.o(.constdata) for armBitRevIndexTable512
    arm_fft_bin_example_f32.o(.constdata) refers to arm_common_tables.o(.constdata) for twiddleCoef_1024
    arm_fft_bin_example_f32.o(.constdata) refers to arm_common_tables.o(.constdata) for armBitRevIndexTable1024
    arm_fft_bin_example_f32.o(.constdata) refers to arm_common_tables.o(.constdata) for twiddleCoef_2048
    arm_fft_bin_example_f32.o(.constdata) refers to arm_common_tables.o(.constdata) for armBitRevIndexTable2048
    arm_fft_bin_example_f32.o(.constdata) refers to arm_common_tables.o(.constdata) for twiddleCoef_4096
    arm_fft_bin_example_f32.o(.constdata) refers to arm_common_tables.o(.constdata) for armBitRevIndexTable4096
    system_armcm4.o(.text) refers to system_armcm4.o(.data) for SystemCoreClock
    startup_armcm4.o(STACK) refers (Special) to heapauxi.o(.text) for __use_two_region_memory
    startup_armcm4.o(HEAP) refers (Special) to heapauxi.o(.text) for __use_two_region_memory
    startup_armcm4.o(RESET) refers (Special) to heapauxi.o(.text) for __use_two_region_memory
    startup_armcm4.o(RESET) refers to startup_armcm4.o(STACK) for __initial_sp
    startup_armcm4.o(RESET) refers to startup_armcm4.o(.text) for Reset_Handler
    startup_armcm4.o(.text) refers (Special) to heapauxi.o(.text) for __use_two_region_memory
    startup_armcm4.o(.text) refers to system_armcm4.o(.text) for SystemInit
    startup_armcm4.o(.text) refers to __main.o(!!!main) for __main
    startup_armcm4.o(.text) refers to startup_armcm4.o(HEAP) for Heap_Mem
    startup_armcm4.o(.text) refers to startup_armcm4.o(STACK) for Stack_Mem
    arm_cfft_f32.o(.text) refers to arm_cfft_radix8_f32.o(.text) for arm_radix8_butterfly_f32
    arm_cfft_f32.o(.text) refers to arm_bitreversal2.o(. text) for arm_bitreversal_32
    __main.o(!!!main) refers to rtentry.o(.ARM.Collect$$rtentry$$00000000) for __rt_entry
    rtentry.o(.ARM.Collect$$rtentry$$00000000) refers (Special) to rtentry2.o(.ARM.Collect$$rtentry$$0000000A) for __rt_entry_li
    rtentry.o(.ARM.Collect$$rtentry$$00000000) refers (Special) to rtentry2.o(.ARM.Collect$$rtentry$$0000000D) for __rt_entry_main
    rtentry.o(.ARM.Collect$$rtentry$$00000000) refers (Special) to rtentry2.o(.ARM.Collect$$rtentry$$0000000C) for __rt_entry_postli_1
    rtentry.o(.ARM.Collect$$rtentry$$00000000) refers (Special) to rtentry2.o(.ARM.Collect$$rtentry$$00000009) for __rt_entry_postsh_1
    rtentry.o(.ARM.Collect$$rtentry$$00000000) refers (Special) to rtentry2.o(.ARM.Collect$$rtentry$$00000002) for __rt_entry_presh_1
    rtentry.o(.ARM.Collect$$rtentry$$00000000) refers (Special) to rtentry4.o(.ARM.Collect$$rtentry$$00000004) for __rt_entry_sh
    rtentry2.o(.ARM.Collect$$rtentry$$00000008) refers to boardinit2.o(.text) for _platform_post_stackheap_init
    rtentry2.o(.ARM.Collect$$rtentry$$0000000A) refers to libinit.o(.ARM.Collect$$libinit$$00000000) for __rt_lib_init
    rtentry2.o(.ARM.Collect$$rtentry$$0000000B) refers to boardinit3.o(.text) for _platform_post_lib_init
    rtentry2.o(.ARM.Collect$$rtentry$$0000000D) refers to arm_fft_bin_example_f32.o(.text) for main
    rtentry2.o(.ARM.Collect$$rtentry$$0000000D) refers to exit.o(.text) for exit
    rtentry2.o(.ARM.exidx) refers to rtentry2.o(.ARM.Collect$$rtentry$$00000001) for .ARM.Collect$$rtentry$$00000001
    rtentry2.o(.ARM.exidx) refers to rtentry2.o(.ARM.Collect$$rtentry$$00000008) for .ARM.Collect$$rtentry$$00000008
    rtentry2.o(.ARM.exidx) refers to rtentry2.o(.ARM.Collect$$rtentry$$0000000A) for .ARM.Collect$$rtentry$$0000000A
    rtentry2.o(.ARM.exidx) refers to rtentry2.o(.ARM.Collect$$rtentry$$0000000B) for .ARM.Collect$$rtentry$$0000000B
    rtentry2.o(.ARM.exidx) refers to rtentry2.o(.ARM.Collect$$rtentry$$0000000D) for .ARM.Collect$$rtentry$$0000000D
    rtentry4.o(.ARM.Collect$$rtentry$$00000004) refers to sys_stackheap_outer.o(.text) for __user_setup_stackheap
    rtentry4.o(.ARM.exidx) refers to rtentry4.o(.ARM.Collect$$rtentry$$00000004) for .ARM.Collect$$rtentry$$00000004
    sys_stackheap_outer.o(.text) refers to libspace.o(.text) for __user_perproc_libspace
    sys_stackheap_outer.o(.text) refers to startup_armcm4.o(.text) for __user_initial_stackheap
    exit.o(.text) refers to rtexit.o(.ARM.Collect$$rtexit$$00000000) for __rt_exit
    libinit.o(.ARM.Collect$$libinit$$00000000) refers (Special) to libinit2.o(.ARM.Collect$$libinit$$0000002C) for __rt_lib_init_alloca_1
    libinit.o(.ARM.Collect$$libinit$$00000000) refers (Special) to libinit2.o(.ARM.Collect$$libinit$$0000002A) for __rt_lib_init_argv_1
    libinit.o(.ARM.Collect$$libinit$$00000000) refers (Special) to libinit2.o(.ARM.Collect$$libinit$$00000019) for __rt_lib_init_atexit_1
    libinit.o(.ARM.Collect$$libinit$$00000000) refers (Special) to libinit2.o(.ARM.Collect$$libinit$$0000001F) for __rt_lib_init_clock_1
    libinit.o(.ARM.Collect$$libinit$$00000000) refers (Special) to libinit2.o(.ARM.Collect$$libinit$$00000030) for __rt_lib_init_cpp_1
    libinit.o(.ARM.Collect$$libinit$$00000000) refers (Special) to libinit2.o(.ARM.Collect$$libinit$$0000002E) for __rt_lib_init_exceptions_1
    libinit.o(.ARM.Collect$$libinit$$00000000) refers (Special) to libinit2.o(.ARM.Collect$$libinit$$00000001) for __rt_lib_init_fp_1
    libinit.o(.ARM.Collect$$libinit$$00000000) refers (Special) to libinit2.o(.ARM.Collect$$libinit$$0000001D) for __rt_lib_init_fp_trap_1
    libinit.o(.ARM.Collect$$libinit$$00000000) refers (Special) to libinit2.o(.ARM.Collect$$libinit$$00000021) for __rt_lib_init_getenv_1
    libinit.o(.ARM.Collect$$libinit$$00000000) refers (Special) to libinit2.o(.ARM.Collect$$libinit$$00000008) for __rt_lib_init_heap_1
    libinit.o(.ARM.Collect$$libinit$$00000000) refers (Special) to libinit2.o(.ARM.Collect$$libinit$$0000000F) for __rt_lib_init_lc_collate_1
    libinit.o(.ARM.Collect$$libinit$$00000000) refers (Special) to libinit2.o(.ARM.Collect$$libinit$$00000011) for __rt_lib_init_lc_ctype_1
    libinit.o(.ARM.Collect$$libinit$$00000000) refers (Special) to libinit2.o(.ARM.Collect$$libinit$$00000013) for __rt_lib_init_lc_monetary_1
    libinit.o(.ARM.Collect$$libinit$$00000000) refers (Special) to libinit2.o(.ARM.Collect$$libinit$$00000015) for __rt_lib_init_lc_numeric_1
    libinit.o(.ARM.Collect$$libinit$$00000000) refers (Special) to libinit2.o(.ARM.Collect$$libinit$$00000017) for __rt_lib_init_lc_time_1
    libinit.o(.ARM.Collect$$libinit$$00000000) refers (Special) to libinit2.o(.ARM.Collect$$libinit$$0000000C) for __rt_lib_init_rand_1
    libinit.o(.ARM.Collect$$libinit$$00000000) refers (Special) to libinit2.o(.ARM.Collect$$libinit$$00000031) for __rt_lib_init_return
    libinit.o(.ARM.Collect$$libinit$$00000000) refers (Special) to libinit2.o(.ARM.Collect$$libinit$$0000001B) for __rt_lib_init_signal_1
    libinit.o(.ARM.Collect$$libinit$$00000000) refers (Special) to libinit2.o(.ARM.Collect$$libinit$$00000023) for __rt_lib_init_stdio_1
    libinit.o(.ARM.Collect$$libinit$$00000000) refers (Special) to libinit2.o(.ARM.Collect$$libinit$$0000000A) for __rt_lib_init_user_alloc_1
    libspace.o(.text) refers to libspace.o(.bss) for __libspace_start
    rtexit.o(.ARM.Collect$$rtexit$$00000000) refers (Special) to rtexit2.o(.ARM.Collect$$rtexit$$00000004) for __rt_exit_exit
    rtexit.o(.ARM.Collect$$rtexit$$00000000) refers (Special) to rtexit2.o(.ARM.Collect$$rtexit$$00000003) for __rt_exit_ls
    rtexit.o(.ARM.Collect$$rtexit$$00000000) refers (Special) to rtexit2.o(.ARM.Collect$$rtexit$$00000002) for __rt_exit_prels_1
    rtexit.o(.ARM.exidx) refers (Special) to rtexit2.o(.ARM.Collect$$rtexit$$00000004) for __rt_exit_exit
    rtexit.o(.ARM.exidx) refers (Special) to rtexit2.o(.ARM.Collect$$rtexit$$00000003) for __rt_exit_ls
    rtexit.o(.ARM.exidx) refers (Special) to rtexit2.o(.ARM.Collect$$rtexit$$00000002) for __rt_exit_prels_1
    rtexit.o(.ARM.exidx) refers to rtexit.o(.ARM.Collect$$rtexit$$00000000) for .ARM.Collect$$rtexit$$00000000
    libinit2.o(.ARM.Collect$$libinit$$00000001) refers to fpinit.o(x$fpl$fpinit) for _fp_init
    libinit2.o(.ARM.Collect$$libinit$$0000000E) refers to libinit2.o(.ARM.Collect$$libinit$$0000000D) for .ARM.Collect$$libinit$$0000000D
    libinit2.o(.ARM.Collect$$libinit$$00000010) refers to libinit2.o(.ARM.Collect$$libinit$$0000000D) for .ARM.Collect$$libinit$$0000000D
    libinit2.o(.ARM.Collect$$libinit$$00000012) refers to libinit2.o(.ARM.Collect$$libinit$$0000000D) for .ARM.Collect$$libinit$$0000000D
    libinit2.o(.ARM.Collect$$libinit$$00000014) refers to libinit2.o(.ARM.Collect$$libinit$$0000000D) for .ARM.Collect$$libinit$$0000000D
    libinit2.o(.ARM.Collect$$libinit$$00000016) refers to libinit2.o(.ARM.Collect$$libinit$$0000000D) for .ARM.Collect$$libinit$$0000000D
    libinit2.o(.ARM.Collect$$libinit$$00000024) refers to argv_veneer.o(.emb_text) for __ARM_argv_veneer
    libinit2.o(.ARM.Collect$$libinit$$00000025) refers to argv_veneer.o(.emb_text) for __ARM_argv_veneer
    rtexit2.o(.ARM.Collect$$rtexit$$00000003) refers to libshutdown.o(.ARM.Collect$$libshutdown$$00000000) for __rt_lib_shutdown
    rtexit2.o(.ARM.Collect$$rtexit$$00000004) refers to sys_exit.o(.text) for _sys_exit
    rtexit2.o(.ARM.exidx) refers to rtexit2.o(.ARM.Collect$$rtexit$$00000001) for .ARM.Collect$$rtexit$$00000001
    rtexit2.o(.ARM.exidx) refers to rtexit2.o(.ARM.Collect$$rtexit$$00000003) for .ARM.Collect$$rtexit$$00000003
    rtexit2.o(.ARM.exidx) refers to rtexit2.o(.ARM.Collect$$rtexit$$00000004) for .ARM.Collect$$rtexit$$00000004
    argv_veneer.o(.emb_text) refers to no_argv.o(.text) for __ARM_get_argv
    sys_exit.o(.text) refers (Special) to use_no_semi.o(.text) for __I$use$semihosting
    sys_exit.o(.text) refers (Special) to indicate_semi.o(.text) for __semihosting_library_function
    _get_argv_nomalloc.o(.text) refers (Special) to hrguard.o(.text) for __heap_region$guard
    _get_argv_nomalloc.o(.text) refers to defsig_rtmem_outer.o(.text) for __rt_SIGRTMEM
    _get_argv_nomalloc.o(.text) refers to sys_command.o(.text) for _sys_command_string
    libshutdown.o(.ARM.Collect$$libshutdown$$00000000) refers (Special) to libshutdown2.o(.ARM.Collect$$libshutdown$$00000006) for __rt_lib_shutdown_fp_trap_1
    libshutdown.o(.ARM.Collect$$libshutdown$$00000000) refers (Special) to libshutdown2.o(.ARM.Collect$$libshutdown$$0000000E) for __rt_lib_shutdown_heap_1
    libshutdown.o(.ARM.Collect$$libshutdown$$00000000) refers (Special) to libshutdown2.o(.ARM.Collect$$libshutdown$$0000000F) for __rt_lib_shutdown_return
    libshutdown.o(.ARM.Collect$$libshutdown$$00000000) refers (Special) to libshutdown2.o(.ARM.Collect$$libshutdown$$00000009) for __rt_lib_shutdown_signal_1
    libshutdown.o(.ARM.Collect$$libshutdown$$00000000) refers (Special) to libshutdown2.o(.ARM.Collect$$libshutdown$$00000003) for __rt_lib_shutdown_stdio_1
    libshutdown.o(.ARM.Collect$$libshutdown$$00000000) refers (Special) to libshutdown2.o(.ARM.Collect$$libshutdown$$0000000B) for __rt_lib_shutdown_user_alloc_1
    sys_command.o(.text) refers (Special) to use_no_semi.o(.text) for __I$use$semihosting
    sys_command.o(.text) refers (Special) to indicate_semi.o(.text) for __semihosting_library_function
    defsig_rtmem_outer.o(.text) refers to defsig_rtmem_inner.o(.text) for __rt_SIGRTMEM_inner
    defsig_rtmem_outer.o(.text) refers to defsig_exit.o(.text) for __sig_exit
    defsig_rtmem_formal.o(.text) refers to rt_raise.o(.text) for __rt_raise
    rt_raise.o(.text) refers to __raise.o(.text) for __raise
    rt_raise.o(.text) refers to sys_exit.o(.text) for _sys_exit
    defsig_exit.o(.text) refers to sys_exit.o(.text) for _sys_exit
    defsig_rtmem_inner.o(.text) refers to defsig_general.o(.text) for __default_signal_display
    __raise.o(.text) refers to defsig.o(CL$$defsig) for __default_signal_handler
    defsig_general.o(.text) refers to sys_wrch.o(.text) for _ttywrch
    sys_wrch.o(.text) refers (Special) to use_no_semi.o(.text) for __I$use$semihosting
    sys_wrch.o(.text) refers (Special) to indicate_semi.o(.text) for __semihosting_library_function
    defsig.o(CL$$defsig) refers to defsig_rtmem_inner.o(.text) for __rt_SIGRTMEM_inner
    defsig_abrt_inner.o(.text) refers to defsig_general.o(.text) for __default_signal_display
    defsig_fpe_inner.o(.text) refers to defsig_general.o(.text) for __default_signal_display
    defsig_rtred_inner.o(.text) refers to defsig_general.o(.text) for __default_signal_display
    defsig_stak_inner.o(.text) refers to defsig_general.o(.text) for __default_signal_display
    defsig_pvfn_inner.o(.text) refers to defsig_general.o(.text) for __default_signal_display
    defsig_cppl_inner.o(.text) refers to defsig_general.o(.text) for __default_signal_display
    defsig_segv_inner.o(.text) refers to defsig_general.o(.text) for __default_signal_display
    defsig_other.o(.text) refers to defsig_general.o(.text) for __default_signal_display


==============================================================================

Removing Unused input sections from the image.

    Removing arm_fft_bin_data.o(.rev16_text), (4 bytes).
    Removing arm_fft_bin_data.o(.revsh_text), (4 bytes).
    Removing arm_fft_bin_example_f32.o(.rev16_text), (4 bytes).
    Removing arm_fft_bin_example_f32.o(.revsh_text), (4 bytes).
    Removing system_armcm4.o(.rev16_text), (4 bytes).
    Removing system_armcm4.o(.revsh_text), (4 bytes).
    Removing arm_cmplx_mag_f32.o(.rev16_text), (4 bytes).
    Removing arm_cmplx_mag_f32.o(.revsh_text), (4 bytes).
    Removing arm_cfft_f32.o(.rev16_text), (4 bytes).
    Removing arm_cfft_f32.o(.revsh_text), (4 bytes).
    Removing arm_max_f32.o(.rev16_text), (4 bytes).
    Removing arm_max_f32.o(.revsh_text), (4 bytes).
    Removing arm_common_tables.o(.rev16_text), (4 bytes).
    Removing arm_common_tables.o(.revsh_text), (4 bytes).
    Removing arm_common_tables.o(.constdata), (2048 bytes).
    Removing arm_common_tables.o(.constdata), (24576 bytes).
    Removing arm_common_tables.o(.constdata), (12288 bytes).
    Removing arm_common_tables.o(.constdata), (128 bytes).
    Removing arm_common_tables.o(.constdata), (256 bytes).
    Removing arm_common_tables.o(.constdata), (128 bytes).
    Removing arm_common_tables.o(.constdata), (256 bytes).
    Removing arm_common_tables.o(.constdata), (512 bytes).
    Removing arm_common_tables.o(.constdata), (1024 bytes).
    Removing arm_common_tables.o(.constdata), (2048 bytes).
    Removing arm_common_tables.o(.constdata), (4096 bytes).
    Removing arm_common_tables.o(.constdata), (8192 bytes).
    Removing arm_common_tables.o(.constdata), (16384 bytes).
    Removing arm_cfft_radix8_f32.o(.rev16_text), (4 bytes).
    Removing arm_cfft_radix8_f32.o(.revsh_text), (4 bytes).

29 unused section(s) (total 72000 bytes) removed from the image.

==============================================================================

Image Symbol Table

    Local Symbols

    Symbol Name                              Value     Ov Type        Size  Object(Section)

    RESET                                    0x00000000   Section      192  startup_armcm4.o(RESET)
    ../clib/angel/boardlib.s                 0x00000000   Number         0  boardshut.o ABSOLUTE
    ../clib/angel/boardlib.s                 0x00000000   Number         0  boardinit1.o ABSOLUTE
    ../clib/angel/boardlib.s                 0x00000000   Number         0  boardinit2.o ABSOLUTE
    ../clib/angel/boardlib.s                 0x00000000   Number         0  boardinit3.o ABSOLUTE
    ../clib/angel/dczerorl2.s                0x00000000   Number         0  __dczerorl2.o ABSOLUTE
    ../clib/angel/handlers.s                 0x00000000   Number         0  __scatter_zi.o ABSOLUTE
    ../clib/angel/kernel.s                   0x00000000   Number         0  rtentry.o ABSOLUTE
    ../clib/angel/kernel.s                   0x00000000   Number         0  rtentry2.o ABSOLUTE
    ../clib/angel/kernel.s                   0x00000000   Number         0  rtexit2.o ABSOLUTE
    ../clib/angel/kernel.s                   0x00000000   Number         0  rtentry4.o ABSOLUTE
    ../clib/angel/kernel.s                   0x00000000   Number         0  rtexit.o ABSOLUTE
    ../clib/angel/rt.s                       0x00000000   Number         0  rt_raise.o ABSOLUTE
    ../clib/angel/scatter.s                  0x00000000   Number         0  __scatter.o ABSOLUTE
    ../clib/angel/startup.s                  0x00000000   Number         0  __main.o ABSOLUTE
    ../clib/angel/sys.s                      0x00000000   Number         0  sys_stackheap_outer.o ABSOLUTE
    ../clib/angel/sys.s                      0x00000000   Number         0  use_no_semi.o ABSOLUTE
    ../clib/angel/sys.s                      0x00000000   Number         0  indicate_semi.o ABSOLUTE
    ../clib/angel/sys.s                      0x00000000   Number         0  libspace.o ABSOLUTE
    ../clib/angel/sysapp.c                   0x00000000   Number         0  sys_exit.o ABSOLUTE
    ../clib/angel/sysapp.c                   0x00000000   Number         0  sys_wrch.o ABSOLUTE
    ../clib/angel/sysapp.c                   0x00000000   Number         0  sys_command.o ABSOLUTE
    ../clib/armsys.c                         0x00000000   Number         0  _get_argv_nomalloc.o ABSOLUTE
    ../clib/armsys.c                         0x00000000   Number         0  argv_veneer.o ABSOLUTE
    ../clib/armsys.c                         0x00000000   Number         0  argv_veneer.o ABSOLUTE
    ../clib/armsys.c                         0x00000000   Number         0  no_argv.o ABSOLUTE
    ../clib/heapalloc.c                      0x00000000   Number         0  hrguard.o ABSOLUTE
    ../clib/heapaux.c                        0x00000000   Number         0  heapauxi.o ABSOLUTE
    ../clib/libinit.s                        0x00000000   Number         0  libinit.o ABSOLUTE
    ../clib/libinit.s                        0x00000000   Number         0  libinit2.o ABSOLUTE
    ../clib/libinit.s                        0x00000000   Number         0  libshutdown2.o ABSOLUTE
    ../clib/libinit.s                        0x00000000   Number         0  libshutdown.o ABSOLUTE
    ../clib/signal.c                         0x00000000   Number         0  defsig_segv_inner.o ABSOLUTE
    ../clib/signal.c                         0x00000000   Number         0  defsig_cppl_inner.o ABSOLUTE
    ../clib/signal.c                         0x00000000   Number         0  defsig_pvfn_inner.o ABSOLUTE
    ../clib/signal.c                         0x00000000   Number         0  defsig_rtred_inner.o ABSOLUTE
    ../clib/signal.c                         0x00000000   Number         0  defsig_fpe_inner.o ABSOLUTE
    ../clib/signal.c                         0x00000000   Number         0  defsig_abrt_inner.o ABSOLUTE
    ../clib/signal.c                         0x00000000   Number         0  defsig_general.o ABSOLUTE
    ../clib/signal.c                         0x00000000   Number         0  __raise.o ABSOLUTE
    ../clib/signal.c                         0x00000000   Number         0  defsig_exit.o ABSOLUTE
    ../clib/signal.c                         0x00000000   Number         0  defsig_rtmem_formal.o ABSOLUTE
    ../clib/signal.c                         0x00000000   Number         0  defsig_rtmem_outer.o ABSOLUTE
    ../clib/signal.c                         0x00000000   Number         0  defsig_stak_inner.o ABSOLUTE
    ../clib/signal.c                         0x00000000   Number         0  defsig_rtmem_inner.o ABSOLUTE
    ../clib/signal.c                         0x00000000   Number         0  defsig_other.o ABSOLUTE
    ../clib/signal.s                         0x00000000   Number         0  defsig.o ABSOLUTE
    ../clib/stdlib.c                         0x00000000   Number         0  exit.o ABSOLUTE
    ../fplib/fpinit.s                        0x00000000   Number         0  fpinit.o ABSOLUTE
    ..\CommonTables\arm_common_tables.c      0x00000000   Number         0  arm_common_tables.o ABSOLUTE
    ..\ComplexMathFunctions\arm_cmplx_mag_f32.c 0x00000000   Number         0  arm_cmplx_mag_f32.o ABSOLUTE
    ..\StatisticsFunctions\arm_max_f32.c     0x00000000   Number         0  arm_max_f32.o ABSOLUTE
    ..\TransformFunctions\arm_cfft_f32.c     0x00000000   Number         0  arm_cfft_f32.o ABSOLUTE
    ..\TransformFunctions\arm_cfft_radix8_f32.c 0x00000000   Number         0  arm_cfft_radix8_f32.o ABSOLUTE
    ..\\CommonTables\\arm_common_tables.c    0x00000000   Number         0  arm_common_tables.o ABSOLUTE
    ..\\ComplexMathFunctions\\arm_cmplx_mag_f32.c 0x00000000   Number         0  arm_cmplx_mag_f32.o ABSOLUTE
    ..\\StatisticsFunctions\\arm_max_f32.c   0x00000000   Number         0  arm_max_f32.o ABSOLUTE
    ..\\TransformFunctions\\arm_bitreversal2.S 0x00000000   Number         0  arm_bitreversal2.o ABSOLUTE
    ..\\TransformFunctions\\arm_cfft_f32.c   0x00000000   Number         0  arm_cfft_f32.o ABSOLUTE
    ..\\TransformFunctions\\arm_cfft_radix8_f32.c 0x00000000   Number         0  arm_cfft_radix8_f32.o ABSOLUTE
    arm_fft_bin_data.c                       0x00000000   Number         0  arm_fft_bin_data.o ABSOLUTE
    arm_fft_bin_data.c                       0x00000000   Number         0  arm_fft_bin_data.o ABSOLUTE
    arm_fft_bin_example_f32.c                0x00000000   Number         0  arm_fft_bin_example_f32.o ABSOLUTE
    arm_fft_bin_example_f32.c                0x00000000   Number         0  arm_fft_bin_example_f32.o ABSOLUTE
    dc.s                                     0x00000000   Number         0  dc.o ABSOLUTE
    startup_ARMCM4.s                         0x00000000   Number         0  startup_armcm4.o ABSOLUTE
    system_ARMCM4.c                          0x00000000   Number         0  system_armcm4.o ABSOLUTE
    system_ARMCM4.c                          0x00000000   Number         0  system_armcm4.o ABSOLUTE
    !!!main                                  0x000000c0   Section        8  __main.o(!!!main)
    !!!scatter                               0x000000c8   Section       52  __scatter.o(!!!scatter)
    !!dczerorl2                              0x000000fc   Section       90  __dczerorl2.o(!!dczerorl2)
    !!handler_zi                             0x00000158   Section       28  __scatter_zi.o(!!handler_zi)
    . text                                   0x00000174   Section      106  arm_bitreversal2.o(. text)
    $v0                                      0x00000174   Number         0  arm_bitreversal2.o(. text)
    .ARM.Collect$$libinit$$00000000          0x000001de   Section        2  libinit.o(.ARM.Collect$$libinit$$00000000)
    .ARM.Collect$$libinit$$00000001          0x000001e0   Section        4  libinit2.o(.ARM.Collect$$libinit$$00000001)
    .ARM.Collect$$libinit$$00000008          0x000001e4   Section        0  libinit2.o(.ARM.Collect$$libinit$$00000008)
    .ARM.Collect$$libinit$$0000000A          0x000001e4   Section        0  libinit2.o(.ARM.Collect$$libinit$$0000000A)
    .ARM.Collect$$libinit$$0000000C          0x000001e4   Section        0  libinit2.o(.ARM.Collect$$libinit$$0000000C)
    .ARM.Collect$$libinit$$0000000F          0x000001e4   Section        0  libinit2.o(.ARM.Collect$$libinit$$0000000F)
    .ARM.Collect$$libinit$$00000011          0x000001e4   Section        0  libinit2.o(.ARM.Collect$$libinit$$00000011)
    .ARM.Collect$$libinit$$00000013          0x000001e4   Section        0  libinit2.o(.ARM.Collect$$libinit$$00000013)
    .ARM.Collect$$libinit$$00000015          0x000001e4   Section        0  libinit2.o(.ARM.Collect$$libinit$$00000015)
    .ARM.Collect$$libinit$$00000017          0x000001e4   Section        0  libinit2.o(.ARM.Collect$$libinit$$00000017)
    .ARM.Collect$$libinit$$00000019          0x000001e4   Section        0  libinit2.o(.ARM.Collect$$libinit$$00000019)
    .ARM.Collect$$libinit$$0000001B          0x000001e4   Section        0  libinit2.o(.ARM.Collect$$libinit$$0000001B)
    .ARM.Collect$$libinit$$0000001D          0x000001e4   Section        0  libinit2.o(.ARM.Collect$$libinit$$0000001D)
    .ARM.Collect$$libinit$$0000001F          0x000001e4   Section        0  libinit2.o(.ARM.Collect$$libinit$$0000001F)
    .ARM.Collect$$libinit$$00000021          0x000001e4   Section        0  libinit2.o(.ARM.Collect$$libinit$$00000021)
    .ARM.Collect$$libinit$$00000023          0x000001e4   Section        0  libinit2.o(.ARM.Collect$$libinit$$00000023)
    .ARM.Collect$$libinit$$0000002A          0x000001e4   Section        0  libinit2.o(.ARM.Collect$$libinit$$0000002A)
    .ARM.Collect$$libinit$$0000002C          0x000001e4   Section        0  libinit2.o(.ARM.Collect$$libinit$$0000002C)
    .ARM.Collect$$libinit$$0000002E          0x000001e4   Section        0  libinit2.o(.ARM.Collect$$libinit$$0000002E)
    .ARM.Collect$$libinit$$00000030          0x000001e4   Section        0  libinit2.o(.ARM.Collect$$libinit$$00000030)
    .ARM.Collect$$libinit$$00000031          0x000001e4   Section        2  libinit2.o(.ARM.Collect$$libinit$$00000031)
    .ARM.Collect$$libshutdown$$00000000      0x000001e6   Section        2  libshutdown.o(.ARM.Collect$$libshutdown$$00000000)
    .ARM.Collect$$libshutdown$$00000003      0x000001e8   Section        0  libshutdown2.o(.ARM.Collect$$libshutdown$$00000003)
    .ARM.Collect$$libshutdown$$00000006      0x000001e8   Section        0  libshutdown2.o(.ARM.Collect$$libshutdown$$00000006)
    .ARM.Collect$$libshutdown$$00000009      0x000001e8   Section        0  libshutdown2.o(.ARM.Collect$$libshutdown$$00000009)
    .ARM.Collect$$libshutdown$$0000000B      0x000001e8   Section        0  libshutdown2.o(.ARM.Collect$$libshutdown$$0000000B)
    .ARM.Collect$$libshutdown$$0000000E      0x000001e8   Section        0  libshutdown2.o(.ARM.Collect$$libshutdown$$0000000E)
    .ARM.Collect$$libshutdown$$0000000F      0x000001e8   Section        2  libshutdown2.o(.ARM.Collect$$libshutdown$$0000000F)
    .ARM.Collect$$rtentry$$00000000          0x000001ea   Section        0  rtentry.o(.ARM.Collect$$rtentry$$00000000)
    .ARM.Collect$$rtentry$$00000002          0x000001ea   Section        0  rtentry2.o(.ARM.Collect$$rtentry$$00000002)
    .ARM.Collect$$rtentry$$00000004          0x000001ea   Section        6  rtentry4.o(.ARM.Collect$$rtentry$$00000004)
    .ARM.Collect$$rtentry$$00000009          0x000001f0   Section        0  rtentry2.o(.ARM.Collect$$rtentry$$00000009)
    .ARM.Collect$$rtentry$$0000000A          0x000001f0   Section        4  rtentry2.o(.ARM.Collect$$rtentry$$0000000A)
    .ARM.Collect$$rtentry$$0000000C          0x000001f4   Section        0  rtentry2.o(.ARM.Collect$$rtentry$$0000000C)
    .ARM.Collect$$rtentry$$0000000D          0x000001f4   Section        8  rtentry2.o(.ARM.Collect$$rtentry$$0000000D)
    .ARM.Collect$$rtexit$$00000000           0x000001fc   Section        2  rtexit.o(.ARM.Collect$$rtexit$$00000000)
    .ARM.Collect$$rtexit$$00000002           0x000001fe   Section        0  rtexit2.o(.ARM.Collect$$rtexit$$00000002)
    .ARM.Collect$$rtexit$$00000003           0x000001fe   Section        4  rtexit2.o(.ARM.Collect$$rtexit$$00000003)
    .ARM.Collect$$rtexit$$00000004           0x00000202   Section        6  rtexit2.o(.ARM.Collect$$rtexit$$00000004)
    .text                                    0x00000208   Section        0  arm_fft_bin_example_f32.o(.text)
    .text                                    0x00000270   Section        0  system_armcm4.o(.text)
    .text                                    0x00000298   Section       64  startup_armcm4.o(.text)
    $v0                                      0x00000298   Number         0  startup_armcm4.o(.text)
    .text                                    0x000002d8   Section        0  arm_cmplx_mag_f32.o(.text)
    .text                                    0x000003c8   Section        0  arm_cfft_f32.o(.text)
    .text                                    0x00000aa0   Section        0  arm_max_f32.o(.text)
    .text                                    0x00000b74   Section        0  arm_cfft_radix8_f32.o(.text)
    .text                                    0x00001050   Section        0  heapauxi.o(.text)
    .text                                    0x00001056   Section       74  sys_stackheap_outer.o(.text)
    .text                                    0x000010a0   Section        0  exit.o(.text)
    .text                                    0x000010ac   Section        8  libspace.o(.text)
    .text                                    0x000010b4   Section        0  sys_exit.o(.text)
    .text                                    0x000010c0   Section        2  use_no_semi.o(.text)
    .text                                    0x000010c2   Section        0  indicate_semi.o(.text)
    x$fpl$fpinit                             0x000010c2   Section       10  fpinit.o(x$fpl$fpinit)
    $v0                                      0x000010c2   Number         0  fpinit.o(x$fpl$fpinit)
    .constdata                               0x000010cc   Section      144  arm_fft_bin_example_f32.o(.constdata)
    .constdata                               0x0000115c   Section      128  arm_common_tables.o(.constdata)
    .constdata                               0x000011dc   Section      256  arm_common_tables.o(.constdata)
    .constdata                               0x000012dc   Section      512  arm_common_tables.o(.constdata)
    .constdata                               0x000014dc   Section     1024  arm_common_tables.o(.constdata)
    .constdata                               0x000018dc   Section     2048  arm_common_tables.o(.constdata)
    .constdata                               0x000020dc   Section     4096  arm_common_tables.o(.constdata)
    .constdata                               0x000030dc   Section     8192  arm_common_tables.o(.constdata)
    .constdata                               0x000050dc   Section    16384  arm_common_tables.o(.constdata)
    .constdata                               0x000090dc   Section    32768  arm_common_tables.o(.constdata)
    .constdata                               0x000110dc   Section       40  arm_common_tables.o(.constdata)
    .constdata                               0x00011104   Section       96  arm_common_tables.o(.constdata)
    .constdata                               0x00011164   Section      112  arm_common_tables.o(.constdata)
    .constdata                               0x000111d4   Section      416  arm_common_tables.o(.constdata)
    .constdata                               0x00011374   Section      880  arm_common_tables.o(.constdata)
    .constdata                               0x000116e4   Section      896  arm_common_tables.o(.constdata)
    .constdata                               0x00011a64   Section     3600  arm_common_tables.o(.constdata)
    .constdata                               0x00012874   Section     7616  arm_common_tables.o(.constdata)
    .constdata                               0x00014634   Section     8064  arm_common_tables.o(.constdata)
    .data                                    0x20000000   Section     8192  arm_fft_bin_data.o(.data)
    .data                                    0x20002000   Section       20  arm_fft_bin_example_f32.o(.data)
    .data                                    0x20002014   Section        4  system_armcm4.o(.data)
    .bss                                     0x20002018   Section     4096  arm_fft_bin_example_f32.o(.bss)
    testOutput                               0x20002018   Data        4096  arm_fft_bin_example_f32.o(.bss)
    .bss                                     0x20003018   Section       96  libspace.o(.bss)
    HEAP                                     0x20003078   Section     3072  startup_armcm4.o(HEAP)
    Heap_Mem                                 0x20003078   Data        3072  startup_armcm4.o(HEAP)
    STACK                                    0x20003c78   Section     1024  startup_armcm4.o(STACK)
    Stack_Mem                                0x20003c78   Data        1024  startup_armcm4.o(STACK)
    __initial_sp                             0x20004078   Data           0  startup_armcm4.o(STACK)

    Global Symbols

    Symbol Name                              Value     Ov Type        Size  Object(Section)

    BuildAttributes$$THM_ISAv4$E$P$D$K$B$S$7EM$VFPi3$EXTD16$VFPS$VFMA$PE$A:L22UL41UL21$X:L11$S22US41US21$IEEE1$IW$USESV6$~STKCKD$USESV7$~SHL$OTIME$ROPI$EBA8$UX$STANDARDLIB$REQ8$PRES8$EABIv2 0x00000000   Number         0  anon$$obj.o ABSOLUTE
    __ARM_use_no_argv                        0x00000000   Number         0  arm_fft_bin_example_f32.o ABSOLUTE
    __Vectors                                0x00000000   Data           4  startup_armcm4.o(RESET)
    __ARM_exceptions_init                     - Undefined Weak Reference
    __alloca_initialize                       - Undefined Weak Reference
    __cpp_initialize__aeabi_                  - Undefined Weak Reference
    __cxa_finalize                            - Undefined Weak Reference
    __rt_locale                               - Undefined Weak Reference
    __sigvec_lookup                           - Undefined Weak Reference
    _atexit_init                              - Undefined Weak Reference
    _call_atexit_fns                          - Undefined Weak Reference
    _clock_init                               - Undefined Weak Reference
    _fp_trap_init                             - Undefined Weak Reference
    _fp_trap_shutdown                         - Undefined Weak Reference
    _get_lc_collate                           - Undefined Weak Reference
    _get_lc_ctype                             - Undefined Weak Reference
    _get_lc_monetary                          - Undefined Weak Reference
    _get_lc_numeric                           - Undefined Weak Reference
    _get_lc_time                              - Undefined Weak Reference
    _getenv_init                              - Undefined Weak Reference
    _handle_redirection                       - Undefined Weak Reference
    _init_alloc                               - Undefined Weak Reference
    _init_user_alloc                          - Undefined Weak Reference
    _initio                                   - Undefined Weak Reference
    _rand_init                                - Undefined Weak Reference
    _signal_finish                            - Undefined Weak Reference
    _signal_init                              - Undefined Weak Reference
    _terminate_alloc                          - Undefined Weak Reference
    _terminate_user_alloc                     - Undefined Weak Reference
    _terminateio                              - Undefined Weak Reference
    __Vectors_End                            0x000000c0   Data           0  startup_armcm4.o(RESET)
    __Vectors_Size                           0x000000c0   Number         0  startup_armcm4.o ABSOLUTE
    __main                                   0x000000c1   Thumb Code     8  __main.o(!!!main)
    __scatterload                            0x000000c9   Thumb Code     0  __scatter.o(!!!scatter)
    __scatterload_rt2                        0x000000c9   Thumb Code    44  __scatter.o(!!!scatter)
    __scatterload_rt2_thumb_only             0x000000c9   Thumb Code     0  __scatter.o(!!!scatter)
    __scatterload_null                       0x000000d7   Thumb Code     0  __scatter.o(!!!scatter)
    __decompress                             0x000000fd   Thumb Code    90  __dczerorl2.o(!!dczerorl2)
    __decompress1                            0x000000fd   Thumb Code     0  __dczerorl2.o(!!dczerorl2)
    __scatterload_zeroinit                   0x00000159   Thumb Code    28  __scatter_zi.o(!!handler_zi)
    arm_bitreversal_32                       0x00000175   Thumb Code   106  arm_bitreversal2.o(. text)
    __rt_lib_init                            0x000001df   Thumb Code     0  libinit.o(.ARM.Collect$$libinit$$00000000)
    __rt_lib_init_fp_1                       0x000001e1   Thumb Code     0  libinit2.o(.ARM.Collect$$libinit$$00000001)
    __rt_lib_init_alloca_1                   0x000001e5   Thumb Code     0  libinit2.o(.ARM.Collect$$libinit$$0000002C)
    __rt_lib_init_argv_1                     0x000001e5   Thumb Code     0  libinit2.o(.ARM.Collect$$libinit$$0000002A)
    __rt_lib_init_atexit_1                   0x000001e5   Thumb Code     0  libinit2.o(.ARM.Collect$$libinit$$00000019)
    __rt_lib_init_clock_1                    0x000001e5   Thumb Code     0  libinit2.o(.ARM.Collect$$libinit$$0000001F)
    __rt_lib_init_cpp_1                      0x000001e5   Thumb Code     0  libinit2.o(.ARM.Collect$$libinit$$00000030)
    __rt_lib_init_exceptions_1               0x000001e5   Thumb Code     0  libinit2.o(.ARM.Collect$$libinit$$0000002E)
    __rt_lib_init_fp_trap_1                  0x000001e5   Thumb Code     0  libinit2.o(.ARM.Collect$$libinit$$0000001D)
    __rt_lib_init_getenv_1                   0x000001e5   Thumb Code     0  libinit2.o(.ARM.Collect$$libinit$$00000021)
    __rt_lib_init_heap_1                     0x000001e5   Thumb Code     0  libinit2.o(.ARM.Collect$$libinit$$00000008)
    __rt_lib_init_lc_collate_1               0x000001e5   Thumb Code     0  libinit2.o(.ARM.Collect$$libinit$$0000000F)
    __rt_lib_init_lc_ctype_1                 0x000001e5   Thumb Code     0  libinit2.o(.ARM.Collect$$libinit$$00000011)
    __rt_lib_init_lc_monetary_1              0x000001e5   Thumb Code     0  libinit2.o(.ARM.Collect$$libinit$$00000013)
    __rt_lib_init_lc_numeric_1               0x000001e5   Thumb Code     0  libinit2.o(.ARM.Collect$$libinit$$00000015)
    __rt_lib_init_lc_time_1                  0x000001e5   Thumb Code     0  libinit2.o(.ARM.Collect$$libinit$$00000017)
    __rt_lib_init_rand_1                     0x000001e5   Thumb Code     0  libinit2.o(.ARM.Collect$$libinit$$0000000C)
    __rt_lib_init_return                     0x000001e5   Thumb Code     0  libinit2.o(.ARM.Collect$$libinit$$00000031)
    __rt_lib_init_signal_1                   0x000001e5   Thumb Code     0  libinit2.o(.ARM.Collect$$libinit$$0000001B)
    __rt_lib_init_stdio_1                    0x000001e5   Thumb Code     0  libinit2.o(.ARM.Collect$$libinit$$00000023)
    __rt_lib_init_user_alloc_1               0x000001e5   Thumb Code     0  libinit2.o(.ARM.Collect$$libinit$$0000000A)
    __rt_lib_shutdown                        0x000001e7   Thumb Code     0  libshutdown.o(.ARM.Collect$$libshutdown$$00000000)
    __rt_lib_shutdown_fp_trap_1              0x000001e9   Thumb Code     0  libshutdown2.o(.ARM.Collect$$libshutdown$$00000006)
    __rt_lib_shutdown_heap_1                 0x000001e9   Thumb Code     0  libshutdown2.o(.ARM.Collect$$libshutdown$$0000000E)
    __rt_lib_shutdown_return                 0x000001e9   Thumb Code     0  libshutdown2.o(.ARM.Collect$$libshutdown$$0000000F)
    __rt_lib_shutdown_signal_1               0x000001e9   Thumb Code     0  libshutdown2.o(.ARM.Collect$$libshutdown$$00000009)
    __rt_lib_shutdown_stdio_1                0x000001e9   Thumb Code     0  libshutdown2.o(.ARM.Collect$$libshutdown$$00000003)
    __rt_lib_shutdown_user_alloc_1           0x000001e9   Thumb Code     0  libshutdown2.o(.ARM.Collect$$libshutdown$$0000000B)
    __rt_entry                               0x000001eb   Thumb Code     0  rtentry.o(.ARM.Collect$$rtentry$$00000000)
    __rt_entry_presh_1                       0x000001eb   Thumb Code     0  rtentry2.o(.ARM.Collect$$rtentry$$00000002)
    __rt_entry_sh                            0x000001eb   Thumb Code     0  rtentry4.o(.ARM.Collect$$rtentry$$00000004)
    __rt_entry_li                            0x000001f1   Thumb Code     0  rtentry2.o(.ARM.Collect$$rtentry$$0000000A)
    __rt_entry_postsh_1                      0x000001f1   Thumb Code     0  rtentry2.o(.ARM.Collect$$rtentry$$00000009)
    __rt_entry_main                          0x000001f5   Thumb Code     0  rtentry2.o(.ARM.Collect$$rtentry$$0000000D)
    __rt_entry_postli_1                      0x000001f5   Thumb Code     0  rtentry2.o(.ARM.Collect$$rtentry$$0000000C)
    __rt_exit                                0x000001fd   Thumb Code     0  rtexit.o(.ARM.Collect$$rtexit$$00000000)
    __rt_exit_ls                             0x000001ff   Thumb Code     0  rtexit2.o(.ARM.Collect$$rtexit$$00000003)
    __rt_exit_prels_1                        0x000001ff   Thumb Code     0  rtexit2.o(.ARM.Collect$$rtexit$$00000002)
    __rt_exit_exit                           0x00000203   Thumb Code     0  rtexit2.o(.ARM.Collect$$rtexit$$00000004)
    main                                     0x00000209   Thumb Code    70  arm_fft_bin_example_f32.o(.text)
    SystemCoreClockUpdate                    0x00000271   Thumb Code     8  system_armcm4.o(.text)
    SystemInit                               0x00000279   Thumb Code    20  system_armcm4.o(.text)
    Reset_Handler                            0x00000299   Thumb Code     8  startup_armcm4.o(.text)
    NMI_Handler                              0x000002a1   Thumb Code     2  startup_armcm4.o(.text)
    HardFault_Handler                        0x000002a3   Thumb Code     2  startup_armcm4.o(.text)
    MemManage_Handler                        0x000002a5   Thumb Code     2  startup_armcm4.o(.text)
    BusFault_Handler                         0x000002a7   Thumb Code     2  startup_armcm4.o(.text)
    UsageFault_Handler                       0x000002a9   Thumb Code     2  startup_armcm4.o(.text)
    SVC_Handler                              0x000002ab   Thumb Code     2  startup_armcm4.o(.text)
    DebugMon_Handler                         0x000002ad   Thumb Code     2  startup_armcm4.o(.text)
    PendSV_Handler                           0x000002af   Thumb Code     2  startup_armcm4.o(.text)
    SysTick_Handler                          0x000002b1   Thumb Code     2  startup_armcm4.o(.text)
    AACI_IRQHandler                          0x000002b3   Thumb Code     0  startup_armcm4.o(.text)
    CAN_IRQHandler                           0x000002b3   Thumb Code     0  startup_armcm4.o(.text)
    CHLCD_IRQHandler                         0x000002b3   Thumb Code     0  startup_armcm4.o(.text)
    CLCD_IRQHandler                          0x000002b3   Thumb Code     0  startup_armcm4.o(.text)
    CPU_CLCD_IRQHandler                      0x000002b3   Thumb Code     0  startup_armcm4.o(.text)
    ENET_IRQHandler                          0x000002b3   Thumb Code     0  startup_armcm4.o(.text)
    FLEXRAY_IRQHandler                       0x000002b3   Thumb Code     0  startup_armcm4.o(.text)
    I2C_IRQHandler                           0x000002b3   Thumb Code     0  startup_armcm4.o(.text)
    LIN_IRQHandler                           0x000002b3   Thumb Code     0  startup_armcm4.o(.text)
    MCIA_IRQHandler                          0x000002b3   Thumb Code     0  startup_armcm4.o(.text)
    MCIB_IRQHandler                          0x000002b3   Thumb Code     0  startup_armcm4.o(.text)
    RTC_IRQHandler                           0x000002b3   Thumb Code     0  startup_armcm4.o(.text)
    SPI_IRQHandler                           0x000002b3   Thumb Code     0  startup_armcm4.o(.text)
    TIM0_IRQHandler                          0x000002b3   Thumb Code     0  startup_armcm4.o(.text)
    TIM2_IRQHandler                          0x000002b3   Thumb Code     0  startup_armcm4.o(.text)
    UART0_IRQHandler                         0x000002b3   Thumb Code     0  startup_armcm4.o(.text)
    UART1_IRQHandler                         0x000002b3   Thumb Code     0  startup_armcm4.o(.text)
    UART2_IRQHandler                         0x000002b3   Thumb Code     0  startup_armcm4.o(.text)
    UART3_IRQHandler                         0x000002b3   Thumb Code     0  startup_armcm4.o(.text)
    UART4_IRQHandler                         0x000002b3   Thumb Code     0  startup_armcm4.o(.text)
    USBDC_IRQHandler                         0x000002b3   Thumb Code     0  startup_armcm4.o(.text)
    USBHC_IRQHandler                         0x000002b3   Thumb Code     0  startup_armcm4.o(.text)
    WDT_IRQHandler                           0x000002b3   Thumb Code     0  startup_armcm4.o(.text)
    __user_initial_stackheap                 0x000002b5   Thumb Code    10  startup_armcm4.o(.text)
    arm_cmplx_mag_f32                        0x000002d9   Thumb Code   236  arm_cmplx_mag_f32.o(.text)
    arm_cfft_radix8by2_f32                   0x000003c9   Thumb Code   388  arm_cfft_f32.o(.text)
    arm_cfft_radix8by4_f32                   0x0000054d   Thumb Code  1042  arm_cfft_f32.o(.text)
    arm_cfft_f32                             0x0000095f   Thumb Code   320  arm_cfft_f32.o(.text)
    arm_max_f32                              0x00000aa1   Thumb Code   212  arm_max_f32.o(.text)
    arm_radix8_butterfly_f32                 0x00000b75   Thumb Code  1244  arm_cfft_radix8_f32.o(.text)
    __use_two_region_memory                  0x00001051   Thumb Code     2  heapauxi.o(.text)
    __rt_heap_escrow$2region                 0x00001053   Thumb Code     2  heapauxi.o(.text)
    __rt_heap_expand$2region                 0x00001055   Thumb Code     2  heapauxi.o(.text)
    __user_setup_stackheap                   0x00001057   Thumb Code    74  sys_stackheap_outer.o(.text)
    exit                                     0x000010a1   Thumb Code    12  exit.o(.text)
    __user_libspace                          0x000010ad   Thumb Code     8  libspace.o(.text)
    __user_perproc_libspace                  0x000010ad   Thumb Code     0  libspace.o(.text)
    __user_perthread_libspace                0x000010ad   Thumb Code     0  libspace.o(.text)
    _sys_exit                                0x000010b5   Thumb Code     8  sys_exit.o(.text)
    __I$use$semihosting                      0x000010c1   Thumb Code     0  use_no_semi.o(.text)
    __use_no_semihosting_swi                 0x000010c1   Thumb Code     2  use_no_semi.o(.text)
    __semihosting_library_function           0x000010c3   Thumb Code     0  indicate_semi.o(.text)
    _fp_init                                 0x000010c3   Thumb Code    10  fpinit.o(x$fpl$fpinit)
    __fplib_config_fpu_vfp                   0x000010cb   Thumb Code     0  fpinit.o(x$fpl$fpinit)
    __fplib_config_pureend_doubles           0x000010cb   Thumb Code     0  fpinit.o(x$fpl$fpinit)
    arm_cfft_sR_f32_len16                    0x000010cc   Data          16  arm_fft_bin_example_f32.o(.constdata)
    arm_cfft_sR_f32_len32                    0x000010dc   Data          16  arm_fft_bin_example_f32.o(.constdata)
    arm_cfft_sR_f32_len64                    0x000010ec   Data          16  arm_fft_bin_example_f32.o(.constdata)
    arm_cfft_sR_f32_len128                   0x000010fc   Data          16  arm_fft_bin_example_f32.o(.constdata)
    arm_cfft_sR_f32_len256                   0x0000110c   Data          16  arm_fft_bin_example_f32.o(.constdata)
    arm_cfft_sR_f32_len512                   0x0000111c   Data          16  arm_fft_bin_example_f32.o(.constdata)
    arm_cfft_sR_f32_len1024                  0x0000112c   Data          16  arm_fft_bin_example_f32.o(.constdata)
    arm_cfft_sR_f32_len2048                  0x0000113c   Data          16  arm_fft_bin_example_f32.o(.constdata)
    arm_cfft_sR_f32_len4096                  0x0000114c   Data          16  arm_fft_bin_example_f32.o(.constdata)
    twiddleCoef_16                           0x0000115c   Data         128  arm_common_tables.o(.constdata)
    twiddleCoef_32                           0x000011dc   Data         256  arm_common_tables.o(.constdata)
    twiddleCoef_64                           0x000012dc   Data         512  arm_common_tables.o(.constdata)
    twiddleCoef_128                          0x000014dc   Data        1024  arm_common_tables.o(.constdata)
    twiddleCoef_256                          0x000018dc   Data        2048  arm_common_tables.o(.constdata)
    twiddleCoef_512                          0x000020dc   Data        4096  arm_common_tables.o(.constdata)
    twiddleCoef_1024                         0x000030dc   Data        8192  arm_common_tables.o(.constdata)
    twiddleCoef_2048                         0x000050dc   Data       16384  arm_common_tables.o(.constdata)
    twiddleCoef_4096                         0x000090dc   Data       32768  arm_common_tables.o(.constdata)
    armBitRevIndexTable16                    0x000110dc   Data          40  arm_common_tables.o(.constdata)
    armBitRevIndexTable32                    0x00011104   Data          96  arm_common_tables.o(.constdata)
    armBitRevIndexTable64                    0x00011164   Data         112  arm_common_tables.o(.constdata)
    armBitRevIndexTable128                   0x000111d4   Data         416  arm_common_tables.o(.constdata)
    armBitRevIndexTable256                   0x00011374   Data         880  arm_common_tables.o(.constdata)
    armBitRevIndexTable512                   0x000116e4   Data         896  arm_common_tables.o(.constdata)
    armBitRevIndexTable1024                  0x00011a64   Data        3600  arm_common_tables.o(.constdata)
    armBitRevIndexTable2048                  0x00012874   Data        7616  arm_common_tables.o(.constdata)
    armBitRevIndexTable4096                  0x00014634   Data        8064  arm_common_tables.o(.constdata)
    Region$$Table$$Base                      0x000165b4   Number         0  anon$$obj.o(Region$$Table)
    Region$$Table$$Limit                     0x000165d4   Number         0  anon$$obj.o(Region$$Table)
    testInput_f32_10khz                      0x20000000   Data        8192  arm_fft_bin_data.o(.data)
    fftSize                                  0x20002000   Data           4  arm_fft_bin_example_f32.o(.data)
    ifftFlag                                 0x20002004   Data           4  arm_fft_bin_example_f32.o(.data)
    doBitReverse                             0x20002008   Data           4  arm_fft_bin_example_f32.o(.data)
    refIndex                                 0x2000200c   Data           4  arm_fft_bin_example_f32.o(.data)
    testIndex                                0x20002010   Data           4  arm_fft_bin_example_f32.o(.data)
    SystemCoreClock                          0x20002014   Data           4  system_armcm4.o(.data)
    __libspace_start                         0x20003018   Data          96  libspace.o(.bss)
    __temporary_stack_top$libspace           0x20003078   Data           0  libspace.o(.bss)



==============================================================================

Memory Map of the image

  Image Entry point : 0x00000299

  Load Region LR_1 (Base: 0x00000000, Size: 0x000185ec, Max: 0xffffffff, ABSOLUTE, COMPRESSED[0x000179b4])

    Execution Region ER_RO (Base: 0x00000000, Size: 0x000165d4, Max: 0xffffffff, ABSOLUTE)

    Base Addr    Size         Type   Attr      Idx    E Section Name        Object

    0x00000000   0x000000c0   Data   RO          114    RESET               startup_armcm4.o
    0x000000c0   0x00000008   Code   RO          287  * !!!main             c_w.l(__main.o)
    0x000000c8   0x00000034   Code   RO          443    !!!scatter          c_w.l(__scatter.o)
    0x000000fc   0x0000005a   Code   RO          441    !!dczerorl2         c_w.l(__dczerorl2.o)
    0x00000156   0x00000002   PAD
    0x00000158   0x0000001c   Code   RO          445    !!handler_zi        c_w.l(__scatter_zi.o)
    0x00000174   0x0000006a   Code   RO          259    . text              arm_cortexM4lf_math.lib(arm_bitreversal2.o)
    0x000001de   0x00000002   Code   RO          314    .ARM.Collect$$libinit$$00000000  c_w.l(libinit.o)
    0x000001e0   0x00000004   Code   RO          320    .ARM.Collect$$libinit$$00000001  c_w.l(libinit2.o)
    0x000001e4   0x00000000   Code   RO          324    .ARM.Collect$$libinit$$00000008  c_w.l(libinit2.o)
    0x000001e4   0x00000000   Code   RO          326    .ARM.Collect$$libinit$$0000000A  c_w.l(libinit2.o)
    0x000001e4   0x00000000   Code   RO          328    .ARM.Collect$$libinit$$0000000C  c_w.l(libinit2.o)
    0x000001e4   0x00000000   Code   RO          331    .ARM.Collect$$libinit$$0000000F  c_w.l(libinit2.o)
    0x000001e4   0x00000000   Code   RO          333    .ARM.Collect$$libinit$$00000011  c_w.l(libinit2.o)
    0x000001e4   0x00000000   Code   RO          335    .ARM.Collect$$libinit$$00000013  c_w.l(libinit2.o)
    0x000001e4   0x00000000   Code   RO          337    .ARM.Collect$$libinit$$00000015  c_w.l(libinit2.o)
    0x000001e4   0x00000000   Code   RO          339    .ARM.Collect$$libinit$$00000017  c_w.l(libinit2.o)
    0x000001e4   0x00000000   Code   RO          341    .ARM.Collect$$libinit$$00000019  c_w.l(libinit2.o)
    0x000001e4   0x00000000   Code   RO          343    .ARM.Collect$$libinit$$0000001B  c_w.l(libinit2.o)
    0x000001e4   0x00000000   Code   RO          345    .ARM.Collect$$libinit$$0000001D  c_w.l(libinit2.o)
    0x000001e4   0x00000000   Code   RO          347    .ARM.Collect$$libinit$$0000001F  c_w.l(libinit2.o)
    0x000001e4   0x00000000   Code   RO          349    .ARM.Collect$$libinit$$00000021  c_w.l(libinit2.o)
    0x000001e4   0x00000000   Code   RO          351    .ARM.Collect$$libinit$$00000023  c_w.l(libinit2.o)
    0x000001e4   0x00000000   Code   RO          355    .ARM.Collect$$libinit$$0000002A  c_w.l(libinit2.o)
    0x000001e4   0x00000000   Code   RO          357    .ARM.Collect$$libinit$$0000002C  c_w.l(libinit2.o)
    0x000001e4   0x00000000   Code   RO          359    .ARM.Collect$$libinit$$0000002E  c_w.l(libinit2.o)
    0x000001e4   0x00000000   Code   RO          361    .ARM.Collect$$libinit$$00000030  c_w.l(libinit2.o)
    0x000001e4   0x00000002   Code   RO          362    .ARM.Collect$$libinit$$00000031  c_w.l(libinit2.o)
    0x000001e6   0x00000002   Code   RO          382    .ARM.Collect$$libshutdown$$00000000  c_w.l(libshutdown.o)
    0x000001e8   0x00000000   Code   RO          396    .ARM.Collect$$libshutdown$$00000003  c_w.l(libshutdown2.o)
    0x000001e8   0x00000000   Code   RO          399    .ARM.Collect$$libshutdown$$00000006  c_w.l(libshutdown2.o)
    0x000001e8   0x00000000   Code   RO          402    .ARM.Collect$$libshutdown$$00000009  c_w.l(libshutdown2.o)
    0x000001e8   0x00000000   Code   RO          404    .ARM.Collect$$libshutdown$$0000000B  c_w.l(libshutdown2.o)
    0x000001e8   0x00000000   Code   RO          407    .ARM.Collect$$libshutdown$$0000000E  c_w.l(libshutdown2.o)
    0x000001e8   0x00000002   Code   RO          408    .ARM.Collect$$libshutdown$$0000000F  c_w.l(libshutdown2.o)
    0x000001ea   0x00000000   Code   RO          289    .ARM.Collect$$rtentry$$00000000  c_w.l(rtentry.o)
    0x000001ea   0x00000000   Code   RO          291    .ARM.Collect$$rtentry$$00000002  c_w.l(rtentry2.o)
    0x000001ea   0x00000006   Code   RO          303    .ARM.Collect$$rtentry$$00000004  c_w.l(rtentry4.o)
    0x000001f0   0x00000000   Code   RO          293    .ARM.Collect$$rtentry$$00000009  c_w.l(rtentry2.o)
    0x000001f0   0x00000004   Code   RO          294    .ARM.Collect$$rtentry$$0000000A  c_w.l(rtentry2.o)
    0x000001f4   0x00000000   Code   RO          296    .ARM.Collect$$rtentry$$0000000C  c_w.l(rtentry2.o)
    0x000001f4   0x00000008   Code   RO          297    .ARM.Collect$$rtentry$$0000000D  c_w.l(rtentry2.o)
    0x000001fc   0x00000002   Code   RO          318    .ARM.Collect$$rtexit$$00000000  c_w.l(rtexit.o)
    0x000001fe   0x00000000   Code   RO          364    .ARM.Collect$$rtexit$$00000002  c_w.l(rtexit2.o)
    0x000001fe   0x00000004   Code   RO          365    .ARM.Collect$$rtexit$$00000003  c_w.l(rtexit2.o)
    0x00000202   0x00000006   Code   RO          366    .ARM.Collect$$rtexit$$00000004  c_w.l(rtexit2.o)
    0x00000208   0x00000068   Code   RO           48    .text               arm_fft_bin_example_f32.o
    0x00000270   0x00000028   Code   RO           81    .text               system_armcm4.o
    0x00000298   0x00000040   Code   RO          115  * .text               startup_armcm4.o
    0x000002d8   0x000000f0   Code   RO          121    .text               arm_cortexM4lf_math.lib(arm_cmplx_mag_f32.o)
    0x000003c8   0x000006d6   Code   RO          166    .text               arm_cortexM4lf_math.lib(arm_cfft_f32.o)
    0x00000a9e   0x00000002   PAD
    0x00000aa0   0x000000d4   Code   RO          190    .text               arm_cortexM4lf_math.lib(arm_max_f32.o)
    0x00000b74   0x000004dc   Code   RO          265    .text               arm_cortexM4lf_math.lib(arm_cfft_radix8_f32.o)
    0x00001050   0x00000006   Code   RO          285    .text               c_w.l(heapauxi.o)
    0x00001056   0x0000004a   Code   RO          305    .text               c_w.l(sys_stackheap_outer.o)
    0x000010a0   0x0000000c   Code   RO          307    .text               c_w.l(exit.o)
    0x000010ac   0x00000008   Code   RO          315    .text               c_w.l(libspace.o)
    0x000010b4   0x0000000c   Code   RO          374    .text               c_w.l(sys_exit.o)
    0x000010c0   0x00000002   Code   RO          385    .text               c_w.l(use_no_semi.o)
    0x000010c2   0x00000000   Code   RO          387    .text               c_w.l(indicate_semi.o)
    0x000010c2   0x0000000a   Code   RO          372    x$fpl$fpinit        fz_wm.l(fpinit.o)
    0x000010cc   0x00000090   Data   RO           50    .constdata          arm_fft_bin_example_f32.o
    0x0000115c   0x00000080   Data   RO          211    .constdata          arm_cortexM4lf_math.lib(arm_common_tables.o)
    0x000011dc   0x00000100   Data   RO          212    .constdata          arm_cortexM4lf_math.lib(arm_common_tables.o)
    0x000012dc   0x00000200   Data   RO          213    .constdata          arm_cortexM4lf_math.lib(arm_common_tables.o)
    0x000014dc   0x00000400   Data   RO          214    .constdata          arm_cortexM4lf_math.lib(arm_common_tables.o)
    0x000018dc   0x00000800   Data   RO          215    .constdata          arm_cortexM4lf_math.lib(arm_common_tables.o)
    0x000020dc   0x00001000   Data   RO          216    .constdata          arm_cortexM4lf_math.lib(arm_common_tables.o)
    0x000030dc   0x00002000   Data   RO          217    .constdata          arm_cortexM4lf_math.lib(arm_common_tables.o)
    0x000050dc   0x00004000   Data   RO          218    .constdata          arm_cortexM4lf_math.lib(arm_common_tables.o)
    0x000090dc   0x00008000   Data   RO          219    .constdata          arm_cortexM4lf_math.lib(arm_common_tables.o)
    0x000110dc   0x00000028   Data   RO          224    .constdata          arm_cortexM4lf_math.lib(arm_common_tables.o)
    0x00011104   0x00000060   Data   RO          225    .constdata          arm_cortexM4lf_math.lib(arm_common_tables.o)
    0x00011164   0x00000070   Data   RO          226    .constdata          arm_cortexM4lf_math.lib(arm_common_tables.o)
    0x000111d4   0x000001a0   Data   RO          227    .constdata          arm_cortexM4lf_math.lib(arm_common_tables.o)
    0x00011374   0x00000370   Data   RO          228    .constdata          arm_cortexM4lf_math.lib(arm_common_tables.o)
    0x000116e4   0x00000380   Data   RO          229    .constdata          arm_cortexM4lf_math.lib(arm_common_tables.o)
    0x00011a64   0x00000e10   Data   RO          230    .constdata          arm_cortexM4lf_math.lib(arm_common_tables.o)
    0x00012874   0x00001dc0   Data   RO          231    .constdata          arm_cortexM4lf_math.lib(arm_common_tables.o)
    0x00014634   0x00001f80   Data   RO          232    .constdata          arm_cortexM4lf_math.lib(arm_common_tables.o)
    0x000165b4   0x00000020   Data   RO          439    Region$$Table       anon$$obj.o


    Execution Region ER_RW (Base: 0x20000000, Size: 0x00002018, Max: 0xffffffff, ABSOLUTE, COMPRESSED[0x000013e0])

    Base Addr    Size         Type   Attr      Idx    E Section Name        Object

    0x20000000   0x00002000   Data   RW            3    .data               arm_fft_bin_data.o
    0x20002000   0x00000014   Data   RW           51    .data               arm_fft_bin_example_f32.o
    0x20002014   0x00000004   Data   RW           82    .data               system_armcm4.o


    Execution Region ER_ZI (Base: 0x20002018, Size: 0x00002060, Max: 0xffffffff, ABSOLUTE)

    Base Addr    Size         Type   Attr      Idx    E Section Name        Object

    0x20002018   0x00001000   Zero   RW           49    .bss                arm_fft_bin_example_f32.o
    0x20003018   0x00000060   Zero   RW          316    .bss                c_w.l(libspace.o)
    0x20003078   0x00000c00   Zero   RW          113    HEAP                startup_armcm4.o
    0x20003c78   0x00000400   Zero   RW          112    STACK               startup_armcm4.o


==============================================================================

Image component sizes


      Code (inc. data)   RO Data    RW Data    ZI Data      Debug   Object Name

         0          0          0       8192          0      17162   arm_fft_bin_data.o
       104         34        144         20       4096       2255   arm_fft_bin_example_f32.o
        64         26        192          0       4096        856   startup_armcm4.o
        40         12          0          4          0        793   system_armcm4.o

    ----------------------------------------------------------------------
       208         72        368       8216       8192      21066   Object Totals
         0          0         32          0          0          0   (incl. Generated)
         0          0          0          0          0          0   (incl. Padding)

    ----------------------------------------------------------------------

      Code (inc. data)   RO Data    RW Data    ZI Data      Debug   Library Member Name

       106          0          0          0          0        420   arm_bitreversal2.o
      1750          0          0          0          0       3469   arm_cfft_f32.o
      1244          4          0          0          0       2339   arm_cfft_radix8_f32.o
       240          4          0          0          0      16312   arm_cmplx_mag_f32.o
         0          0      87128          0          0       2517   arm_common_tables.o
       212          0          0          0          0       1238   arm_max_f32.o
        90          0          0          0          0          0   __dczerorl2.o
         8          0          0          0          0         68   __main.o
        52          8          0          0          0          0   __scatter.o
        28          0          0          0          0          0   __scatter_zi.o
        12          0          0          0          0         72   exit.o
         6          0          0          0          0        152   heapauxi.o
         0          0          0          0          0          0   indicate_semi.o
         2          0          0          0          0          0   libinit.o
         6          0          0          0          0          0   libinit2.o
         2          0          0          0          0          0   libshutdown.o
         2          0          0          0          0          0   libshutdown2.o
         8          4          0          0         96         68   libspace.o
         0          0          0          0          0          0   rtentry.o
        12          0          0          0          0          0   rtentry2.o
         6          0          0          0          0          0   rtentry4.o
         2          0          0          0          0          0   rtexit.o
        10          0          0          0          0          0   rtexit2.o
        12          4          0          0          0         68   sys_exit.o
        74          0          0          0          0         80   sys_stackheap_outer.o
         2          0          0          0          0         68   use_no_semi.o
        10          0          0          0          0        116   fpinit.o

    ----------------------------------------------------------------------
      3900         24      87128          0         96      26987   Library Totals
         4          0          0          0          0          0   (incl. Padding)

    ----------------------------------------------------------------------

      Code (inc. data)   RO Data    RW Data    ZI Data      Debug   Library Name

      3552          8      87128          0          0      26295   arm_cortexM4lf_math.lib
       334         16          0          0         96        576   c_w.l
        10          0          0          0          0        116   fz_wm.l

    ----------------------------------------------------------------------
      3900         24      87128          0         96      26987   Library Totals

    ----------------------------------------------------------------------

==============================================================================


      Code (inc. data)   RO Data    RW Data    ZI Data      Debug   

      4108         96      87496       8216       8288      47293   Grand Totals
      4108         96      87496       5088       8288      47293   ELF Image Totals (compressed)
      4108         96      87496       5088          0          0   ROM Totals

==============================================================================

    Total RO  Size (Code + RO Data)                91604 (  89.46kB)
    Total RW  Size (RW Data + ZI Data)             16504 (  16.12kB)
    Total ROM Size (Code + RO Data + RW Data)      96692 (  94.43kB)

==============================================================================

