ARM Linker, 5.03 [Build 76] [MDK-ARM Professional]

==============================================================================

Section Cross References

    arm_fir_example_f32.o(.text) refers to arm_fir_init_f32.o(.text) for arm_fir_init_f32
    arm_fir_example_f32.o(.text) refers to arm_fir_f32.o(.text) for arm_fir_f32
    arm_fir_example_f32.o(.text) refers to math_helper.o(.text) for arm_snr_f32
    arm_fir_example_f32.o(.text) refers to fleqf.o(x$fpl$fleqf) for __aeabi_cfcmple
    arm_fir_example_f32.o(.text) refers to arm_fir_data.o(.data) for testInput_f32_1kHz_15kHz
    arm_fir_example_f32.o(.text) refers to arm_fir_example_f32.o(.bss) for testOutput
    arm_fir_example_f32.o(.text) refers to arm_fir_example_f32.o(.data) for blockSize
    arm_fir_example_f32.o(.text) refers to arm_fir_example_f32.o(.constdata) for firCoeffs32
    math_helper.o(.text) refers to fmul.o(x$fpl$fmul) for __aeabi_fmul
    math_helper.o(.text) refers to faddsub_clz.o(x$fpl$fadd) for __aeabi_fadd
    math_helper.o(.text) refers to faddsub_clz.o(x$fpl$fsub) for __aeabi_fsub
    math_helper.o(.text) refers to fdiv.o(x$fpl$fdiv) for __aeabi_fdiv
    math_helper.o(.text) refers to f2d.o(x$fpl$f2d) for __aeabi_f2d
    math_helper.o(.text) refers to log10.o(i.log10) for log10
    math_helper.o(.text) refers to dmul.o(x$fpl$dmul) for __aeabi_dmul
    math_helper.o(.text) refers to d2f.o(x$fpl$d2f) for __aeabi_d2f
    math_helper.o(.text) refers to ffix.o(x$fpl$ffix) for __aeabi_f2iz
    math_helper.o(.text) refers to frleqf.o(x$fpl$frleqf) for __aeabi_cfrcmple
    math_helper.o(.text) refers to dflt_clz.o(x$fpl$dflt) for __aeabi_i2d
    math_helper.o(.text) refers to daddsub_clz.o(x$fpl$dadd) for __aeabi_dadd
    math_helper.o(.text) refers to dfix.o(x$fpl$dfix) for __aeabi_d2iz
    math_helper.o(.text) refers to feqf.o(x$fpl$feqf) for __aeabi_cfcmpeq
    math_helper.o(.text) refers to fflt_clz.o(x$fpl$ffltu) for __aeabi_ui2f
    math_helper.o(.text) refers to fleqf.o(x$fpl$fleqf) for __aeabi_cfcmple
    startup_armcm3.o(STACK) refers (Special) to heapauxi.o(.text) for __use_two_region_memory
    startup_armcm3.o(HEAP) refers (Special) to heapauxi.o(.text) for __use_two_region_memory
    startup_armcm3.o(RESET) refers (Special) to heapauxi.o(.text) for __use_two_region_memory
    startup_armcm3.o(RESET) refers to startup_armcm3.o(STACK) for __initial_sp
    startup_armcm3.o(RESET) refers to startup_armcm3.o(.text) for Reset_Handler
    startup_armcm3.o(.text) refers (Special) to heapauxi.o(.text) for __use_two_region_memory
    startup_armcm3.o(.text) refers to system_armcm3.o(.text) for SystemInit
    startup_armcm3.o(.text) refers to __main.o(!!!main) for __main
    startup_armcm3.o(.text) refers to startup_armcm3.o(HEAP) for Heap_Mem
    startup_armcm3.o(.text) refers to startup_armcm3.o(STACK) for Stack_Mem
    system_armcm3.o(.text) refers to system_armcm3.o(.data) for SystemCoreClock
    arm_fir_f32.o(.text) refers to fmul.o(x$fpl$fmul) for __aeabi_fmul
    arm_fir_f32.o(.text) refers to faddsub_clz.o(x$fpl$fadd) for __aeabi_fadd
    arm_fir_init_f32.o(.text) refers to rt_memclr_w.o(.text) for __aeabi_memclr4
    __main.o(!!!main) refers to rtentry.o(.ARM.Collect$$rtentry$$00000000) for __rt_entry
    d2f.o(x$fpl$d2f) refers (Special) to usenofp.o(x$fpl$usenofp) for __I$use$fp
    d2f.o(x$fpl$d2f) refers to fretinf.o(x$fpl$fretinf) for __fpl_fretinf
    d2f.o(x$fpl$d2f) refers to dnaninf.o(x$fpl$dnaninf) for __fpl_dnaninf
    daddsub_clz.o(x$fpl$dadd) refers (Special) to usenofp.o(x$fpl$usenofp) for __I$use$fp
    daddsub_clz.o(x$fpl$dadd) refers to daddsub_clz.o(x$fpl$dsub) for _dsub1
    daddsub_clz.o(x$fpl$dadd) refers to dretinf.o(x$fpl$dretinf) for __fpl_dretinf
    daddsub_clz.o(x$fpl$dadd) refers to dnaninf.o(x$fpl$dnaninf) for __fpl_dnaninf
    daddsub_clz.o(x$fpl$drsb) refers (Special) to usenofp.o(x$fpl$usenofp) for __I$use$fp
    daddsub_clz.o(x$fpl$drsb) refers to daddsub_clz.o(x$fpl$dadd) for _dadd1
    daddsub_clz.o(x$fpl$drsb) refers to daddsub_clz.o(x$fpl$dsub) for _dsub1
    daddsub_clz.o(x$fpl$dsub) refers (Special) to usenofp.o(x$fpl$usenofp) for __I$use$fp
    daddsub_clz.o(x$fpl$dsub) refers to daddsub_clz.o(x$fpl$dadd) for _dadd1
    daddsub_clz.o(x$fpl$dsub) refers to dnaninf.o(x$fpl$dnaninf) for __fpl_dnaninf
    dfix.o(x$fpl$dfix) refers (Special) to usenofp.o(x$fpl$usenofp) for __I$use$fp
    dfix.o(x$fpl$dfix) refers to dnaninf.o(x$fpl$dnaninf) for __fpl_dnaninf
    dfix.o(x$fpl$dfixr) refers (Special) to usenofp.o(x$fpl$usenofp) for __I$use$fp
    dfix.o(x$fpl$dfixr) refers to dnaninf.o(x$fpl$dnaninf) for __fpl_dnaninf
    dflt_clz.o(x$fpl$dfltu) refers (Special) to usenofp.o(x$fpl$usenofp) for __I$use$fp
    dflt_clz.o(x$fpl$dflt) refers (Special) to usenofp.o(x$fpl$usenofp) for __I$use$fp
    dflt_clz.o(x$fpl$dfltn) refers (Special) to usenofp.o(x$fpl$usenofp) for __I$use$fp
    dmul.o(x$fpl$dmul) refers (Special) to usenofp.o(x$fpl$usenofp) for __I$use$fp
    dmul.o(x$fpl$dmul) refers to dretinf.o(x$fpl$dretinf) for __fpl_dretinf
    dmul.o(x$fpl$dmul) refers to dnaninf.o(x$fpl$dnaninf) for __fpl_dnaninf
    f2d.o(x$fpl$f2d) refers (Special) to usenofp.o(x$fpl$usenofp) for __I$use$fp
    f2d.o(x$fpl$f2d) refers to fnaninf.o(x$fpl$fnaninf) for __fpl_fnaninf
    f2d.o(x$fpl$f2d) refers to dretinf.o(x$fpl$dretinf) for __fpl_dretinf
    faddsub_clz.o(x$fpl$fadd) refers (Special) to usenofp.o(x$fpl$usenofp) for __I$use$fp
    faddsub_clz.o(x$fpl$fadd) refers to faddsub_clz.o(x$fpl$fsub) for _fsub1
    faddsub_clz.o(x$fpl$fadd) refers to fretinf.o(x$fpl$fretinf) for __fpl_fretinf
    faddsub_clz.o(x$fpl$fadd) refers to fnaninf.o(x$fpl$fnaninf) for __fpl_fnaninf
    faddsub_clz.o(x$fpl$frsb) refers (Special) to usenofp.o(x$fpl$usenofp) for __I$use$fp
    faddsub_clz.o(x$fpl$frsb) refers to faddsub_clz.o(x$fpl$fadd) for _fadd1
    faddsub_clz.o(x$fpl$frsb) refers to faddsub_clz.o(x$fpl$fsub) for _fsub1
    faddsub_clz.o(x$fpl$fsub) refers (Special) to usenofp.o(x$fpl$usenofp) for __I$use$fp
    faddsub_clz.o(x$fpl$fsub) refers to faddsub_clz.o(x$fpl$fadd) for _fadd1
    faddsub_clz.o(x$fpl$fsub) refers to fnaninf.o(x$fpl$fnaninf) for __fpl_fnaninf
    fdiv.o(x$fpl$frdiv) refers (Special) to usenofp.o(x$fpl$usenofp) for __I$use$fp
    fdiv.o(x$fpl$frdiv) refers to fdiv.o(x$fpl$fdiv) for _fdiv1
    fdiv.o(x$fpl$fdiv) refers (Special) to usenofp.o(x$fpl$usenofp) for __I$use$fp
    fdiv.o(x$fpl$fdiv) refers to fretinf.o(x$fpl$fretinf) for __fpl_fretinf
    fdiv.o(x$fpl$fdiv) refers to fnaninf.o(x$fpl$fnaninf) for __fpl_fnaninf
    feqf.o(x$fpl$feqf) refers (Special) to usenofp.o(x$fpl$usenofp) for __I$use$fp
    feqf.o(x$fpl$feqf) refers to fnaninf.o(x$fpl$fnaninf) for __fpl_fnaninf
    feqf.o(x$fpl$feqf) refers to fcmpi.o(x$fpl$fcmpinf) for __fpl_fcmp_Inf
    ffix.o(x$fpl$ffix) refers (Special) to usenofp.o(x$fpl$usenofp) for __I$use$fp
    ffix.o(x$fpl$ffix) refers to fnaninf.o(x$fpl$fnaninf) for __fpl_fnaninf
    ffix.o(x$fpl$ffixr) refers (Special) to usenofp.o(x$fpl$usenofp) for __I$use$fp
    ffix.o(x$fpl$ffixr) refers to fnaninf.o(x$fpl$fnaninf) for __fpl_fnaninf
    fflt_clz.o(x$fpl$ffltu) refers (Special) to usenofp.o(x$fpl$usenofp) for __I$use$fp
    fflt_clz.o(x$fpl$fflt) refers (Special) to usenofp.o(x$fpl$usenofp) for __I$use$fp
    fflt_clz.o(x$fpl$ffltn) refers (Special) to usenofp.o(x$fpl$usenofp) for __I$use$fp
    fleqf.o(x$fpl$fleqf) refers (Special) to usenofp.o(x$fpl$usenofp) for __I$use$fp
    fleqf.o(x$fpl$fleqf) refers to fnaninf.o(x$fpl$fnaninf) for __fpl_fnaninf
    fleqf.o(x$fpl$fleqf) refers to fcmpi.o(x$fpl$fcmpinf) for __fpl_fcmp_Inf
    fmul.o(x$fpl$fmul) refers (Special) to usenofp.o(x$fpl$usenofp) for __I$use$fp
    fmul.o(x$fpl$fmul) refers to fretinf.o(x$fpl$fretinf) for __fpl_fretinf
    fmul.o(x$fpl$fmul) refers to fnaninf.o(x$fpl$fnaninf) for __fpl_fnaninf
    frleqf.o(x$fpl$frleqf) refers (Special) to usenofp.o(x$fpl$usenofp) for __I$use$fp
    frleqf.o(x$fpl$frleqf) refers to fleqf.o(x$fpl$fleqf) for __fpl_fcmple_InfNaN
    log10.o(i.__softfp_log10) refers (Special) to usenofp.o(x$fpl$usenofp) for __I$use$fp
    log10.o(i.__softfp_log10) refers to log10.o(i.log10) for log10
    log10.o(i.log10) refers (Special) to usenofp.o(x$fpl$usenofp) for __I$use$fp
    log10.o(i.log10) refers to scalbn.o(x$fpl$scalbn) for __ARM_scalbn
    log10.o(i.log10) refers to _rserrno.o(.text) for __set_errno
    log10.o(i.log10) refers to ddiv.o(x$fpl$ddiv) for __aeabi_ddiv
    log10.o(i.log10) refers to dflt_clz.o(x$fpl$dflt) for __aeabi_i2d
    log10.o(i.log10) refers to log.o(i.log) for log
    log10.o(i.log10) refers to dmul.o(x$fpl$dmul) for __aeabi_dmul
    log10.o(i.log10) refers to daddsub_clz.o(x$fpl$dadd) for __aeabi_dadd
    log10_x.o(i.____softfp_log10$lsc) refers (Special) to usenofp.o(x$fpl$usenofp) for __I$use$fp
    log10_x.o(i.____softfp_log10$lsc) refers to log10_x.o(i.__log10$lsc) for __log10$lsc
    log10_x.o(i.__log10$lsc) refers (Special) to usenofp.o(x$fpl$usenofp) for __I$use$fp
    log10_x.o(i.__log10$lsc) refers to scalbn.o(x$fpl$scalbn) for __ARM_scalbn
    log10_x.o(i.__log10$lsc) refers to _rserrno.o(.text) for __set_errno
    log10_x.o(i.__log10$lsc) refers to dflt_clz.o(x$fpl$dflt) for __aeabi_i2d
    log10_x.o(i.__log10$lsc) refers to log.o(i.log) for log
    log10_x.o(i.__log10$lsc) refers to dmul.o(x$fpl$dmul) for __aeabi_dmul
    log10_x.o(i.__log10$lsc) refers to daddsub_clz.o(x$fpl$dadd) for __aeabi_dadd
    rtentry.o(.ARM.Collect$$rtentry$$00000000) refers (Special) to rtentry2.o(.ARM.Collect$$rtentry$$0000000A) for __rt_entry_li
    rtentry.o(.ARM.Collect$$rtentry$$00000000) refers (Special) to rtentry2.o(.ARM.Collect$$rtentry$$0000000D) for __rt_entry_main
    rtentry.o(.ARM.Collect$$rtentry$$00000000) refers (Special) to rtentry2.o(.ARM.Collect$$rtentry$$0000000C) for __rt_entry_postli_1
    rtentry.o(.ARM.Collect$$rtentry$$00000000) refers (Special) to rtentry2.o(.ARM.Collect$$rtentry$$00000009) for __rt_entry_postsh_1
    rtentry.o(.ARM.Collect$$rtentry$$00000000) refers (Special) to rtentry2.o(.ARM.Collect$$rtentry$$00000002) for __rt_entry_presh_1
    rtentry.o(.ARM.Collect$$rtentry$$00000000) refers (Special) to rtentry4.o(.ARM.Collect$$rtentry$$00000004) for __rt_entry_sh
    _rserrno.o(.text) refers to rt_errno_addr_intlibspace.o(.text) for __aeabi_errno_addr
    ddiv.o(x$fpl$drdiv) refers (Special) to usenofp.o(x$fpl$usenofp) for __I$use$fp
    ddiv.o(x$fpl$drdiv) refers to ddiv.o(x$fpl$ddiv) for ddiv_entry
    ddiv.o(x$fpl$ddiv) refers (Special) to usenofp.o(x$fpl$usenofp) for __I$use$fp
    ddiv.o(x$fpl$ddiv) refers to dretinf.o(x$fpl$dretinf) for __fpl_dretinf
    ddiv.o(x$fpl$ddiv) refers to dnaninf.o(x$fpl$dnaninf) for __fpl_dnaninf
    dnaninf.o(x$fpl$dnaninf) refers (Special) to usenofp.o(x$fpl$usenofp) for __I$use$fp
    dretinf.o(x$fpl$dretinf) refers (Special) to usenofp.o(x$fpl$usenofp) for __I$use$fp
    fcmpi.o(x$fpl$fcmpinf) refers (Special) to usenofp.o(x$fpl$usenofp) for __I$use$fp
    fnaninf.o(x$fpl$fnaninf) refers (Special) to usenofp.o(x$fpl$usenofp) for __I$use$fp
    fretinf.o(x$fpl$fretinf) refers (Special) to usenofp.o(x$fpl$usenofp) for __I$use$fp
    scalbn.o(x$fpl$scalbn) refers (Special) to usenofp.o(x$fpl$usenofp) for __I$use$fp
    scalbn.o(x$fpl$scalbn) refers to dcheck1.o(x$fpl$dcheck1) for __fpl_dcheck_NaN1
    log.o(i.__softfp_log) refers (Special) to usenofp.o(x$fpl$usenofp) for __I$use$fp
    log.o(i.__softfp_log) refers to log.o(i.log) for log
    log.o(i.log) refers (Special) to usenofp.o(x$fpl$usenofp) for __I$use$fp
    log.o(i.log) refers to scalbn.o(x$fpl$scalbn) for __ARM_scalbn
    log.o(i.log) refers to _rserrno.o(.text) for __set_errno
    log.o(i.log) refers to ddiv.o(x$fpl$ddiv) for __aeabi_ddiv
    log.o(i.log) refers to daddsub_clz.o(x$fpl$dsub) for __aeabi_dsub
    log.o(i.log) refers to deqf.o(x$fpl$deqf) for __aeabi_cdcmpeq
    log.o(i.log) refers to dflt_clz.o(x$fpl$dflt) for __aeabi_i2d
    log.o(i.log) refers to dmul.o(x$fpl$dmul) for __aeabi_dmul
    log.o(i.log) refers to daddsub_clz.o(x$fpl$dadd) for __aeabi_dadd
    log.o(i.log) refers to daddsub_clz.o(x$fpl$drsb) for __aeabi_drsub
    log.o(i.log) refers to poly.o(i.__kernel_poly) for __kernel_poly
    log.o(i.log) refers to qnan.o(.constdata) for __mathlib_zero
    log.o(i.log) refers to log.o(.constdata) for .constdata
    log.o(.constdata) refers (Special) to usenofp.o(x$fpl$usenofp) for __I$use$fp
    log_x.o(i.____softfp_log$lsc) refers (Special) to usenofp.o(x$fpl$usenofp) for __I$use$fp
    log_x.o(i.____softfp_log$lsc) refers to log_x.o(i.__log$lsc) for __log$lsc
    log_x.o(i.__log$lsc) refers (Special) to usenofp.o(x$fpl$usenofp) for __I$use$fp
    log_x.o(i.__log$lsc) refers to scalbn.o(x$fpl$scalbn) for __ARM_scalbn
    log_x.o(i.__log$lsc) refers to _rserrno.o(.text) for __set_errno
    log_x.o(i.__log$lsc) refers to daddsub_clz.o(x$fpl$dsub) for __aeabi_dsub
    log_x.o(i.__log$lsc) refers to deqf.o(x$fpl$deqf) for __aeabi_cdcmpeq
    log_x.o(i.__log$lsc) refers to dflt_clz.o(x$fpl$dflt) for __aeabi_i2d
    log_x.o(i.__log$lsc) refers to dmul.o(x$fpl$dmul) for __aeabi_dmul
    log_x.o(i.__log$lsc) refers to daddsub_clz.o(x$fpl$dadd) for __aeabi_dadd
    log_x.o(i.__log$lsc) refers to daddsub_clz.o(x$fpl$drsb) for __aeabi_drsub
    log_x.o(i.__log$lsc) refers to ddiv.o(x$fpl$ddiv) for __aeabi_ddiv
    log_x.o(i.__log$lsc) refers to poly.o(i.__kernel_poly) for __kernel_poly
    log_x.o(i.__log$lsc) refers to qnan.o(.constdata) for __mathlib_zero
    log_x.o(i.__log$lsc) refers to log_x.o(.constdata) for .constdata
    log_x.o(.constdata) refers (Special) to usenofp.o(x$fpl$usenofp) for __I$use$fp
    rtentry2.o(.ARM.Collect$$rtentry$$00000008) refers to boardinit2.o(.text) for _platform_post_stackheap_init
    rtentry2.o(.ARM.Collect$$rtentry$$0000000A) refers to libinit.o(.ARM.Collect$$libinit$$00000000) for __rt_lib_init
    rtentry2.o(.ARM.Collect$$rtentry$$0000000B) refers to boardinit3.o(.text) for _platform_post_lib_init
    rtentry2.o(.ARM.Collect$$rtentry$$0000000D) refers to arm_fir_example_f32.o(.text) for main
    rtentry2.o(.ARM.Collect$$rtentry$$0000000D) refers to exit.o(.text) for exit
    rtentry2.o(.ARM.exidx) refers to rtentry2.o(.ARM.Collect$$rtentry$$00000001) for .ARM.Collect$$rtentry$$00000001
    rtentry2.o(.ARM.exidx) refers to rtentry2.o(.ARM.Collect$$rtentry$$00000008) for .ARM.Collect$$rtentry$$00000008
    rtentry2.o(.ARM.exidx) refers to rtentry2.o(.ARM.Collect$$rtentry$$0000000A) for .ARM.Collect$$rtentry$$0000000A
    rtentry2.o(.ARM.exidx) refers to rtentry2.o(.ARM.Collect$$rtentry$$0000000B) for .ARM.Collect$$rtentry$$0000000B
    rtentry2.o(.ARM.exidx) refers to rtentry2.o(.ARM.Collect$$rtentry$$0000000D) for .ARM.Collect$$rtentry$$0000000D
    rtentry4.o(.ARM.Collect$$rtentry$$00000004) refers to sys_stackheap_outer.o(.text) for __user_setup_stackheap
    rtentry4.o(.ARM.exidx) refers to rtentry4.o(.ARM.Collect$$rtentry$$00000004) for .ARM.Collect$$rtentry$$00000004
    rt_errno_addr.o(.text) refers to rt_errno_addr.o(.bss) for __aeabi_errno_addr_data
    rt_errno_addr_intlibspace.o(.text) refers to libspace.o(.bss) for __libspace_start
    dcheck1.o(x$fpl$dcheck1) refers (Special) to usenofp.o(x$fpl$usenofp) for __I$use$fp
    dcheck1.o(x$fpl$dcheck1) refers to retnan.o(x$fpl$retnan) for __fpl_return_NaN
    deqf.o(x$fpl$deqf) refers (Special) to usenofp.o(x$fpl$usenofp) for __I$use$fp
    deqf.o(x$fpl$deqf) refers to dnaninf.o(x$fpl$dnaninf) for __fpl_dnaninf
    deqf.o(x$fpl$deqf) refers to dcmpi.o(x$fpl$dcmpinf) for __fpl_dcmp_Inf
    poly.o(i.__kernel_poly) refers (Special) to usenofp.o(x$fpl$usenofp) for __I$use$fp
    poly.o(i.__kernel_poly) refers to dmul.o(x$fpl$dmul) for __aeabi_dmul
    poly.o(i.__kernel_poly) refers to daddsub_clz.o(x$fpl$dadd) for __aeabi_dadd
    qnan.o(.constdata) refers (Special) to usenofp.o(x$fpl$usenofp) for __I$use$fp
    libspace.o(.text) refers to libspace.o(.bss) for __libspace_start
    sys_stackheap_outer.o(.text) refers to libspace.o(.text) for __user_perproc_libspace
    sys_stackheap_outer.o(.text) refers to startup_armcm3.o(.text) for __user_initial_stackheap
    exit.o(.text) refers to rtexit.o(.ARM.Collect$$rtexit$$00000000) for __rt_exit
    libinit.o(.ARM.Collect$$libinit$$00000000) refers (Special) to libinit2.o(.ARM.Collect$$libinit$$0000002C) for __rt_lib_init_alloca_1
    libinit.o(.ARM.Collect$$libinit$$00000000) refers (Special) to libinit2.o(.ARM.Collect$$libinit$$0000002A) for __rt_lib_init_argv_1
    libinit.o(.ARM.Collect$$libinit$$00000000) refers (Special) to libinit2.o(.ARM.Collect$$libinit$$00000019) for __rt_lib_init_atexit_1
    libinit.o(.ARM.Collect$$libinit$$00000000) refers (Special) to libinit2.o(.ARM.Collect$$libinit$$0000001F) for __rt_lib_init_clock_1
    libinit.o(.ARM.Collect$$libinit$$00000000) refers (Special) to libinit2.o(.ARM.Collect$$libinit$$00000030) for __rt_lib_init_cpp_1
    libinit.o(.ARM.Collect$$libinit$$00000000) refers (Special) to libinit2.o(.ARM.Collect$$libinit$$0000002E) for __rt_lib_init_exceptions_1
    libinit.o(.ARM.Collect$$libinit$$00000000) refers (Special) to libinit2.o(.ARM.Collect$$libinit$$00000002) for __rt_lib_init_fp_1
    libinit.o(.ARM.Collect$$libinit$$00000000) refers (Special) to libinit2.o(.ARM.Collect$$libinit$$0000001D) for __rt_lib_init_fp_trap_1
    libinit.o(.ARM.Collect$$libinit$$00000000) refers (Special) to libinit2.o(.ARM.Collect$$libinit$$00000021) for __rt_lib_init_getenv_1
    libinit.o(.ARM.Collect$$libinit$$00000000) refers (Special) to libinit2.o(.ARM.Collect$$libinit$$00000008) for __rt_lib_init_heap_1
    libinit.o(.ARM.Collect$$libinit$$00000000) refers (Special) to libinit2.o(.ARM.Collect$$libinit$$0000000F) for __rt_lib_init_lc_collate_1
    libinit.o(.ARM.Collect$$libinit$$00000000) refers (Special) to libinit2.o(.ARM.Collect$$libinit$$00000011) for __rt_lib_init_lc_ctype_1
    libinit.o(.ARM.Collect$$libinit$$00000000) refers (Special) to libinit2.o(.ARM.Collect$$libinit$$00000013) for __rt_lib_init_lc_monetary_1
    libinit.o(.ARM.Collect$$libinit$$00000000) refers (Special) to libinit2.o(.ARM.Collect$$libinit$$00000015) for __rt_lib_init_lc_numeric_1
    libinit.o(.ARM.Collect$$libinit$$00000000) refers (Special) to libinit2.o(.ARM.Collect$$libinit$$00000017) for __rt_lib_init_lc_time_1
    libinit.o(.ARM.Collect$$libinit$$00000000) refers (Special) to libinit2.o(.ARM.Collect$$libinit$$0000000C) for __rt_lib_init_rand_1
    libinit.o(.ARM.Collect$$libinit$$00000000) refers (Special) to libinit2.o(.ARM.Collect$$libinit$$00000031) for __rt_lib_init_return
    libinit.o(.ARM.Collect$$libinit$$00000000) refers (Special) to libinit2.o(.ARM.Collect$$libinit$$0000001B) for __rt_lib_init_signal_1
    libinit.o(.ARM.Collect$$libinit$$00000000) refers (Special) to libinit2.o(.ARM.Collect$$libinit$$00000023) for __rt_lib_init_stdio_1
    libinit.o(.ARM.Collect$$libinit$$00000000) refers (Special) to libinit2.o(.ARM.Collect$$libinit$$0000000A) for __rt_lib_init_user_alloc_1
    dcmpi.o(x$fpl$dcmpinf) refers (Special) to usenofp.o(x$fpl$usenofp) for __I$use$fp
    retnan.o(x$fpl$retnan) refers (Special) to usenofp.o(x$fpl$usenofp) for __I$use$fp
    retnan.o(x$fpl$retnan) refers to trapv.o(x$fpl$trapveneer) for __fpl_cmpreturn
    rtexit.o(.ARM.Collect$$rtexit$$00000000) refers (Special) to rtexit2.o(.ARM.Collect$$rtexit$$00000004) for __rt_exit_exit
    rtexit.o(.ARM.Collect$$rtexit$$00000000) refers (Special) to rtexit2.o(.ARM.Collect$$rtexit$$00000003) for __rt_exit_ls
    rtexit.o(.ARM.Collect$$rtexit$$00000000) refers (Special) to rtexit2.o(.ARM.Collect$$rtexit$$00000002) for __rt_exit_prels_1
    rtexit.o(.ARM.exidx) refers (Special) to rtexit2.o(.ARM.Collect$$rtexit$$00000004) for __rt_exit_exit
    rtexit.o(.ARM.exidx) refers (Special) to rtexit2.o(.ARM.Collect$$rtexit$$00000003) for __rt_exit_ls
    rtexit.o(.ARM.exidx) refers (Special) to rtexit2.o(.ARM.Collect$$rtexit$$00000002) for __rt_exit_prels_1
    rtexit.o(.ARM.exidx) refers to rtexit.o(.ARM.Collect$$rtexit$$00000000) for .ARM.Collect$$rtexit$$00000000
    libinit2.o(.ARM.Collect$$libinit$$0000000E) refers to libinit2.o(.ARM.Collect$$libinit$$0000000D) for .ARM.Collect$$libinit$$0000000D
    libinit2.o(.ARM.Collect$$libinit$$00000010) refers to libinit2.o(.ARM.Collect$$libinit$$0000000D) for .ARM.Collect$$libinit$$0000000D
    libinit2.o(.ARM.Collect$$libinit$$00000012) refers to libinit2.o(.ARM.Collect$$libinit$$0000000D) for .ARM.Collect$$libinit$$0000000D
    libinit2.o(.ARM.Collect$$libinit$$00000014) refers to libinit2.o(.ARM.Collect$$libinit$$0000000D) for .ARM.Collect$$libinit$$0000000D
    libinit2.o(.ARM.Collect$$libinit$$00000016) refers to libinit2.o(.ARM.Collect$$libinit$$0000000D) for .ARM.Collect$$libinit$$0000000D
    libinit2.o(.ARM.Collect$$libinit$$00000024) refers to argv_veneer.o(.emb_text) for __ARM_argv_veneer
    libinit2.o(.ARM.Collect$$libinit$$00000025) refers to argv_veneer.o(.emb_text) for __ARM_argv_veneer
    trapv.o(x$fpl$trapveneer) refers (Special) to usenofp.o(x$fpl$usenofp) for __I$use$fp
    rtexit2.o(.ARM.Collect$$rtexit$$00000003) refers to libshutdown.o(.ARM.Collect$$libshutdown$$00000000) for __rt_lib_shutdown
    rtexit2.o(.ARM.Collect$$rtexit$$00000004) refers to sys_exit.o(.text) for _sys_exit
    rtexit2.o(.ARM.exidx) refers to rtexit2.o(.ARM.Collect$$rtexit$$00000001) for .ARM.Collect$$rtexit$$00000001
    rtexit2.o(.ARM.exidx) refers to rtexit2.o(.ARM.Collect$$rtexit$$00000003) for .ARM.Collect$$rtexit$$00000003
    rtexit2.o(.ARM.exidx) refers to rtexit2.o(.ARM.Collect$$rtexit$$00000004) for .ARM.Collect$$rtexit$$00000004
    argv_veneer.o(.emb_text) refers to no_argv.o(.text) for __ARM_get_argv
    sys_exit.o(.text) refers (Special) to use_no_semi.o(.text) for __I$use$semihosting
    sys_exit.o(.text) refers (Special) to indicate_semi.o(.text) for __semihosting_library_function
    _get_argv_nomalloc.o(.text) refers (Special) to hrguard.o(.text) for __heap_region$guard
    _get_argv_nomalloc.o(.text) refers to defsig_rtmem_outer.o(.text) for __rt_SIGRTMEM
    _get_argv_nomalloc.o(.text) refers to sys_command.o(.text) for _sys_command_string
    libshutdown.o(.ARM.Collect$$libshutdown$$00000000) refers (Special) to libshutdown2.o(.ARM.Collect$$libshutdown$$00000006) for __rt_lib_shutdown_fp_trap_1
    libshutdown.o(.ARM.Collect$$libshutdown$$00000000) refers (Special) to libshutdown2.o(.ARM.Collect$$libshutdown$$0000000E) for __rt_lib_shutdown_heap_1
    libshutdown.o(.ARM.Collect$$libshutdown$$00000000) refers (Special) to libshutdown2.o(.ARM.Collect$$libshutdown$$0000000F) for __rt_lib_shutdown_return
    libshutdown.o(.ARM.Collect$$libshutdown$$00000000) refers (Special) to libshutdown2.o(.ARM.Collect$$libshutdown$$00000009) for __rt_lib_shutdown_signal_1
    libshutdown.o(.ARM.Collect$$libshutdown$$00000000) refers (Special) to libshutdown2.o(.ARM.Collect$$libshutdown$$00000003) for __rt_lib_shutdown_stdio_1
    libshutdown.o(.ARM.Collect$$libshutdown$$00000000) refers (Special) to libshutdown2.o(.ARM.Collect$$libshutdown$$0000000B) for __rt_lib_shutdown_user_alloc_1
    sys_command.o(.text) refers (Special) to use_no_semi.o(.text) for __I$use$semihosting
    sys_command.o(.text) refers (Special) to indicate_semi.o(.text) for __semihosting_library_function
    defsig_rtmem_outer.o(.text) refers to defsig_rtmem_inner.o(.text) for __rt_SIGRTMEM_inner
    defsig_rtmem_outer.o(.text) refers to defsig_exit.o(.text) for __sig_exit
    defsig_rtmem_formal.o(.text) refers to rt_raise.o(.text) for __rt_raise
    rt_raise.o(.text) refers to __raise.o(.text) for __raise
    rt_raise.o(.text) refers to sys_exit.o(.text) for _sys_exit
    defsig_exit.o(.text) refers to sys_exit.o(.text) for _sys_exit
    defsig_rtmem_inner.o(.text) refers to defsig_general.o(.text) for __default_signal_display
    __raise.o(.text) refers to defsig.o(CL$$defsig) for __default_signal_handler
    defsig_general.o(.text) refers to sys_wrch.o(.text) for _ttywrch
    sys_wrch.o(.text) refers (Special) to use_no_semi.o(.text) for __I$use$semihosting
    sys_wrch.o(.text) refers (Special) to indicate_semi.o(.text) for __semihosting_library_function
    defsig.o(CL$$defsig) refers to defsig_rtmem_inner.o(.text) for __rt_SIGRTMEM_inner
    defsig_abrt_inner.o(.text) refers to defsig_general.o(.text) for __default_signal_display
    defsig_fpe_inner.o(.text) refers to defsig_general.o(.text) for __default_signal_display
    defsig_rtred_inner.o(.text) refers to defsig_general.o(.text) for __default_signal_display
    defsig_stak_inner.o(.text) refers to defsig_general.o(.text) for __default_signal_display
    defsig_pvfn_inner.o(.text) refers to defsig_general.o(.text) for __default_signal_display
    defsig_cppl_inner.o(.text) refers to defsig_general.o(.text) for __default_signal_display
    defsig_segv_inner.o(.text) refers to defsig_general.o(.text) for __default_signal_display
    defsig_other.o(.text) refers to defsig_general.o(.text) for __default_signal_display


==============================================================================

Removing Unused input sections from the image.

    Removing arm_fir_data.o(.rev16_text), (4 bytes).
    Removing arm_fir_data.o(.revsh_text), (4 bytes).
    Removing arm_fir_example_f32.o(.rev16_text), (4 bytes).
    Removing arm_fir_example_f32.o(.revsh_text), (4 bytes).
    Removing math_helper.o(.rev16_text), (4 bytes).
    Removing math_helper.o(.revsh_text), (4 bytes).
    Removing system_armcm3.o(.rev16_text), (4 bytes).
    Removing system_armcm3.o(.revsh_text), (4 bytes).
    Removing arm_fir_f32.o(.rev16_text), (4 bytes).
    Removing arm_fir_f32.o(.revsh_text), (4 bytes).
    Removing arm_fir_init_f32.o(.rev16_text), (4 bytes).
    Removing arm_fir_init_f32.o(.revsh_text), (4 bytes).

12 unused section(s) (total 48 bytes) removed from the image.

==============================================================================

Image Symbol Table

    Local Symbols

    Symbol Name                              Value     Ov Type        Size  Object(Section)

    RESET                                    0x00000000   Section      192  startup_armcm3.o(RESET)
    ../clib/angel/boardlib.s                 0x00000000   Number         0  boardinit3.o ABSOLUTE
    ../clib/angel/boardlib.s                 0x00000000   Number         0  boardinit1.o ABSOLUTE
    ../clib/angel/boardlib.s                 0x00000000   Number         0  boardinit2.o ABSOLUTE
    ../clib/angel/boardlib.s                 0x00000000   Number         0  boardshut.o ABSOLUTE
    ../clib/angel/dclz77c.s                  0x00000000   Number         0  __dclz77c.o ABSOLUTE
    ../clib/angel/handlers.s                 0x00000000   Number         0  __scatter_zi.o ABSOLUTE
    ../clib/angel/kernel.s                   0x00000000   Number         0  rtentry4.o ABSOLUTE
    ../clib/angel/kernel.s                   0x00000000   Number         0  rtentry2.o ABSOLUTE
    ../clib/angel/kernel.s                   0x00000000   Number         0  rtexit2.o ABSOLUTE
    ../clib/angel/kernel.s                   0x00000000   Number         0  rtentry.o ABSOLUTE
    ../clib/angel/kernel.s                   0x00000000   Number         0  rtexit.o ABSOLUTE
    ../clib/angel/rt.s                       0x00000000   Number         0  rt_errno_addr.o ABSOLUTE
    ../clib/angel/rt.s                       0x00000000   Number         0  rt_raise.o ABSOLUTE
    ../clib/angel/rt.s                       0x00000000   Number         0  rt_errno_addr_intlibspace.o ABSOLUTE
    ../clib/angel/scatter.s                  0x00000000   Number         0  __scatter.o ABSOLUTE
    ../clib/angel/startup.s                  0x00000000   Number         0  __main.o ABSOLUTE
    ../clib/angel/sys.s                      0x00000000   Number         0  use_no_semi.o ABSOLUTE
    ../clib/angel/sys.s                      0x00000000   Number         0  libspace.o ABSOLUTE
    ../clib/angel/sys.s                      0x00000000   Number         0  indicate_semi.o ABSOLUTE
    ../clib/angel/sys.s                      0x00000000   Number         0  sys_stackheap_outer.o ABSOLUTE
    ../clib/angel/sysapp.c                   0x00000000   Number         0  sys_command.o ABSOLUTE
    ../clib/angel/sysapp.c                   0x00000000   Number         0  sys_exit.o ABSOLUTE
    ../clib/angel/sysapp.c                   0x00000000   Number         0  sys_wrch.o ABSOLUTE
    ../clib/armsys.c                         0x00000000   Number         0  argv_veneer.o ABSOLUTE
    ../clib/armsys.c                         0x00000000   Number         0  no_argv.o ABSOLUTE
    ../clib/armsys.c                         0x00000000   Number         0  _get_argv_nomalloc.o ABSOLUTE
    ../clib/armsys.c                         0x00000000   Number         0  argv_veneer.o ABSOLUTE
    ../clib/fenv.c                           0x00000000   Number         0  _rserrno.o ABSOLUTE
    ../clib/heapalloc.c                      0x00000000   Number         0  hrguard.o ABSOLUTE
    ../clib/heapaux.c                        0x00000000   Number         0  heapauxi.o ABSOLUTE
    ../clib/libinit.s                        0x00000000   Number         0  libshutdown2.o ABSOLUTE
    ../clib/libinit.s                        0x00000000   Number         0  libinit2.o ABSOLUTE
    ../clib/libinit.s                        0x00000000   Number         0  libinit.o ABSOLUTE
    ../clib/libinit.s                        0x00000000   Number         0  libshutdown.o ABSOLUTE
    ../clib/memcpset.s                       0x00000000   Number         0  rt_memclr_w.o ABSOLUTE
    ../clib/signal.c                         0x00000000   Number         0  defsig_general.o ABSOLUTE
    ../clib/signal.c                         0x00000000   Number         0  defsig_rtmem_outer.o ABSOLUTE
    ../clib/signal.c                         0x00000000   Number         0  defsig_rtmem_formal.o ABSOLUTE
    ../clib/signal.c                         0x00000000   Number         0  defsig_exit.o ABSOLUTE
    ../clib/signal.c                         0x00000000   Number         0  defsig_rtmem_inner.o ABSOLUTE
    ../clib/signal.c                         0x00000000   Number         0  __raise.o ABSOLUTE
    ../clib/signal.c                         0x00000000   Number         0  defsig_abrt_inner.o ABSOLUTE
    ../clib/signal.c                         0x00000000   Number         0  defsig_fpe_inner.o ABSOLUTE
    ../clib/signal.c                         0x00000000   Number         0  defsig_rtred_inner.o ABSOLUTE
    ../clib/signal.c                         0x00000000   Number         0  defsig_pvfn_inner.o ABSOLUTE
    ../clib/signal.c                         0x00000000   Number         0  defsig_cppl_inner.o ABSOLUTE
    ../clib/signal.c                         0x00000000   Number         0  defsig_segv_inner.o ABSOLUTE
    ../clib/signal.c                         0x00000000   Number         0  defsig_other.o ABSOLUTE
    ../clib/signal.c                         0x00000000   Number         0  defsig_stak_inner.o ABSOLUTE
    ../clib/signal.s                         0x00000000   Number         0  defsig.o ABSOLUTE
    ../clib/stdlib.c                         0x00000000   Number         0  exit.o ABSOLUTE
    ../fplib/d2f.s                           0x00000000   Number         0  d2f.o ABSOLUTE
    ../fplib/daddsub.s                       0x00000000   Number         0  daddsub_clz.o ABSOLUTE
    ../fplib/dcheck1.s                       0x00000000   Number         0  dcheck1.o ABSOLUTE
    ../fplib/dcmpi.s                         0x00000000   Number         0  dcmpi.o ABSOLUTE
    ../fplib/ddiv.s                          0x00000000   Number         0  ddiv.o ABSOLUTE
    ../fplib/deqf.s                          0x00000000   Number         0  deqf.o ABSOLUTE
    ../fplib/dfix.s                          0x00000000   Number         0  dfix.o ABSOLUTE
    ../fplib/dflt.s                          0x00000000   Number         0  dflt_clz.o ABSOLUTE
    ../fplib/dmul.s                          0x00000000   Number         0  dmul.o ABSOLUTE
    ../fplib/dnaninf.s                       0x00000000   Number         0  dnaninf.o ABSOLUTE
    ../fplib/dretinf.s                       0x00000000   Number         0  dretinf.o ABSOLUTE
    ../fplib/f2d.s                           0x00000000   Number         0  f2d.o ABSOLUTE
    ../fplib/faddsub.s                       0x00000000   Number         0  faddsub_clz.o ABSOLUTE
    ../fplib/fcmpi.s                         0x00000000   Number         0  fcmpi.o ABSOLUTE
    ../fplib/fdiv.s                          0x00000000   Number         0  fdiv.o ABSOLUTE
    ../fplib/feqf.s                          0x00000000   Number         0  feqf.o ABSOLUTE
    ../fplib/ffix.s                          0x00000000   Number         0  ffix.o ABSOLUTE
    ../fplib/fflt.s                          0x00000000   Number         0  fflt_clz.o ABSOLUTE
    ../fplib/fleqf.s                         0x00000000   Number         0  fleqf.o ABSOLUTE
    ../fplib/fmul.s                          0x00000000   Number         0  fmul.o ABSOLUTE
    ../fplib/fnaninf.s                       0x00000000   Number         0  fnaninf.o ABSOLUTE
    ../fplib/fpinit.s                        0x00000000   Number         0  fpinit.o ABSOLUTE
    ../fplib/fretinf.s                       0x00000000   Number         0  fretinf.o ABSOLUTE
    ../fplib/frleqf.s                        0x00000000   Number         0  frleqf.o ABSOLUTE
    ../fplib/retnan.s                        0x00000000   Number         0  retnan.o ABSOLUTE
    ../fplib/scalbn.s                        0x00000000   Number         0  scalbn.o ABSOLUTE
    ../fplib/trapv.s                         0x00000000   Number         0  trapv.o ABSOLUTE
    ../fplib/usenofp.s                       0x00000000   Number         0  usenofp.o ABSOLUTE
    ../mathlib/log.c                         0x00000000   Number         0  log_x.o ABSOLUTE
    ../mathlib/log.c                         0x00000000   Number         0  log.o ABSOLUTE
    ../mathlib/log10.c                       0x00000000   Number         0  log10_x.o ABSOLUTE
    ../mathlib/log10.c                       0x00000000   Number         0  log10.o ABSOLUTE
    ../mathlib/poly.c                        0x00000000   Number         0  poly.o ABSOLUTE
    ../mathlib/qnan.c                        0x00000000   Number         0  qnan.o ABSOLUTE
    ..\FilteringFunctions\arm_fir_f32.c      0x00000000   Number         0  arm_fir_f32.o ABSOLUTE
    ..\FilteringFunctions\arm_fir_init_f32.c 0x00000000   Number         0  arm_fir_init_f32.o ABSOLUTE
    ..\\FilteringFunctions\\arm_fir_f32.c    0x00000000   Number         0  arm_fir_f32.o ABSOLUTE
    ..\\FilteringFunctions\\arm_fir_init_f32.c 0x00000000   Number         0  arm_fir_init_f32.o ABSOLUTE
    ..\\arm_fir_data.c                       0x00000000   Number         0  arm_fir_data.o ABSOLUTE
    ..\\arm_fir_example_f32.c                0x00000000   Number         0  arm_fir_example_f32.o ABSOLUTE
    ..\\math_helper.c                        0x00000000   Number         0  math_helper.o ABSOLUTE
    ..\arm_fir_data.c                        0x00000000   Number         0  arm_fir_data.o ABSOLUTE
    ..\arm_fir_example_f32.c                 0x00000000   Number         0  arm_fir_example_f32.o ABSOLUTE
    ..\math_helper.c                         0x00000000   Number         0  math_helper.o ABSOLUTE
    dc.s                                     0x00000000   Number         0  dc.o ABSOLUTE
    startup_ARMCM3.s                         0x00000000   Number         0  startup_armcm3.o ABSOLUTE
    system_ARMCM3.c                          0x00000000   Number         0  system_armcm3.o ABSOLUTE
    system_ARMCM3.c                          0x00000000   Number         0  system_armcm3.o ABSOLUTE
    !!!main                                  0x000000c0   Section        8  __main.o(!!!main)
    !!!scatter                               0x000000c8   Section       52  __scatter.o(!!!scatter)
    !!dclz77c                                0x000000fc   Section      100  __dclz77c.o(!!dclz77c)
    !!handler_zi                             0x00000160   Section       28  __scatter_zi.o(!!handler_zi)
    .ARM.Collect$$libinit$$00000000          0x0000017c   Section        2  libinit.o(.ARM.Collect$$libinit$$00000000)
    .ARM.Collect$$libinit$$00000002          0x0000017e   Section        0  libinit2.o(.ARM.Collect$$libinit$$00000002)
    .ARM.Collect$$libinit$$00000008          0x0000017e   Section        0  libinit2.o(.ARM.Collect$$libinit$$00000008)
    .ARM.Collect$$libinit$$0000000A          0x0000017e   Section        0  libinit2.o(.ARM.Collect$$libinit$$0000000A)
    .ARM.Collect$$libinit$$0000000C          0x0000017e   Section        0  libinit2.o(.ARM.Collect$$libinit$$0000000C)
    .ARM.Collect$$libinit$$0000000F          0x0000017e   Section        0  libinit2.o(.ARM.Collect$$libinit$$0000000F)
    .ARM.Collect$$libinit$$00000011          0x0000017e   Section        0  libinit2.o(.ARM.Collect$$libinit$$00000011)
    .ARM.Collect$$libinit$$00000013          0x0000017e   Section        0  libinit2.o(.ARM.Collect$$libinit$$00000013)
    .ARM.Collect$$libinit$$00000015          0x0000017e   Section        0  libinit2.o(.ARM.Collect$$libinit$$00000015)
    .ARM.Collect$$libinit$$00000017          0x0000017e   Section        0  libinit2.o(.ARM.Collect$$libinit$$00000017)
    .ARM.Collect$$libinit$$00000019          0x0000017e   Section        0  libinit2.o(.ARM.Collect$$libinit$$00000019)
    .ARM.Collect$$libinit$$0000001B          0x0000017e   Section        0  libinit2.o(.ARM.Collect$$libinit$$0000001B)
    .ARM.Collect$$libinit$$0000001D          0x0000017e   Section        0  libinit2.o(.ARM.Collect$$libinit$$0000001D)
    .ARM.Collect$$libinit$$0000001F          0x0000017e   Section        0  libinit2.o(.ARM.Collect$$libinit$$0000001F)
    .ARM.Collect$$libinit$$00000021          0x0000017e   Section        0  libinit2.o(.ARM.Collect$$libinit$$00000021)
    .ARM.Collect$$libinit$$00000023          0x0000017e   Section        0  libinit2.o(.ARM.Collect$$libinit$$00000023)
    .ARM.Collect$$libinit$$0000002A          0x0000017e   Section        0  libinit2.o(.ARM.Collect$$libinit$$0000002A)
    .ARM.Collect$$libinit$$0000002C          0x0000017e   Section        0  libinit2.o(.ARM.Collect$$libinit$$0000002C)
    .ARM.Collect$$libinit$$0000002E          0x0000017e   Section        0  libinit2.o(.ARM.Collect$$libinit$$0000002E)
    .ARM.Collect$$libinit$$00000030          0x0000017e   Section        0  libinit2.o(.ARM.Collect$$libinit$$00000030)
    .ARM.Collect$$libinit$$00000031          0x0000017e   Section        2  libinit2.o(.ARM.Collect$$libinit$$00000031)
    .ARM.Collect$$libshutdown$$00000000      0x00000180   Section        2  libshutdown.o(.ARM.Collect$$libshutdown$$00000000)
    .ARM.Collect$$libshutdown$$00000003      0x00000182   Section        0  libshutdown2.o(.ARM.Collect$$libshutdown$$00000003)
    .ARM.Collect$$libshutdown$$00000006      0x00000182   Section        0  libshutdown2.o(.ARM.Collect$$libshutdown$$00000006)
    .ARM.Collect$$libshutdown$$00000009      0x00000182   Section        0  libshutdown2.o(.ARM.Collect$$libshutdown$$00000009)
    .ARM.Collect$$libshutdown$$0000000B      0x00000182   Section        0  libshutdown2.o(.ARM.Collect$$libshutdown$$0000000B)
    .ARM.Collect$$libshutdown$$0000000E      0x00000182   Section        0  libshutdown2.o(.ARM.Collect$$libshutdown$$0000000E)
    .ARM.Collect$$libshutdown$$0000000F      0x00000182   Section        2  libshutdown2.o(.ARM.Collect$$libshutdown$$0000000F)
    .ARM.Collect$$rtentry$$00000000          0x00000184   Section        0  rtentry.o(.ARM.Collect$$rtentry$$00000000)
    .ARM.Collect$$rtentry$$00000002          0x00000184   Section        0  rtentry2.o(.ARM.Collect$$rtentry$$00000002)
    .ARM.Collect$$rtentry$$00000004          0x00000184   Section        6  rtentry4.o(.ARM.Collect$$rtentry$$00000004)
    .ARM.Collect$$rtentry$$00000009          0x0000018a   Section        0  rtentry2.o(.ARM.Collect$$rtentry$$00000009)
    .ARM.Collect$$rtentry$$0000000A          0x0000018a   Section        4  rtentry2.o(.ARM.Collect$$rtentry$$0000000A)
    .ARM.Collect$$rtentry$$0000000C          0x0000018e   Section        0  rtentry2.o(.ARM.Collect$$rtentry$$0000000C)
    .ARM.Collect$$rtentry$$0000000D          0x0000018e   Section        8  rtentry2.o(.ARM.Collect$$rtentry$$0000000D)
    .ARM.Collect$$rtexit$$00000000           0x00000196   Section        2  rtexit.o(.ARM.Collect$$rtexit$$00000000)
    .ARM.Collect$$rtexit$$00000002           0x00000198   Section        0  rtexit2.o(.ARM.Collect$$rtexit$$00000002)
    .ARM.Collect$$rtexit$$00000003           0x00000198   Section        4  rtexit2.o(.ARM.Collect$$rtexit$$00000003)
    .ARM.Collect$$rtexit$$00000004           0x0000019c   Section        6  rtexit2.o(.ARM.Collect$$rtexit$$00000004)
    .text                                    0x000001a4   Section        0  arm_fir_example_f32.o(.text)
    .text                                    0x0000023c   Section        0  math_helper.o(.text)
    .text                                    0x000006d8   Section       64  startup_armcm3.o(.text)
    .text                                    0x00000718   Section        0  system_armcm3.o(.text)
    .text                                    0x00000730   Section        0  arm_fir_f32.o(.text)
    .text                                    0x00001052   Section        0  arm_fir_init_f32.o(.text)
    .text                                    0x0000106e   Section       78  rt_memclr_w.o(.text)
    .text                                    0x000010bc   Section        0  heapauxi.o(.text)
    .text                                    0x000010c2   Section        0  _rserrno.o(.text)
    .text                                    0x000010d8   Section        8  rt_errno_addr_intlibspace.o(.text)
    .text                                    0x000010e0   Section        8  libspace.o(.text)
    .text                                    0x000010e8   Section       74  sys_stackheap_outer.o(.text)
    .text                                    0x00001132   Section        0  exit.o(.text)
    .text                                    0x00001140   Section        0  sys_exit.o(.text)
    .text                                    0x0000114c   Section        2  use_no_semi.o(.text)
    .text                                    0x0000114e   Section        0  indicate_semi.o(.text)
    i.__kernel_poly                          0x0000114e   Section        0  poly.o(i.__kernel_poly)
    i.log                                    0x000011f8   Section        0  log.o(i.log)
    i.log10                                  0x00001568   Section        0  log10.o(i.log10)
    x$fpl$d2f                                0x0000165c   Section       98  d2f.o(x$fpl$d2f)
    x$fpl$dadd                               0x000016c0   Section      336  daddsub_clz.o(x$fpl$dadd)
    _dadd1                                   0x000016d1   Thumb Code     0  daddsub_clz.o(x$fpl$dadd)
    x$fpl$dcheck1                            0x00001810   Section       16  dcheck1.o(x$fpl$dcheck1)
    x$fpl$dcmpinf                            0x00001820   Section       24  dcmpi.o(x$fpl$dcmpinf)
    x$fpl$ddiv                               0x00001838   Section      688  ddiv.o(x$fpl$ddiv)
    ddiv_entry                               0x0000183f   Thumb Code     0  ddiv.o(x$fpl$ddiv)
    x$fpl$deqf                               0x00001ae8   Section      120  deqf.o(x$fpl$deqf)
    x$fpl$dfix                               0x00001b60   Section       94  dfix.o(x$fpl$dfix)
    x$fpl$dflt                               0x00001bbe   Section       46  dflt_clz.o(x$fpl$dflt)
    x$fpl$dmul                               0x00001bec   Section      340  dmul.o(x$fpl$dmul)
    x$fpl$dnaninf                            0x00001d40   Section      156  dnaninf.o(x$fpl$dnaninf)
    x$fpl$dretinf                            0x00001ddc   Section       12  dretinf.o(x$fpl$dretinf)
    x$fpl$drsb                               0x00001de8   Section       22  daddsub_clz.o(x$fpl$drsb)
    x$fpl$dsub                               0x00001e00   Section      468  daddsub_clz.o(x$fpl$dsub)
    _dsub1                                   0x00001e11   Thumb Code     0  daddsub_clz.o(x$fpl$dsub)
    x$fpl$f2d                                0x00001fd4   Section       86  f2d.o(x$fpl$f2d)
    x$fpl$fadd                               0x0000202c   Section      196  faddsub_clz.o(x$fpl$fadd)
    _fadd1                                   0x0000203b   Thumb Code     0  faddsub_clz.o(x$fpl$fadd)
    x$fpl$fcmpinf                            0x000020f0   Section       24  fcmpi.o(x$fpl$fcmpinf)
    x$fpl$fdiv                               0x00002108   Section      388  fdiv.o(x$fpl$fdiv)
    _fdiv1                                   0x00002109   Thumb Code     0  fdiv.o(x$fpl$fdiv)
    x$fpl$feqf                               0x0000228c   Section      104  feqf.o(x$fpl$feqf)
    x$fpl$ffix                               0x000022f4   Section       54  ffix.o(x$fpl$ffix)
    x$fpl$ffltu                              0x0000232c   Section       38  fflt_clz.o(x$fpl$ffltu)
    x$fpl$fleqf                              0x00002354   Section      104  fleqf.o(x$fpl$fleqf)
    x$fpl$fmul                               0x000023bc   Section      258  fmul.o(x$fpl$fmul)
    x$fpl$fnaninf                            0x000024be   Section      140  fnaninf.o(x$fpl$fnaninf)
    x$fpl$fretinf                            0x0000254a   Section       10  fretinf.o(x$fpl$fretinf)
    x$fpl$frleqf                             0x00002554   Section       98  frleqf.o(x$fpl$frleqf)
    x$fpl$fsub                               0x000025b8   Section      234  faddsub_clz.o(x$fpl$fsub)
    _fsub1                                   0x000025c7   Thumb Code     0  faddsub_clz.o(x$fpl$fsub)
    x$fpl$retnan                             0x000026a2   Section      100  retnan.o(x$fpl$retnan)
    x$fpl$scalbn                             0x00002706   Section       92  scalbn.o(x$fpl$scalbn)
    x$fpl$trapveneer                         0x00002762   Section       48  trapv.o(x$fpl$trapveneer)
    x$fpl$usenofp                            0x00002792   Section        0  usenofp.o(x$fpl$usenofp)
    .constdata                               0x00002794   Section      116  arm_fir_example_f32.o(.constdata)
    .constdata                               0x00002808   Section       56  log.o(.constdata)
    Lg2                                      0x00002808   Data          24  log.o(.constdata)
    Lg                                       0x00002820   Data          32  log.o(.constdata)
    .constdata                               0x00002840   Section        8  qnan.o(.constdata)
    .data                                    0x20000000   Section     2560  arm_fir_data.o(.data)
    .data                                    0x20000a00   Section       12  arm_fir_example_f32.o(.data)
    .data                                    0x20000a0c   Section        4  system_armcm3.o(.data)
    .bss                                     0x20000a10   Section     1520  arm_fir_example_f32.o(.bss)
    testOutput                               0x20000a10   Data        1280  arm_fir_example_f32.o(.bss)
    firStateF32                              0x20000f10   Data         240  arm_fir_example_f32.o(.bss)
    .bss                                     0x20001000   Section       96  libspace.o(.bss)
    HEAP                                     0x20001060   Section     3072  startup_armcm3.o(HEAP)
    Heap_Mem                                 0x20001060   Data        3072  startup_armcm3.o(HEAP)
    STACK                                    0x20001c60   Section     1024  startup_armcm3.o(STACK)
    Stack_Mem                                0x20001c60   Data        1024  startup_armcm3.o(STACK)
    __initial_sp                             0x20002060   Data           0  startup_armcm3.o(STACK)

    Global Symbols

    Symbol Name                              Value     Ov Type        Size  Object(Section)

    BuildAttributes$$THM_ISAv4$P$D$K$B$S$PE$A:L22UL41UL21$X:L11$S22US41US21$IEEE1$IW$USESV6$~STKCKD$USESV7$~SHL$OTIME$ROPI$IEEEJ$EBA8$UX$STANDARDLIB$REQ8$PRES8$EABIv2 0x00000000   Number         0  anon$$obj.o ABSOLUTE
    __ARM_use_no_argv                        0x00000000   Number         0  arm_fir_example_f32.o ABSOLUTE
    __Vectors                                0x00000000   Data           4  startup_armcm3.o(RESET)
    __ARM_exceptions_init                     - Undefined Weak Reference
    __alloca_initialize                       - Undefined Weak Reference
    __cpp_initialize__aeabi_                  - Undefined Weak Reference
    __cxa_finalize                            - Undefined Weak Reference
    __rt_locale                               - Undefined Weak Reference
    __sigvec_lookup                           - Undefined Weak Reference
    _atexit_init                              - Undefined Weak Reference
    _call_atexit_fns                          - Undefined Weak Reference
    _clock_init                               - Undefined Weak Reference
    _fp_trap_init                             - Undefined Weak Reference
    _fp_trap_shutdown                         - Undefined Weak Reference
    _get_lc_collate                           - Undefined Weak Reference
    _get_lc_ctype                             - Undefined Weak Reference
    _get_lc_monetary                          - Undefined Weak Reference
    _get_lc_numeric                           - Undefined Weak Reference
    _get_lc_time                              - Undefined Weak Reference
    _getenv_init                              - Undefined Weak Reference
    _handle_redirection                       - Undefined Weak Reference
    _init_alloc                               - Undefined Weak Reference
    _init_user_alloc                          - Undefined Weak Reference
    _initio                                   - Undefined Weak Reference
    _rand_init                                - Undefined Weak Reference
    _signal_finish                            - Undefined Weak Reference
    _signal_init                              - Undefined Weak Reference
    _terminate_alloc                          - Undefined Weak Reference
    _terminate_user_alloc                     - Undefined Weak Reference
    _terminateio                              - Undefined Weak Reference
    __Vectors_End                            0x000000c0   Data           0  startup_armcm3.o(RESET)
    __Vectors_Size                           0x000000c0   Number         0  startup_armcm3.o ABSOLUTE
    __main                                   0x000000c1   Thumb Code     8  __main.o(!!!main)
    __scatterload                            0x000000c9   Thumb Code     0  __scatter.o(!!!scatter)
    __scatterload_rt2                        0x000000c9   Thumb Code    44  __scatter.o(!!!scatter)
    __scatterload_rt2_thumb_only             0x000000c9   Thumb Code     0  __scatter.o(!!!scatter)
    __scatterload_null                       0x000000d7   Thumb Code     0  __scatter.o(!!!scatter)
    __decompress                             0x000000fd   Thumb Code   100  __dclz77c.o(!!dclz77c)
    __decompress2                            0x000000fd   Thumb Code     0  __dclz77c.o(!!dclz77c)
    __scatterload_zeroinit                   0x00000161   Thumb Code    28  __scatter_zi.o(!!handler_zi)
    __rt_lib_init                            0x0000017d   Thumb Code     0  libinit.o(.ARM.Collect$$libinit$$00000000)
    __rt_lib_init_alloca_1                   0x0000017f   Thumb Code     0  libinit2.o(.ARM.Collect$$libinit$$0000002C)
    __rt_lib_init_argv_1                     0x0000017f   Thumb Code     0  libinit2.o(.ARM.Collect$$libinit$$0000002A)
    __rt_lib_init_atexit_1                   0x0000017f   Thumb Code     0  libinit2.o(.ARM.Collect$$libinit$$00000019)
    __rt_lib_init_clock_1                    0x0000017f   Thumb Code     0  libinit2.o(.ARM.Collect$$libinit$$0000001F)
    __rt_lib_init_cpp_1                      0x0000017f   Thumb Code     0  libinit2.o(.ARM.Collect$$libinit$$00000030)
    __rt_lib_init_exceptions_1               0x0000017f   Thumb Code     0  libinit2.o(.ARM.Collect$$libinit$$0000002E)
    __rt_lib_init_fp_1                       0x0000017f   Thumb Code     0  libinit2.o(.ARM.Collect$$libinit$$00000002)
    __rt_lib_init_fp_trap_1                  0x0000017f   Thumb Code     0  libinit2.o(.ARM.Collect$$libinit$$0000001D)
    __rt_lib_init_getenv_1                   0x0000017f   Thumb Code     0  libinit2.o(.ARM.Collect$$libinit$$00000021)
    __rt_lib_init_heap_1                     0x0000017f   Thumb Code     0  libinit2.o(.ARM.Collect$$libinit$$00000008)
    __rt_lib_init_lc_collate_1               0x0000017f   Thumb Code     0  libinit2.o(.ARM.Collect$$libinit$$0000000F)
    __rt_lib_init_lc_ctype_1                 0x0000017f   Thumb Code     0  libinit2.o(.ARM.Collect$$libinit$$00000011)
    __rt_lib_init_lc_monetary_1              0x0000017f   Thumb Code     0  libinit2.o(.ARM.Collect$$libinit$$00000013)
    __rt_lib_init_lc_numeric_1               0x0000017f   Thumb Code     0  libinit2.o(.ARM.Collect$$libinit$$00000015)
    __rt_lib_init_lc_time_1                  0x0000017f   Thumb Code     0  libinit2.o(.ARM.Collect$$libinit$$00000017)
    __rt_lib_init_rand_1                     0x0000017f   Thumb Code     0  libinit2.o(.ARM.Collect$$libinit$$0000000C)
    __rt_lib_init_return                     0x0000017f   Thumb Code     0  libinit2.o(.ARM.Collect$$libinit$$00000031)
    __rt_lib_init_signal_1                   0x0000017f   Thumb Code     0  libinit2.o(.ARM.Collect$$libinit$$0000001B)
    __rt_lib_init_stdio_1                    0x0000017f   Thumb Code     0  libinit2.o(.ARM.Collect$$libinit$$00000023)
    __rt_lib_init_user_alloc_1               0x0000017f   Thumb Code     0  libinit2.o(.ARM.Collect$$libinit$$0000000A)
    __rt_lib_shutdown                        0x00000181   Thumb Code     0  libshutdown.o(.ARM.Collect$$libshutdown$$00000000)
    __rt_lib_shutdown_fp_trap_1              0x00000183   Thumb Code     0  libshutdown2.o(.ARM.Collect$$libshutdown$$00000006)
    __rt_lib_shutdown_heap_1                 0x00000183   Thumb Code     0  libshutdown2.o(.ARM.Collect$$libshutdown$$0000000E)
    __rt_lib_shutdown_return                 0x00000183   Thumb Code     0  libshutdown2.o(.ARM.Collect$$libshutdown$$0000000F)
    __rt_lib_shutdown_signal_1               0x00000183   Thumb Code     0  libshutdown2.o(.ARM.Collect$$libshutdown$$00000009)
    __rt_lib_shutdown_stdio_1                0x00000183   Thumb Code     0  libshutdown2.o(.ARM.Collect$$libshutdown$$00000003)
    __rt_lib_shutdown_user_alloc_1           0x00000183   Thumb Code     0  libshutdown2.o(.ARM.Collect$$libshutdown$$0000000B)
    __rt_entry                               0x00000185   Thumb Code     0  rtentry.o(.ARM.Collect$$rtentry$$00000000)
    __rt_entry_presh_1                       0x00000185   Thumb Code     0  rtentry2.o(.ARM.Collect$$rtentry$$00000002)
    __rt_entry_sh                            0x00000185   Thumb Code     0  rtentry4.o(.ARM.Collect$$rtentry$$00000004)
    __rt_entry_li                            0x0000018b   Thumb Code     0  rtentry2.o(.ARM.Collect$$rtentry$$0000000A)
    __rt_entry_postsh_1                      0x0000018b   Thumb Code     0  rtentry2.o(.ARM.Collect$$rtentry$$00000009)
    __rt_entry_main                          0x0000018f   Thumb Code     0  rtentry2.o(.ARM.Collect$$rtentry$$0000000D)
    __rt_entry_postli_1                      0x0000018f   Thumb Code     0  rtentry2.o(.ARM.Collect$$rtentry$$0000000C)
    __rt_exit                                0x00000197   Thumb Code     0  rtexit.o(.ARM.Collect$$rtexit$$00000000)
    __rt_exit_ls                             0x00000199   Thumb Code     0  rtexit2.o(.ARM.Collect$$rtexit$$00000003)
    __rt_exit_prels_1                        0x00000199   Thumb Code     0  rtexit2.o(.ARM.Collect$$rtexit$$00000002)
    __rt_exit_exit                           0x0000019d   Thumb Code     0  rtexit2.o(.ARM.Collect$$rtexit$$00000004)
    main                                     0x000001a5   Thumb Code   114  arm_fir_example_f32.o(.text)
    arm_snr_f32                              0x0000023d   Thumb Code   202  math_helper.o(.text)
    arm_provide_guard_bits_q15               0x00000307   Thumb Code    26  math_helper.o(.text)
    arm_float_to_q12_20                      0x00000321   Thumb Code   120  math_helper.o(.text)
    arm_compare_fixed_q15                    0x00000399   Thumb Code    54  math_helper.o(.text)
    arm_compare_fixed_q31                    0x000003cf   Thumb Code    54  math_helper.o(.text)
    arm_provide_guard_bits_q31               0x00000405   Thumb Code    26  math_helper.o(.text)
    arm_provide_guard_bits_q7                0x0000041f   Thumb Code    22  math_helper.o(.text)
    arm_calc_guard_bits                      0x00000435   Thumb Code    28  math_helper.o(.text)
    arm_calc_2pow                            0x00000451   Thumb Code    18  math_helper.o(.text)
    arm_apply_guard_bits                     0x00000463   Thumb Code    50  math_helper.o(.text)
    arm_float_to_q14                         0x00000495   Thumb Code   126  math_helper.o(.text)
    arm_float_to_q30                         0x00000513   Thumb Code   122  math_helper.o(.text)
    arm_float_to_q29                         0x0000058d   Thumb Code   122  math_helper.o(.text)
    arm_float_to_q28                         0x00000607   Thumb Code   142  math_helper.o(.text)
    arm_clip_f32                             0x00000695   Thumb Code    60  math_helper.o(.text)
    Reset_Handler                            0x000006d9   Thumb Code     8  startup_armcm3.o(.text)
    NMI_Handler                              0x000006e1   Thumb Code     2  startup_armcm3.o(.text)
    HardFault_Handler                        0x000006e3   Thumb Code     2  startup_armcm3.o(.text)
    MemManage_Handler                        0x000006e5   Thumb Code     2  startup_armcm3.o(.text)
    BusFault_Handler                         0x000006e7   Thumb Code     2  startup_armcm3.o(.text)
    UsageFault_Handler                       0x000006e9   Thumb Code     2  startup_armcm3.o(.text)
    SVC_Handler                              0x000006eb   Thumb Code     2  startup_armcm3.o(.text)
    DebugMon_Handler                         0x000006ed   Thumb Code     2  startup_armcm3.o(.text)
    PendSV_Handler                           0x000006ef   Thumb Code     2  startup_armcm3.o(.text)
    SysTick_Handler                          0x000006f1   Thumb Code     2  startup_armcm3.o(.text)
    AACI_IRQHandler                          0x000006f3   Thumb Code     0  startup_armcm3.o(.text)
    CAN_IRQHandler                           0x000006f3   Thumb Code     0  startup_armcm3.o(.text)
    CHLCD_IRQHandler                         0x000006f3   Thumb Code     0  startup_armcm3.o(.text)
    CLCD_IRQHandler                          0x000006f3   Thumb Code     0  startup_armcm3.o(.text)
    CPU_CLCD_IRQHandler                      0x000006f3   Thumb Code     0  startup_armcm3.o(.text)
    ENET_IRQHandler                          0x000006f3   Thumb Code     0  startup_armcm3.o(.text)
    FLEXRAY_IRQHandler                       0x000006f3   Thumb Code     0  startup_armcm3.o(.text)
    I2C_IRQHandler                           0x000006f3   Thumb Code     0  startup_armcm3.o(.text)
    LIN_IRQHandler                           0x000006f3   Thumb Code     0  startup_armcm3.o(.text)
    MCIA_IRQHandler                          0x000006f3   Thumb Code     0  startup_armcm3.o(.text)
    MCIB_IRQHandler                          0x000006f3   Thumb Code     0  startup_armcm3.o(.text)
    RTC_IRQHandler                           0x000006f3   Thumb Code     0  startup_armcm3.o(.text)
    SPI_IRQHandler                           0x000006f3   Thumb Code     0  startup_armcm3.o(.text)
    TIM0_IRQHandler                          0x000006f3   Thumb Code     0  startup_armcm3.o(.text)
    TIM2_IRQHandler                          0x000006f3   Thumb Code     0  startup_armcm3.o(.text)
    UART0_IRQHandler                         0x000006f3   Thumb Code     0  startup_armcm3.o(.text)
    UART1_IRQHandler                         0x000006f3   Thumb Code     0  startup_armcm3.o(.text)
    UART2_IRQHandler                         0x000006f3   Thumb Code     0  startup_armcm3.o(.text)
    UART3_IRQHandler                         0x000006f3   Thumb Code     0  startup_armcm3.o(.text)
    UART4_IRQHandler                         0x000006f3   Thumb Code     0  startup_armcm3.o(.text)
    USBDC_IRQHandler                         0x000006f3   Thumb Code     0  startup_armcm3.o(.text)
    USBHC_IRQHandler                         0x000006f3   Thumb Code     0  startup_armcm3.o(.text)
    WDT_IRQHandler                           0x000006f3   Thumb Code     0  startup_armcm3.o(.text)
    __user_initial_stackheap                 0x000006f5   Thumb Code    10  startup_armcm3.o(.text)
    SystemCoreClockUpdate                    0x00000719   Thumb Code     8  system_armcm3.o(.text)
    SystemInit                               0x00000721   Thumb Code     8  system_armcm3.o(.text)
    arm_fir_f32                              0x00000731   Thumb Code  2338  arm_fir_f32.o(.text)
    arm_fir_init_f32                         0x00001053   Thumb Code    28  arm_fir_init_f32.o(.text)
    __aeabi_memclr4                          0x0000106f   Thumb Code     0  rt_memclr_w.o(.text)
    __aeabi_memclr8                          0x0000106f   Thumb Code     0  rt_memclr_w.o(.text)
    __rt_memclr_w                            0x0000106f   Thumb Code    78  rt_memclr_w.o(.text)
    _memset_w                                0x00001073   Thumb Code     0  rt_memclr_w.o(.text)
    __use_two_region_memory                  0x000010bd   Thumb Code     2  heapauxi.o(.text)
    __rt_heap_escrow$2region                 0x000010bf   Thumb Code     2  heapauxi.o(.text)
    __rt_heap_expand$2region                 0x000010c1   Thumb Code     2  heapauxi.o(.text)
    __read_errno                             0x000010c3   Thumb Code    10  _rserrno.o(.text)
    __set_errno                              0x000010cd   Thumb Code    12  _rserrno.o(.text)
    __aeabi_errno_addr                       0x000010d9   Thumb Code     8  rt_errno_addr_intlibspace.o(.text)
    __errno$intlibspace                      0x000010d9   Thumb Code     0  rt_errno_addr_intlibspace.o(.text)
    __rt_errno_addr$intlibspace              0x000010d9   Thumb Code     0  rt_errno_addr_intlibspace.o(.text)
    __user_libspace                          0x000010e1   Thumb Code     8  libspace.o(.text)
    __user_perproc_libspace                  0x000010e1   Thumb Code     0  libspace.o(.text)
    __user_perthread_libspace                0x000010e1   Thumb Code     0  libspace.o(.text)
    __user_setup_stackheap                   0x000010e9   Thumb Code    74  sys_stackheap_outer.o(.text)
    exit                                     0x00001133   Thumb Code    12  exit.o(.text)
    _sys_exit                                0x00001141   Thumb Code     8  sys_exit.o(.text)
    __I$use$semihosting                      0x0000114d   Thumb Code     0  use_no_semi.o(.text)
    __use_no_semihosting_swi                 0x0000114d   Thumb Code     2  use_no_semi.o(.text)
    __kernel_poly                            0x0000114f   Thumb Code   170  poly.o(i.__kernel_poly)
    __semihosting_library_function           0x0000114f   Thumb Code     0  indicate_semi.o(.text)
    log                                      0x000011f9   Thumb Code   822  log.o(i.log)
    log10                                    0x00001569   Thumb Code   212  log10.o(i.log10)
    __aeabi_d2f                              0x0000165d   Thumb Code     0  d2f.o(x$fpl$d2f)
    _d2f                                     0x0000165d   Thumb Code    98  d2f.o(x$fpl$d2f)
    __aeabi_dadd                             0x000016c1   Thumb Code     0  daddsub_clz.o(x$fpl$dadd)
    _dadd                                    0x000016c1   Thumb Code   332  daddsub_clz.o(x$fpl$dadd)
    __fpl_dcheck_NaN1                        0x00001811   Thumb Code    10  dcheck1.o(x$fpl$dcheck1)
    __fpl_dcmp_Inf                           0x00001821   Thumb Code    24  dcmpi.o(x$fpl$dcmpinf)
    __aeabi_ddiv                             0x00001839   Thumb Code     0  ddiv.o(x$fpl$ddiv)
    _ddiv                                    0x00001839   Thumb Code   552  ddiv.o(x$fpl$ddiv)
    __aeabi_cdcmpeq                          0x00001ae9   Thumb Code     0  deqf.o(x$fpl$deqf)
    _dcmpeq                                  0x00001ae9   Thumb Code   120  deqf.o(x$fpl$deqf)
    __aeabi_d2iz                             0x00001b61   Thumb Code     0  dfix.o(x$fpl$dfix)
    _dfix                                    0x00001b61   Thumb Code    94  dfix.o(x$fpl$dfix)
    __aeabi_i2d                              0x00001bbf   Thumb Code     0  dflt_clz.o(x$fpl$dflt)
    _dflt                                    0x00001bbf   Thumb Code    46  dflt_clz.o(x$fpl$dflt)
    __aeabi_dmul                             0x00001bed   Thumb Code     0  dmul.o(x$fpl$dmul)
    _dmul                                    0x00001bed   Thumb Code   332  dmul.o(x$fpl$dmul)
    __fpl_dnaninf                            0x00001d41   Thumb Code   156  dnaninf.o(x$fpl$dnaninf)
    __fpl_dretinf                            0x00001ddd   Thumb Code    12  dretinf.o(x$fpl$dretinf)
    __aeabi_drsub                            0x00001de9   Thumb Code     0  daddsub_clz.o(x$fpl$drsb)
    _drsb                                    0x00001de9   Thumb Code    22  daddsub_clz.o(x$fpl$drsb)
    __aeabi_dsub                             0x00001e01   Thumb Code     0  daddsub_clz.o(x$fpl$dsub)
    _dsub                                    0x00001e01   Thumb Code   464  daddsub_clz.o(x$fpl$dsub)
    __aeabi_f2d                              0x00001fd5   Thumb Code     0  f2d.o(x$fpl$f2d)
    _f2d                                     0x00001fd5   Thumb Code    86  f2d.o(x$fpl$f2d)
    __aeabi_fadd                             0x0000202d   Thumb Code     0  faddsub_clz.o(x$fpl$fadd)
    _fadd                                    0x0000202d   Thumb Code   196  faddsub_clz.o(x$fpl$fadd)
    __fpl_fcmp_Inf                           0x000020f1   Thumb Code    24  fcmpi.o(x$fpl$fcmpinf)
    __aeabi_fdiv                             0x00002109   Thumb Code     0  fdiv.o(x$fpl$fdiv)
    _fdiv                                    0x00002109   Thumb Code   384  fdiv.o(x$fpl$fdiv)
    __aeabi_cfcmpeq                          0x0000228d   Thumb Code     0  feqf.o(x$fpl$feqf)
    _fcmpeq                                  0x0000228d   Thumb Code   104  feqf.o(x$fpl$feqf)
    __aeabi_f2iz                             0x000022f5   Thumb Code     0  ffix.o(x$fpl$ffix)
    _ffix                                    0x000022f5   Thumb Code    54  ffix.o(x$fpl$ffix)
    __aeabi_ui2f                             0x0000232d   Thumb Code     0  fflt_clz.o(x$fpl$ffltu)
    _ffltu                                   0x0000232d   Thumb Code    38  fflt_clz.o(x$fpl$ffltu)
    __aeabi_cfcmple                          0x00002355   Thumb Code     0  fleqf.o(x$fpl$fleqf)
    _fcmple                                  0x00002355   Thumb Code   104  fleqf.o(x$fpl$fleqf)
    __fpl_fcmple_InfNaN                      0x000023a7   Thumb Code     0  fleqf.o(x$fpl$fleqf)
    __aeabi_fmul                             0x000023bd   Thumb Code     0  fmul.o(x$fpl$fmul)
    _fmul                                    0x000023bd   Thumb Code   258  fmul.o(x$fpl$fmul)
    __fpl_fnaninf                            0x000024bf   Thumb Code   140  fnaninf.o(x$fpl$fnaninf)
    __fpl_fretinf                            0x0000254b   Thumb Code    10  fretinf.o(x$fpl$fretinf)
    __aeabi_cfrcmple                         0x00002555   Thumb Code     0  frleqf.o(x$fpl$frleqf)
    _frcmple                                 0x00002555   Thumb Code    98  frleqf.o(x$fpl$frleqf)
    __aeabi_fsub                             0x000025b9   Thumb Code     0  faddsub_clz.o(x$fpl$fsub)
    _fsub                                    0x000025b9   Thumb Code   234  faddsub_clz.o(x$fpl$fsub)
    __fpl_return_NaN                         0x000026a3   Thumb Code   100  retnan.o(x$fpl$retnan)
    __ARM_scalbn                             0x00002707   Thumb Code    92  scalbn.o(x$fpl$scalbn)
    __fpl_cmpreturn                          0x00002763   Thumb Code    48  trapv.o(x$fpl$trapveneer)
    __I$use$fp                               0x00002792   Number         0  usenofp.o(x$fpl$usenofp)
    firCoeffs32                              0x00002794   Data         116  arm_fir_example_f32.o(.constdata)
    __mathlib_zero                           0x00002840   Data           8  qnan.o(.constdata)
    Region$$Table$$Base                      0x00002848   Number         0  anon$$obj.o(Region$$Table)
    Region$$Table$$Limit                     0x00002868   Number         0  anon$$obj.o(Region$$Table)
    testInput_f32_1kHz_15kHz                 0x20000000   Data        1280  arm_fir_data.o(.data)
    refOutput                                0x20000500   Data        1280  arm_fir_data.o(.data)
    blockSize                                0x20000a00   Data           4  arm_fir_example_f32.o(.data)
    numBlocks                                0x20000a04   Data           4  arm_fir_example_f32.o(.data)
    snr                                      0x20000a08   Data           4  arm_fir_example_f32.o(.data)
    SystemCoreClock                          0x20000a0c   Data           4  system_armcm3.o(.data)
    __libspace_start                         0x20001000   Data          96  libspace.o(.bss)
    __temporary_stack_top$libspace           0x20001060   Data           0  libspace.o(.bss)



==============================================================================

Memory Map of the image

  Image Entry point : 0x000006d9

  Load Region LR_1 (Base: 0x00000000, Size: 0x00003278, Max: 0xffffffff, ABSOLUTE, COMPRESSED[0x00002a18])

    Execution Region ER_RO (Base: 0x00000000, Size: 0x00002868, Max: 0xffffffff, ABSOLUTE)

    Base Addr    Size         Type   Attr      Idx    E Section Name        Object

    0x00000000   0x000000c0   Data   RO           94    RESET               startup_armcm3.o
    0x000000c0   0x00000008   Code   RO          200  * !!!main             c_w.l(__main.o)
    0x000000c8   0x00000034   Code   RO          461    !!!scatter          c_w.l(__scatter.o)
    0x000000fc   0x00000064   Code   RO          459    !!dclz77c           c_w.l(__dclz77c.o)
    0x00000160   0x0000001c   Code   RO          463    !!handler_zi        c_w.l(__scatter_zi.o)
    0x0000017c   0x00000002   Code   RO          329    .ARM.Collect$$libinit$$00000000  c_w.l(libinit.o)
    0x0000017e   0x00000000   Code   RO          337    .ARM.Collect$$libinit$$00000002  c_w.l(libinit2.o)
    0x0000017e   0x00000000   Code   RO          340    .ARM.Collect$$libinit$$00000008  c_w.l(libinit2.o)
    0x0000017e   0x00000000   Code   RO          342    .ARM.Collect$$libinit$$0000000A  c_w.l(libinit2.o)
    0x0000017e   0x00000000   Code   RO          344    .ARM.Collect$$libinit$$0000000C  c_w.l(libinit2.o)
    0x0000017e   0x00000000   Code   RO          347    .ARM.Collect$$libinit$$0000000F  c_w.l(libinit2.o)
    0x0000017e   0x00000000   Code   RO          349    .ARM.Collect$$libinit$$00000011  c_w.l(libinit2.o)
    0x0000017e   0x00000000   Code   RO          351    .ARM.Collect$$libinit$$00000013  c_w.l(libinit2.o)
    0x0000017e   0x00000000   Code   RO          353    .ARM.Collect$$libinit$$00000015  c_w.l(libinit2.o)
    0x0000017e   0x00000000   Code   RO          355    .ARM.Collect$$libinit$$00000017  c_w.l(libinit2.o)
    0x0000017e   0x00000000   Code   RO          357    .ARM.Collect$$libinit$$00000019  c_w.l(libinit2.o)
    0x0000017e   0x00000000   Code   RO          359    .ARM.Collect$$libinit$$0000001B  c_w.l(libinit2.o)
    0x0000017e   0x00000000   Code   RO          361    .ARM.Collect$$libinit$$0000001D  c_w.l(libinit2.o)
    0x0000017e   0x00000000   Code   RO          363    .ARM.Collect$$libinit$$0000001F  c_w.l(libinit2.o)
    0x0000017e   0x00000000   Code   RO          365    .ARM.Collect$$libinit$$00000021  c_w.l(libinit2.o)
    0x0000017e   0x00000000   Code   RO          367    .ARM.Collect$$libinit$$00000023  c_w.l(libinit2.o)
    0x0000017e   0x00000000   Code   RO          371    .ARM.Collect$$libinit$$0000002A  c_w.l(libinit2.o)
    0x0000017e   0x00000000   Code   RO          373    .ARM.Collect$$libinit$$0000002C  c_w.l(libinit2.o)
    0x0000017e   0x00000000   Code   RO          375    .ARM.Collect$$libinit$$0000002E  c_w.l(libinit2.o)
    0x0000017e   0x00000000   Code   RO          377    .ARM.Collect$$libinit$$00000030  c_w.l(libinit2.o)
    0x0000017e   0x00000002   Code   RO          378    .ARM.Collect$$libinit$$00000031  c_w.l(libinit2.o)
    0x00000180   0x00000002   Code   RO          400    .ARM.Collect$$libshutdown$$00000000  c_w.l(libshutdown.o)
    0x00000182   0x00000000   Code   RO          414    .ARM.Collect$$libshutdown$$00000003  c_w.l(libshutdown2.o)
    0x00000182   0x00000000   Code   RO          417    .ARM.Collect$$libshutdown$$00000006  c_w.l(libshutdown2.o)
    0x00000182   0x00000000   Code   RO          420    .ARM.Collect$$libshutdown$$00000009  c_w.l(libshutdown2.o)
    0x00000182   0x00000000   Code   RO          422    .ARM.Collect$$libshutdown$$0000000B  c_w.l(libshutdown2.o)
    0x00000182   0x00000000   Code   RO          425    .ARM.Collect$$libshutdown$$0000000E  c_w.l(libshutdown2.o)
    0x00000182   0x00000002   Code   RO          426    .ARM.Collect$$libshutdown$$0000000F  c_w.l(libshutdown2.o)
    0x00000184   0x00000000   Code   RO          260    .ARM.Collect$$rtentry$$00000000  c_w.l(rtentry.o)
    0x00000184   0x00000000   Code   RO          291    .ARM.Collect$$rtentry$$00000002  c_w.l(rtentry2.o)
    0x00000184   0x00000006   Code   RO          303    .ARM.Collect$$rtentry$$00000004  c_w.l(rtentry4.o)
    0x0000018a   0x00000000   Code   RO          293    .ARM.Collect$$rtentry$$00000009  c_w.l(rtentry2.o)
    0x0000018a   0x00000004   Code   RO          294    .ARM.Collect$$rtentry$$0000000A  c_w.l(rtentry2.o)
    0x0000018e   0x00000000   Code   RO          296    .ARM.Collect$$rtentry$$0000000C  c_w.l(rtentry2.o)
    0x0000018e   0x00000008   Code   RO          297    .ARM.Collect$$rtentry$$0000000D  c_w.l(rtentry2.o)
    0x00000196   0x00000002   Code   RO          334    .ARM.Collect$$rtexit$$00000000  c_w.l(rtexit.o)
    0x00000198   0x00000000   Code   RO          382    .ARM.Collect$$rtexit$$00000002  c_w.l(rtexit2.o)
    0x00000198   0x00000004   Code   RO          383    .ARM.Collect$$rtexit$$00000003  c_w.l(rtexit2.o)
    0x0000019c   0x00000006   Code   RO          384    .ARM.Collect$$rtexit$$00000004  c_w.l(rtexit2.o)
    0x000001a2   0x00000002   PAD
    0x000001a4   0x00000098   Code   RO           45    .text               arm_fir_example_f32.o
    0x0000023c   0x0000049c   Code   RO           74    .text               math_helper.o
    0x000006d8   0x00000040   Code   RO           95  * .text               startup_armcm3.o
    0x00000718   0x00000018   Code   RO          101    .text               system_armcm3.o
    0x00000730   0x00000922   Code   RO          134    .text               arm_cortexM3l_math.lib(arm_fir_f32.o)
    0x00001052   0x0000001c   Code   RO          176    .text               arm_cortexM3l_math.lib(arm_fir_init_f32.o)
    0x0000106e   0x0000004e   Code   RO          196    .text               c_w.l(rt_memclr_w.o)
    0x000010bc   0x00000006   Code   RO          198    .text               c_w.l(heapauxi.o)
    0x000010c2   0x00000016   Code   RO          261    .text               c_w.l(_rserrno.o)
    0x000010d8   0x00000008   Code   RO          308    .text               c_w.l(rt_errno_addr_intlibspace.o)
    0x000010e0   0x00000008   Code   RO          317    .text               c_w.l(libspace.o)
    0x000010e8   0x0000004a   Code   RO          320    .text               c_w.l(sys_stackheap_outer.o)
    0x00001132   0x0000000c   Code   RO          322    .text               c_w.l(exit.o)
    0x0000113e   0x00000002   PAD
    0x00001140   0x0000000c   Code   RO          392    .text               c_w.l(sys_exit.o)
    0x0000114c   0x00000002   Code   RO          403    .text               c_w.l(use_no_semi.o)
    0x0000114e   0x00000000   Code   RO          405    .text               c_w.l(indicate_semi.o)
    0x0000114e   0x000000aa   Code   RO          314    i.__kernel_poly     m_ws.l(poly.o)
    0x000011f8   0x00000370   Code   RO          281    i.log               m_ws.l(log.o)
    0x00001568   0x000000f4   Code   RO          253    i.log10             m_ws.l(log10.o)
    0x0000165c   0x00000062   Code   RO          202    x$fpl$d2f           fz_ws.l(d2f.o)
    0x000016be   0x00000002   PAD
    0x000016c0   0x00000150   Code   RO          204    x$fpl$dadd          fz_ws.l(daddsub_clz.o)
    0x00001810   0x00000010   Code   RO          310    x$fpl$dcheck1       fz_ws.l(dcheck1.o)
    0x00001820   0x00000018   Code   RO          330    x$fpl$dcmpinf       fz_ws.l(dcmpi.o)
    0x00001838   0x000002b0   Code   RO          264    x$fpl$ddiv          fz_ws.l(ddiv.o)
    0x00001ae8   0x00000078   Code   RO          312    x$fpl$deqf          fz_ws.l(deqf.o)
    0x00001b60   0x0000005e   Code   RO          210    x$fpl$dfix          fz_ws.l(dfix.o)
    0x00001bbe   0x0000002e   Code   RO          215    x$fpl$dflt          fz_ws.l(dflt_clz.o)
    0x00001bec   0x00000154   Code   RO          220    x$fpl$dmul          fz_ws.l(dmul.o)
    0x00001d40   0x0000009c   Code   RO          267    x$fpl$dnaninf       fz_ws.l(dnaninf.o)
    0x00001ddc   0x0000000c   Code   RO          269    x$fpl$dretinf       fz_ws.l(dretinf.o)
    0x00001de8   0x00000016   Code   RO          205    x$fpl$drsb          fz_ws.l(daddsub_clz.o)
    0x00001dfe   0x00000002   PAD
    0x00001e00   0x000001d4   Code   RO          206    x$fpl$dsub          fz_ws.l(daddsub_clz.o)
    0x00001fd4   0x00000056   Code   RO          222    x$fpl$f2d           fz_ws.l(f2d.o)
    0x0000202a   0x00000002   PAD
    0x0000202c   0x000000c4   Code   RO          224    x$fpl$fadd          fz_ws.l(faddsub_clz.o)
    0x000020f0   0x00000018   Code   RO          271    x$fpl$fcmpinf       fz_ws.l(fcmpi.o)
    0x00002108   0x00000184   Code   RO          231    x$fpl$fdiv          fz_ws.l(fdiv.o)
    0x0000228c   0x00000068   Code   RO          234    x$fpl$feqf          fz_ws.l(feqf.o)
    0x000022f4   0x00000036   Code   RO          236    x$fpl$ffix          fz_ws.l(ffix.o)
    0x0000232a   0x00000002   PAD
    0x0000232c   0x00000026   Code   RO          240    x$fpl$ffltu         fz_ws.l(fflt_clz.o)
    0x00002352   0x00000002   PAD
    0x00002354   0x00000068   Code   RO          246    x$fpl$fleqf         fz_ws.l(fleqf.o)
    0x000023bc   0x00000102   Code   RO          248    x$fpl$fmul          fz_ws.l(fmul.o)
    0x000024be   0x0000008c   Code   RO          273    x$fpl$fnaninf       fz_ws.l(fnaninf.o)
    0x0000254a   0x0000000a   Code   RO          275    x$fpl$fretinf       fz_ws.l(fretinf.o)
    0x00002554   0x00000062   Code   RO          250    x$fpl$frleqf        fz_ws.l(frleqf.o)
    0x000025b6   0x00000002   PAD
    0x000025b8   0x000000ea   Code   RO          226    x$fpl$fsub          fz_ws.l(faddsub_clz.o)
    0x000026a2   0x00000064   Code   RO          332    x$fpl$retnan        fz_ws.l(retnan.o)
    0x00002706   0x0000005c   Code   RO          277    x$fpl$scalbn        fz_ws.l(scalbn.o)
    0x00002762   0x00000030   Code   RO          379    x$fpl$trapveneer    fz_ws.l(trapv.o)
    0x00002792   0x00000000   Code   RO          279    x$fpl$usenofp       fz_ws.l(usenofp.o)
    0x00002792   0x00000002   PAD
    0x00002794   0x00000074   Data   RO           47    .constdata          arm_fir_example_f32.o
    0x00002808   0x00000038   Data   RO          282    .constdata          m_ws.l(log.o)
    0x00002840   0x00000008   Data   RO          316    .constdata          m_ws.l(qnan.o)
    0x00002848   0x00000020   Data   RO          457    Region$$Table       anon$$obj.o


    Execution Region ER_RW (Base: 0x20000000, Size: 0x00000a10, Max: 0xffffffff, ABSOLUTE, COMPRESSED[0x000001b0])

    Base Addr    Size         Type   Attr      Idx    E Section Name        Object

    0x20000000   0x00000a00   Data   RW            3    .data               arm_fir_data.o
    0x20000a00   0x0000000c   Data   RW           48    .data               arm_fir_example_f32.o
    0x20000a0c   0x00000004   Data   RW          102    .data               system_armcm3.o


    Execution Region ER_ZI (Base: 0x20000a10, Size: 0x00001650, Max: 0xffffffff, ABSOLUTE)

    Base Addr    Size         Type   Attr      Idx    E Section Name        Object

    0x20000a10   0x000005f0   Zero   RW           46    .bss                arm_fir_example_f32.o
    0x20001000   0x00000060   Zero   RW          318    .bss                c_w.l(libspace.o)
    0x20001060   0x00000c00   Zero   RW           93    HEAP                startup_armcm3.o
    0x20001c60   0x00000400   Zero   RW           92    STACK               startup_armcm3.o


==============================================================================

Image component sizes


      Code (inc. data)   RO Data    RW Data    ZI Data      Debug   Object Name

         0          0          0       2560          0      18753   arm_fir_data.o
       152         38        116         12       1520       1642   arm_fir_example_f32.o
      1180         28          0          0          0       5218   math_helper.o
        64         26        192          0       4096        820   startup_armcm3.o
        24          8          0          4          0        761   system_armcm3.o

    ----------------------------------------------------------------------
      1420        100        340       2576       5616      27194   Object Totals
         0          0         32          0          0          0   (incl. Generated)
         0          0          0          0          0          0   (incl. Padding)

    ----------------------------------------------------------------------

      Code (inc. data)   RO Data    RW Data    ZI Data      Debug   Library Member Name

      2338          0          0          0          0      19438   arm_fir_f32.o
        28          0          0          0          0        811   arm_fir_init_f32.o
       100          0          0          0          0          0   __dclz77c.o
         8          0          0          0          0         68   __main.o
        52          8          0          0          0          0   __scatter.o
        28          0          0          0          0          0   __scatter_zi.o
        22          0          0          0          0        100   _rserrno.o
        12          0          0          0          0         72   exit.o
         6          0          0          0          0        152   heapauxi.o
         0          0          0          0          0          0   indicate_semi.o
         2          0          0          0          0          0   libinit.o
         2          0          0          0          0          0   libinit2.o
         2          0          0          0          0          0   libshutdown.o
         2          0          0          0          0          0   libshutdown2.o
         8          4          0          0         96         68   libspace.o
         8          4          0          0          0         68   rt_errno_addr_intlibspace.o
        78          0          0          0          0         80   rt_memclr_w.o
         0          0          0          0          0          0   rtentry.o
        12          0          0          0          0          0   rtentry2.o
         6          0          0          0          0          0   rtentry4.o
         2          0          0          0          0          0   rtexit.o
        10          0          0          0          0          0   rtexit2.o
        12          4          0          0          0         68   sys_exit.o
        74          0          0          0          0         80   sys_stackheap_outer.o
         2          0          0          0          0         68   use_no_semi.o
        98          4          0          0          0         92   d2f.o
       826         16          0          0          0        348   daddsub_clz.o
        16          4          0          0          0         68   dcheck1.o
        24          0          0          0          0         68   dcmpi.o
       688        140          0          0          0        208   ddiv.o
       120          4          0          0          0         92   deqf.o
        94          4          0          0          0         92   dfix.o
        46          0          0          0          0         68   dflt_clz.o
       340         12          0          0          0        104   dmul.o
       156          4          0          0          0         92   dnaninf.o
        12          0          0          0          0         68   dretinf.o
        86          4          0          0          0         84   f2d.o
       430          8          0          0          0        168   faddsub_clz.o
        24          0          0          0          0         68   fcmpi.o
       388         76          0          0          0         96   fdiv.o
       104          4          0          0          0         84   feqf.o
        54          4          0          0          0         84   ffix.o
        38          0          0          0          0         68   fflt_clz.o
       104          4          0          0          0         84   fleqf.o
       258          4          0          0          0         84   fmul.o
       140          4          0          0          0         84   fnaninf.o
        10          0          0          0          0         68   fretinf.o
        98          0          0          0          0         68   frleqf.o
       100          0          0          0          0         68   retnan.o
        92          0          0          0          0         68   scalbn.o
        48          0          0          0          0         68   trapv.o
         0          0          0          0          0          0   usenofp.o
       880         58         56          0          0        264   log.o
       244         32          0          0          0        128   log10.o
       170          0          0          0          0         96   poly.o
         0          0          8          0          0          0   qnan.o

    ----------------------------------------------------------------------
      8520        406         64          0         96      24105   Library Totals
        18          0          0          0          0          0   (incl. Padding)

    ----------------------------------------------------------------------

      Code (inc. data)   RO Data    RW Data    ZI Data      Debug   Library Name

      2366          0          0          0          0      20249   arm_cortexM3l_math.lib
       448         20          0          0         96        824   c_w.l
      4394        296          0          0          0       2544   fz_ws.l
      1294         90         64          0          0        488   m_ws.l

    ----------------------------------------------------------------------
      8520        406         64          0         96      24105   Library Totals

    ----------------------------------------------------------------------

==============================================================================


      Code (inc. data)   RO Data    RW Data    ZI Data      Debug   

      9940        506        404       2576       5712      48959   Grand Totals
      9940        506        404        432       5712      48959   ELF Image Totals (compressed)
      9940        506        404        432          0          0   ROM Totals

==============================================================================

    Total RO  Size (Code + RO Data)                10344 (  10.10kB)
    Total RW  Size (RW Data + ZI Data)              8288 (   8.09kB)
    Total ROM Size (Code + RO Data + RW Data)      10776 (  10.52kB)

==============================================================================

