<html>
<body>
<pre>
<h1>µVision Build Log</h1>
<h2>Project:</h2>
C:\Cortex Microcontroller Tutorial Exercises\CMSIS RTX Timer\timer.uvproj
Project File Date:  10/25/2012

<h2>Output:</h2>
Rebuild target 'Timer'
assembling startup_stm32f10x_md.s...
compiling system_stm32f10x.c...
compiling RTX_Conf_CM.c...
compiling led.c...
compiling main.c...
creating Library...
"Timer.lib" - 0 Error(s), 0 Warning(s).
Build target 'Timer'
creating Library...
"Timer.lib" - 0 Error(s), 0 Warning(s).
Build target 'Timer'
linking...
Program Size: Code=9096 RO-data=404 RW-data=104 ZI-data=3728  
"Timer.axf" - 0 Error(s), 0 Warning(s).
