<html>
<body>
<pre>
<h1>µVision Build Log</h1>
<h2>Project:</h2>
C:\Cortex Microcontroller Tutorial Exercises\CMSIS RTX Threads\threads.uvproj
Project File Date:  08/20/2012

<h2>Output:</h2>
Build target 'Threads'
compiling main.c...
compiling system_stm32f10x.c...
compiling RTX_Conf_CM.c...
compiling led.c...
linking...
Program Size: Code=8936 RO-data=392 RW-data=92 ZI-data=3260  
"Threads.axf" - 0 Error(s), 0 Warning(s).
Build target 'Threads'
compiling main.c...
linking...
Program Size: Code=8924 RO-data=392 RW-data=92 ZI-data=3260  
"Threads.axf" - 0 Error(s), 0 Warning(s).
Build target 'Threads'
compiling main.c...
linking...
Program Size: Code=8936 RO-data=392 RW-data=92 ZI-data=3260  
"Threads.axf" - 0 Error(s), 0 Warning(s).
Build target 'Threads'
compiling main.c...
linking...
Program Size: Code=8924 RO-data=392 RW-data=92 ZI-data=3260  
"Threads.axf" - 0 Error(s), 0 Warning(s).
