ARM Linker, 5.03 [Build 76] [MDK-ARM Professional]

==============================================================================

Section Cross References

    arm_fir_example_f32.o(.text) refers to arm_fir_init_f32.o(.text) for arm_fir_init_f32
    arm_fir_example_f32.o(.text) refers to arm_fir_f32.o(.text) for arm_fir_f32
    arm_fir_example_f32.o(.text) refers to math_helper.o(.text) for arm_snr_f32
    arm_fir_example_f32.o(.text) refers to arm_fir_data.o(.data) for testInput_f32_1kHz_15kHz
    arm_fir_example_f32.o(.text) refers to arm_fir_example_f32.o(.bss) for testOutput
    arm_fir_example_f32.o(.text) refers to arm_fir_example_f32.o(.data) for blockSize
    arm_fir_example_f32.o(.text) refers to arm_fir_example_f32.o(.constdata) for firCoeffs32
    math_helper.o(.text) refers to f2d.o(x$fpl$f2d) for __aeabi_f2d
    math_helper.o(.text) refers to log10.o(i.__hardfp_log10) for __hardfp_log10
    math_helper.o(.text) refers to dmul.o(x$fpl$dmul) for __aeabi_dmul
    math_helper.o(.text) refers to d2f.o(x$fpl$d2f) for __aeabi_d2f
    math_helper.o(.text) refers to dflt_clz.o(x$fpl$dflt) for __aeabi_i2d
    math_helper.o(.text) refers to daddsub_clz.o(x$fpl$dadd) for __aeabi_dadd
    math_helper.o(.text) refers to dfix.o(x$fpl$dfix) for __aeabi_d2iz
    system_armcm4.o(.text) refers to system_armcm4.o(.data) for SystemCoreClock
    startup_armcm4.o(STACK) refers (Special) to heapauxi.o(.text) for __use_two_region_memory
    startup_armcm4.o(HEAP) refers (Special) to heapauxi.o(.text) for __use_two_region_memory
    startup_armcm4.o(RESET) refers (Special) to heapauxi.o(.text) for __use_two_region_memory
    startup_armcm4.o(RESET) refers to startup_armcm4.o(STACK) for __initial_sp
    startup_armcm4.o(RESET) refers to startup_armcm4.o(.text) for Reset_Handler
    startup_armcm4.o(.text) refers (Special) to heapauxi.o(.text) for __use_two_region_memory
    startup_armcm4.o(.text) refers to system_armcm4.o(.text) for SystemInit
    startup_armcm4.o(.text) refers to __main.o(!!!main) for __main
    startup_armcm4.o(.text) refers to startup_armcm4.o(HEAP) for Heap_Mem
    startup_armcm4.o(.text) refers to startup_armcm4.o(STACK) for Stack_Mem
    arm_fir_init_f32.o(.text) refers to rt_memclr_w.o(.text) for __aeabi_memclr4
    __main.o(!!!main) refers to rtentry.o(.ARM.Collect$$rtentry$$00000000) for __rt_entry
    d2f.o(x$fpl$d2f) refers (Special) to usenofp.o(x$fpl$usenofp) for __I$use$fp
    d2f.o(x$fpl$d2f) refers to fretinf.o(x$fpl$fretinf) for __fpl_fretinf
    d2f.o(x$fpl$d2f) refers to dnaninf.o(x$fpl$dnaninf) for __fpl_dnaninf
    daddsub_clz.o(x$fpl$dadd) refers (Special) to usenofp.o(x$fpl$usenofp) for __I$use$fp
    daddsub_clz.o(x$fpl$dadd) refers to daddsub_clz.o(x$fpl$dsub) for _dsub1
    daddsub_clz.o(x$fpl$dadd) refers to dretinf.o(x$fpl$dretinf) for __fpl_dretinf
    daddsub_clz.o(x$fpl$dadd) refers to dnaninf.o(x$fpl$dnaninf) for __fpl_dnaninf
    daddsub_clz.o(x$fpl$drsb) refers (Special) to usenofp.o(x$fpl$usenofp) for __I$use$fp
    daddsub_clz.o(x$fpl$drsb) refers to daddsub_clz.o(x$fpl$dadd) for _dadd1
    daddsub_clz.o(x$fpl$drsb) refers to daddsub_clz.o(x$fpl$dsub) for _dsub1
    daddsub_clz.o(x$fpl$dsub) refers (Special) to usenofp.o(x$fpl$usenofp) for __I$use$fp
    daddsub_clz.o(x$fpl$dsub) refers to daddsub_clz.o(x$fpl$dadd) for _dadd1
    daddsub_clz.o(x$fpl$dsub) refers to dnaninf.o(x$fpl$dnaninf) for __fpl_dnaninf
    dfix.o(x$fpl$dfix) refers (Special) to usenofp.o(x$fpl$usenofp) for __I$use$fp
    dfix.o(x$fpl$dfix) refers to dnaninf.o(x$fpl$dnaninf) for __fpl_dnaninf
    dfix.o(x$fpl$dfixr) refers (Special) to usenofp.o(x$fpl$usenofp) for __I$use$fp
    dfix.o(x$fpl$dfixr) refers to dnaninf.o(x$fpl$dnaninf) for __fpl_dnaninf
    dflt_clz.o(x$fpl$dfltu) refers (Special) to usenofp.o(x$fpl$usenofp) for __I$use$fp
    dflt_clz.o(x$fpl$dflt) refers (Special) to usenofp.o(x$fpl$usenofp) for __I$use$fp
    dflt_clz.o(x$fpl$dfltn) refers (Special) to usenofp.o(x$fpl$usenofp) for __I$use$fp
    dmul.o(x$fpl$dmul) refers (Special) to usenofp.o(x$fpl$usenofp) for __I$use$fp
    dmul.o(x$fpl$dmul) refers to dretinf.o(x$fpl$dretinf) for __fpl_dretinf
    dmul.o(x$fpl$dmul) refers to dnaninf.o(x$fpl$dnaninf) for __fpl_dnaninf
    f2d.o(x$fpl$f2d) refers (Special) to usenofp.o(x$fpl$usenofp) for __I$use$fp
    f2d.o(x$fpl$f2d) refers to fnaninf.o(x$fpl$fnaninf) for __fpl_fnaninf
    f2d.o(x$fpl$f2d) refers to dretinf.o(x$fpl$dretinf) for __fpl_dretinf
    log10.o(i.__hardfp_log10) refers (Special) to usenofp.o(x$fpl$usenofp) for __I$use$fp
    log10.o(i.__hardfp_log10) refers to daddsub_clz.o(x$fpl$dadd) for __aeabi_dadd
    log10.o(i.__hardfp_log10) refers to _rserrno.o(.text) for __set_errno
    log10.o(i.__hardfp_log10) refers to ddiv.o(x$fpl$ddiv) for __aeabi_ddiv
    log10.o(i.__hardfp_log10) refers to dmul.o(x$fpl$dmul) for __aeabi_dmul
    log10.o(i.__hardfp_log10) refers to dflt_clz.o(x$fpl$dflt) for __aeabi_i2d
    log10.o(i.__hardfp_log10) refers to log.o(i.log) for log
    log10.o(i.__softfp_log10) refers (Special) to usenofp.o(x$fpl$usenofp) for __I$use$fp
    log10.o(i.__softfp_log10) refers to log10.o(i.__hardfp_log10) for __hardfp_log10
    log10.o(i.log10) refers (Special) to usenofp.o(x$fpl$usenofp) for __I$use$fp
    log10.o(i.log10) refers to log10.o(i.__hardfp_log10) for __hardfp_log10
    log10_x.o(i.____hardfp_log10$lsc) refers (Special) to usenofp.o(x$fpl$usenofp) for __I$use$fp
    log10_x.o(i.____hardfp_log10$lsc) refers to daddsub_clz.o(x$fpl$dadd) for __aeabi_dadd
    log10_x.o(i.____hardfp_log10$lsc) refers to _rserrno.o(.text) for __set_errno
    log10_x.o(i.____hardfp_log10$lsc) refers to dmul.o(x$fpl$dmul) for __aeabi_dmul
    log10_x.o(i.____hardfp_log10$lsc) refers to dflt_clz.o(x$fpl$dflt) for __aeabi_i2d
    log10_x.o(i.____hardfp_log10$lsc) refers to log.o(i.log) for log
    log10_x.o(i.____softfp_log10$lsc) refers (Special) to usenofp.o(x$fpl$usenofp) for __I$use$fp
    log10_x.o(i.____softfp_log10$lsc) refers to log10_x.o(i.____hardfp_log10$lsc) for ____hardfp_log10$lsc
    log10_x.o(i.__log10$lsc) refers (Special) to usenofp.o(x$fpl$usenofp) for __I$use$fp
    log10_x.o(i.__log10$lsc) refers to log10_x.o(i.____hardfp_log10$lsc) for ____hardfp_log10$lsc
    rtentry.o(.ARM.Collect$$rtentry$$00000000) refers (Special) to rtentry2.o(.ARM.Collect$$rtentry$$0000000A) for __rt_entry_li
    rtentry.o(.ARM.Collect$$rtentry$$00000000) refers (Special) to rtentry2.o(.ARM.Collect$$rtentry$$0000000D) for __rt_entry_main
    rtentry.o(.ARM.Collect$$rtentry$$00000000) refers (Special) to rtentry2.o(.ARM.Collect$$rtentry$$0000000C) for __rt_entry_postli_1
    rtentry.o(.ARM.Collect$$rtentry$$00000000) refers (Special) to rtentry2.o(.ARM.Collect$$rtentry$$00000009) for __rt_entry_postsh_1
    rtentry.o(.ARM.Collect$$rtentry$$00000000) refers (Special) to rtentry2.o(.ARM.Collect$$rtentry$$00000002) for __rt_entry_presh_1
    rtentry.o(.ARM.Collect$$rtentry$$00000000) refers (Special) to rtentry4.o(.ARM.Collect$$rtentry$$00000004) for __rt_entry_sh
    _rserrno.o(.text) refers to rt_errno_addr_intlibspace.o(.text) for __aeabi_errno_addr
    ddiv.o(x$fpl$drdiv) refers (Special) to usenofp.o(x$fpl$usenofp) for __I$use$fp
    ddiv.o(x$fpl$drdiv) refers to ddiv.o(x$fpl$ddiv) for ddiv_entry
    ddiv.o(x$fpl$ddiv) refers (Special) to usenofp.o(x$fpl$usenofp) for __I$use$fp
    ddiv.o(x$fpl$ddiv) refers to dretinf.o(x$fpl$dretinf) for __fpl_dretinf
    ddiv.o(x$fpl$ddiv) refers to dnaninf.o(x$fpl$dnaninf) for __fpl_dnaninf
    dnaninf.o(x$fpl$dnaninf) refers (Special) to usenofp.o(x$fpl$usenofp) for __I$use$fp
    dretinf.o(x$fpl$dretinf) refers (Special) to usenofp.o(x$fpl$usenofp) for __I$use$fp
    fnaninf.o(x$fpl$fnaninf) refers (Special) to usenofp.o(x$fpl$usenofp) for __I$use$fp
    fretinf.o(x$fpl$fretinf) refers (Special) to usenofp.o(x$fpl$usenofp) for __I$use$fp
    log.o(i.__hardfp_log) refers (Special) to usenofp.o(x$fpl$usenofp) for __I$use$fp
    log.o(i.__hardfp_log) refers to daddsub_clz.o(x$fpl$dadd) for __aeabi_dadd
    log.o(i.__hardfp_log) refers to _rserrno.o(.text) for __set_errno
    log.o(i.__hardfp_log) refers to ddiv.o(x$fpl$ddiv) for __aeabi_ddiv
    log.o(i.__hardfp_log) refers to dmul.o(x$fpl$dmul) for __aeabi_dmul
    log.o(i.__hardfp_log) refers to daddsub_clz.o(x$fpl$dsub) for __aeabi_dsub
    log.o(i.__hardfp_log) refers to deqf.o(x$fpl$deqf) for __aeabi_cdcmpeq
    log.o(i.__hardfp_log) refers to dflt_clz.o(x$fpl$dflt) for __aeabi_i2d
    log.o(i.__hardfp_log) refers to daddsub_clz.o(x$fpl$drsb) for __aeabi_drsub
    log.o(i.__hardfp_log) refers to poly.o(i.__kernel_poly) for __kernel_poly
    log.o(i.__hardfp_log) refers to qnan.o(.constdata) for __mathlib_zero
    log.o(i.__hardfp_log) refers to log.o(.constdata) for .constdata
    log.o(i.__softfp_log) refers (Special) to usenofp.o(x$fpl$usenofp) for __I$use$fp
    log.o(i.__softfp_log) refers to log.o(i.__hardfp_log) for __hardfp_log
    log.o(i.log) refers (Special) to usenofp.o(x$fpl$usenofp) for __I$use$fp
    log.o(i.log) refers to log.o(i.__hardfp_log) for __hardfp_log
    log.o(.constdata) refers (Special) to usenofp.o(x$fpl$usenofp) for __I$use$fp
    log_x.o(i.____hardfp_log$lsc) refers (Special) to usenofp.o(x$fpl$usenofp) for __I$use$fp
    log_x.o(i.____hardfp_log$lsc) refers to daddsub_clz.o(x$fpl$dadd) for __aeabi_dadd
    log_x.o(i.____hardfp_log$lsc) refers to _rserrno.o(.text) for __set_errno
    log_x.o(i.____hardfp_log$lsc) refers to dmul.o(x$fpl$dmul) for __aeabi_dmul
    log_x.o(i.____hardfp_log$lsc) refers to daddsub_clz.o(x$fpl$dsub) for __aeabi_dsub
    log_x.o(i.____hardfp_log$lsc) refers to deqf.o(x$fpl$deqf) for __aeabi_cdcmpeq
    log_x.o(i.____hardfp_log$lsc) refers to dflt_clz.o(x$fpl$dflt) for __aeabi_i2d
    log_x.o(i.____hardfp_log$lsc) refers to daddsub_clz.o(x$fpl$drsb) for __aeabi_drsub
    log_x.o(i.____hardfp_log$lsc) refers to ddiv.o(x$fpl$ddiv) for __aeabi_ddiv
    log_x.o(i.____hardfp_log$lsc) refers to poly.o(i.__kernel_poly) for __kernel_poly
    log_x.o(i.____hardfp_log$lsc) refers to qnan.o(.constdata) for __mathlib_zero
    log_x.o(i.____hardfp_log$lsc) refers to log_x.o(.constdata) for .constdata
    log_x.o(i.____softfp_log$lsc) refers (Special) to usenofp.o(x$fpl$usenofp) for __I$use$fp
    log_x.o(i.____softfp_log$lsc) refers to log_x.o(i.____hardfp_log$lsc) for ____hardfp_log$lsc
    log_x.o(i.__log$lsc) refers (Special) to usenofp.o(x$fpl$usenofp) for __I$use$fp
    log_x.o(i.__log$lsc) refers to log_x.o(i.____hardfp_log$lsc) for ____hardfp_log$lsc
    log_x.o(.constdata) refers (Special) to usenofp.o(x$fpl$usenofp) for __I$use$fp
    rtentry2.o(.ARM.Collect$$rtentry$$00000008) refers to boardinit2.o(.text) for _platform_post_stackheap_init
    rtentry2.o(.ARM.Collect$$rtentry$$0000000A) refers to libinit.o(.ARM.Collect$$libinit$$00000000) for __rt_lib_init
    rtentry2.o(.ARM.Collect$$rtentry$$0000000B) refers to boardinit3.o(.text) for _platform_post_lib_init
    rtentry2.o(.ARM.Collect$$rtentry$$0000000D) refers to arm_fir_example_f32.o(.text) for main
    rtentry2.o(.ARM.Collect$$rtentry$$0000000D) refers to exit.o(.text) for exit
    rtentry2.o(.ARM.exidx) refers to rtentry2.o(.ARM.Collect$$rtentry$$00000001) for .ARM.Collect$$rtentry$$00000001
    rtentry2.o(.ARM.exidx) refers to rtentry2.o(.ARM.Collect$$rtentry$$00000008) for .ARM.Collect$$rtentry$$00000008
    rtentry2.o(.ARM.exidx) refers to rtentry2.o(.ARM.Collect$$rtentry$$0000000A) for .ARM.Collect$$rtentry$$0000000A
    rtentry2.o(.ARM.exidx) refers to rtentry2.o(.ARM.Collect$$rtentry$$0000000B) for .ARM.Collect$$rtentry$$0000000B
    rtentry2.o(.ARM.exidx) refers to rtentry2.o(.ARM.Collect$$rtentry$$0000000D) for .ARM.Collect$$rtentry$$0000000D
    rtentry4.o(.ARM.Collect$$rtentry$$00000004) refers to sys_stackheap_outer.o(.text) for __user_setup_stackheap
    rtentry4.o(.ARM.exidx) refers to rtentry4.o(.ARM.Collect$$rtentry$$00000004) for .ARM.Collect$$rtentry$$00000004
    rt_errno_addr.o(.text) refers to rt_errno_addr.o(.bss) for __aeabi_errno_addr_data
    rt_errno_addr_intlibspace.o(.text) refers to libspace.o(.bss) for __libspace_start
    deqf.o(x$fpl$deqf) refers (Special) to usenofp.o(x$fpl$usenofp) for __I$use$fp
    deqf.o(x$fpl$deqf) refers to dnaninf.o(x$fpl$dnaninf) for __fpl_dnaninf
    deqf.o(x$fpl$deqf) refers to dcmpi.o(x$fpl$dcmpinf) for __fpl_dcmp_Inf
    poly.o(i.__kernel_poly) refers (Special) to usenofp.o(x$fpl$usenofp) for __I$use$fp
    poly.o(i.__kernel_poly) refers to dmul.o(x$fpl$dmul) for __aeabi_dmul
    poly.o(i.__kernel_poly) refers to daddsub_clz.o(x$fpl$dadd) for __aeabi_dadd
    qnan.o(.constdata) refers (Special) to usenofp.o(x$fpl$usenofp) for __I$use$fp
    libspace.o(.text) refers to libspace.o(.bss) for __libspace_start
    sys_stackheap_outer.o(.text) refers to libspace.o(.text) for __user_perproc_libspace
    sys_stackheap_outer.o(.text) refers to startup_armcm4.o(.text) for __user_initial_stackheap
    exit.o(.text) refers to rtexit.o(.ARM.Collect$$rtexit$$00000000) for __rt_exit
    libinit.o(.ARM.Collect$$libinit$$00000000) refers (Special) to libinit2.o(.ARM.Collect$$libinit$$0000002C) for __rt_lib_init_alloca_1
    libinit.o(.ARM.Collect$$libinit$$00000000) refers (Special) to libinit2.o(.ARM.Collect$$libinit$$0000002A) for __rt_lib_init_argv_1
    libinit.o(.ARM.Collect$$libinit$$00000000) refers (Special) to libinit2.o(.ARM.Collect$$libinit$$00000019) for __rt_lib_init_atexit_1
    libinit.o(.ARM.Collect$$libinit$$00000000) refers (Special) to libinit2.o(.ARM.Collect$$libinit$$0000001F) for __rt_lib_init_clock_1
    libinit.o(.ARM.Collect$$libinit$$00000000) refers (Special) to libinit2.o(.ARM.Collect$$libinit$$00000030) for __rt_lib_init_cpp_1
    libinit.o(.ARM.Collect$$libinit$$00000000) refers (Special) to libinit2.o(.ARM.Collect$$libinit$$0000002E) for __rt_lib_init_exceptions_1
    libinit.o(.ARM.Collect$$libinit$$00000000) refers (Special) to libinit2.o(.ARM.Collect$$libinit$$00000001) for __rt_lib_init_fp_1
    libinit.o(.ARM.Collect$$libinit$$00000000) refers (Special) to libinit2.o(.ARM.Collect$$libinit$$0000001D) for __rt_lib_init_fp_trap_1
    libinit.o(.ARM.Collect$$libinit$$00000000) refers (Special) to libinit2.o(.ARM.Collect$$libinit$$00000021) for __rt_lib_init_getenv_1
    libinit.o(.ARM.Collect$$libinit$$00000000) refers (Special) to libinit2.o(.ARM.Collect$$libinit$$00000008) for __rt_lib_init_heap_1
    libinit.o(.ARM.Collect$$libinit$$00000000) refers (Special) to libinit2.o(.ARM.Collect$$libinit$$0000000F) for __rt_lib_init_lc_collate_1
    libinit.o(.ARM.Collect$$libinit$$00000000) refers (Special) to libinit2.o(.ARM.Collect$$libinit$$00000011) for __rt_lib_init_lc_ctype_1
    libinit.o(.ARM.Collect$$libinit$$00000000) refers (Special) to libinit2.o(.ARM.Collect$$libinit$$00000013) for __rt_lib_init_lc_monetary_1
    libinit.o(.ARM.Collect$$libinit$$00000000) refers (Special) to libinit2.o(.ARM.Collect$$libinit$$00000015) for __rt_lib_init_lc_numeric_1
    libinit.o(.ARM.Collect$$libinit$$00000000) refers (Special) to libinit2.o(.ARM.Collect$$libinit$$00000017) for __rt_lib_init_lc_time_1
    libinit.o(.ARM.Collect$$libinit$$00000000) refers (Special) to libinit2.o(.ARM.Collect$$libinit$$0000000C) for __rt_lib_init_rand_1
    libinit.o(.ARM.Collect$$libinit$$00000000) refers (Special) to libinit2.o(.ARM.Collect$$libinit$$00000031) for __rt_lib_init_return
    libinit.o(.ARM.Collect$$libinit$$00000000) refers (Special) to libinit2.o(.ARM.Collect$$libinit$$0000001B) for __rt_lib_init_signal_1
    libinit.o(.ARM.Collect$$libinit$$00000000) refers (Special) to libinit2.o(.ARM.Collect$$libinit$$00000023) for __rt_lib_init_stdio_1
    libinit.o(.ARM.Collect$$libinit$$00000000) refers (Special) to libinit2.o(.ARM.Collect$$libinit$$0000000A) for __rt_lib_init_user_alloc_1
    dcmpi.o(x$fpl$dcmpinf) refers (Special) to usenofp.o(x$fpl$usenofp) for __I$use$fp
    rtexit.o(.ARM.Collect$$rtexit$$00000000) refers (Special) to rtexit2.o(.ARM.Collect$$rtexit$$00000004) for __rt_exit_exit
    rtexit.o(.ARM.Collect$$rtexit$$00000000) refers (Special) to rtexit2.o(.ARM.Collect$$rtexit$$00000003) for __rt_exit_ls
    rtexit.o(.ARM.Collect$$rtexit$$00000000) refers (Special) to rtexit2.o(.ARM.Collect$$rtexit$$00000002) for __rt_exit_prels_1
    rtexit.o(.ARM.exidx) refers (Special) to rtexit2.o(.ARM.Collect$$rtexit$$00000004) for __rt_exit_exit
    rtexit.o(.ARM.exidx) refers (Special) to rtexit2.o(.ARM.Collect$$rtexit$$00000003) for __rt_exit_ls
    rtexit.o(.ARM.exidx) refers (Special) to rtexit2.o(.ARM.Collect$$rtexit$$00000002) for __rt_exit_prels_1
    rtexit.o(.ARM.exidx) refers to rtexit.o(.ARM.Collect$$rtexit$$00000000) for .ARM.Collect$$rtexit$$00000000
    libinit2.o(.ARM.Collect$$libinit$$00000001) refers to fpinit.o(x$fpl$fpinit) for _fp_init
    libinit2.o(.ARM.Collect$$libinit$$0000000E) refers to libinit2.o(.ARM.Collect$$libinit$$0000000D) for .ARM.Collect$$libinit$$0000000D
    libinit2.o(.ARM.Collect$$libinit$$00000010) refers to libinit2.o(.ARM.Collect$$libinit$$0000000D) for .ARM.Collect$$libinit$$0000000D
    libinit2.o(.ARM.Collect$$libinit$$00000012) refers to libinit2.o(.ARM.Collect$$libinit$$0000000D) for .ARM.Collect$$libinit$$0000000D
    libinit2.o(.ARM.Collect$$libinit$$00000014) refers to libinit2.o(.ARM.Collect$$libinit$$0000000D) for .ARM.Collect$$libinit$$0000000D
    libinit2.o(.ARM.Collect$$libinit$$00000016) refers to libinit2.o(.ARM.Collect$$libinit$$0000000D) for .ARM.Collect$$libinit$$0000000D
    libinit2.o(.ARM.Collect$$libinit$$00000024) refers to argv_veneer.o(.emb_text) for __ARM_argv_veneer
    libinit2.o(.ARM.Collect$$libinit$$00000025) refers to argv_veneer.o(.emb_text) for __ARM_argv_veneer
    rtexit2.o(.ARM.Collect$$rtexit$$00000003) refers to libshutdown.o(.ARM.Collect$$libshutdown$$00000000) for __rt_lib_shutdown
    rtexit2.o(.ARM.Collect$$rtexit$$00000004) refers to sys_exit.o(.text) for _sys_exit
    rtexit2.o(.ARM.exidx) refers to rtexit2.o(.ARM.Collect$$rtexit$$00000001) for .ARM.Collect$$rtexit$$00000001
    rtexit2.o(.ARM.exidx) refers to rtexit2.o(.ARM.Collect$$rtexit$$00000003) for .ARM.Collect$$rtexit$$00000003
    rtexit2.o(.ARM.exidx) refers to rtexit2.o(.ARM.Collect$$rtexit$$00000004) for .ARM.Collect$$rtexit$$00000004
    argv_veneer.o(.emb_text) refers to no_argv.o(.text) for __ARM_get_argv
    sys_exit.o(.text) refers (Special) to use_no_semi.o(.text) for __I$use$semihosting
    sys_exit.o(.text) refers (Special) to indicate_semi.o(.text) for __semihosting_library_function
    _get_argv_nomalloc.o(.text) refers (Special) to hrguard.o(.text) for __heap_region$guard
    _get_argv_nomalloc.o(.text) refers to defsig_rtmem_outer.o(.text) for __rt_SIGRTMEM
    _get_argv_nomalloc.o(.text) refers to sys_command.o(.text) for _sys_command_string
    libshutdown.o(.ARM.Collect$$libshutdown$$00000000) refers (Special) to libshutdown2.o(.ARM.Collect$$libshutdown$$00000006) for __rt_lib_shutdown_fp_trap_1
    libshutdown.o(.ARM.Collect$$libshutdown$$00000000) refers (Special) to libshutdown2.o(.ARM.Collect$$libshutdown$$0000000E) for __rt_lib_shutdown_heap_1
    libshutdown.o(.ARM.Collect$$libshutdown$$00000000) refers (Special) to libshutdown2.o(.ARM.Collect$$libshutdown$$0000000F) for __rt_lib_shutdown_return
    libshutdown.o(.ARM.Collect$$libshutdown$$00000000) refers (Special) to libshutdown2.o(.ARM.Collect$$libshutdown$$00000009) for __rt_lib_shutdown_signal_1
    libshutdown.o(.ARM.Collect$$libshutdown$$00000000) refers (Special) to libshutdown2.o(.ARM.Collect$$libshutdown$$00000003) for __rt_lib_shutdown_stdio_1
    libshutdown.o(.ARM.Collect$$libshutdown$$00000000) refers (Special) to libshutdown2.o(.ARM.Collect$$libshutdown$$0000000B) for __rt_lib_shutdown_user_alloc_1
    sys_command.o(.text) refers (Special) to use_no_semi.o(.text) for __I$use$semihosting
    sys_command.o(.text) refers (Special) to indicate_semi.o(.text) for __semihosting_library_function
    defsig_rtmem_outer.o(.text) refers to defsig_rtmem_inner.o(.text) for __rt_SIGRTMEM_inner
    defsig_rtmem_outer.o(.text) refers to defsig_exit.o(.text) for __sig_exit
    defsig_rtmem_formal.o(.text) refers to rt_raise.o(.text) for __rt_raise
    rt_raise.o(.text) refers to __raise.o(.text) for __raise
    rt_raise.o(.text) refers to sys_exit.o(.text) for _sys_exit
    defsig_exit.o(.text) refers to sys_exit.o(.text) for _sys_exit
    defsig_rtmem_inner.o(.text) refers to defsig_general.o(.text) for __default_signal_display
    __raise.o(.text) refers to defsig.o(CL$$defsig) for __default_signal_handler
    defsig_general.o(.text) refers to sys_wrch.o(.text) for _ttywrch
    sys_wrch.o(.text) refers (Special) to use_no_semi.o(.text) for __I$use$semihosting
    sys_wrch.o(.text) refers (Special) to indicate_semi.o(.text) for __semihosting_library_function
    defsig.o(CL$$defsig) refers to defsig_rtmem_inner.o(.text) for __rt_SIGRTMEM_inner
    defsig_abrt_inner.o(.text) refers to defsig_general.o(.text) for __default_signal_display
    defsig_fpe_inner.o(.text) refers to defsig_general.o(.text) for __default_signal_display
    defsig_rtred_inner.o(.text) refers to defsig_general.o(.text) for __default_signal_display
    defsig_stak_inner.o(.text) refers to defsig_general.o(.text) for __default_signal_display
    defsig_pvfn_inner.o(.text) refers to defsig_general.o(.text) for __default_signal_display
    defsig_cppl_inner.o(.text) refers to defsig_general.o(.text) for __default_signal_display
    defsig_segv_inner.o(.text) refers to defsig_general.o(.text) for __default_signal_display
    defsig_other.o(.text) refers to defsig_general.o(.text) for __default_signal_display


==============================================================================

Removing Unused input sections from the image.

    Removing arm_fir_data.o(.rev16_text), (4 bytes).
    Removing arm_fir_data.o(.revsh_text), (4 bytes).
    Removing arm_fir_example_f32.o(.rev16_text), (4 bytes).
    Removing arm_fir_example_f32.o(.revsh_text), (4 bytes).
    Removing math_helper.o(.rev16_text), (4 bytes).
    Removing math_helper.o(.revsh_text), (4 bytes).
    Removing system_armcm4.o(.rev16_text), (4 bytes).
    Removing system_armcm4.o(.revsh_text), (4 bytes).
    Removing arm_fir_f32.o(.rev16_text), (4 bytes).
    Removing arm_fir_f32.o(.revsh_text), (4 bytes).
    Removing arm_fir_init_f32.o(.rev16_text), (4 bytes).
    Removing arm_fir_init_f32.o(.revsh_text), (4 bytes).

12 unused section(s) (total 48 bytes) removed from the image.

==============================================================================

Image Symbol Table

    Local Symbols

    Symbol Name                              Value     Ov Type        Size  Object(Section)

    RESET                                    0x00000000   Section      192  startup_armcm4.o(RESET)
    ../clib/angel/boardlib.s                 0x00000000   Number         0  boardshut.o ABSOLUTE
    ../clib/angel/boardlib.s                 0x00000000   Number         0  boardinit1.o ABSOLUTE
    ../clib/angel/boardlib.s                 0x00000000   Number         0  boardinit3.o ABSOLUTE
    ../clib/angel/boardlib.s                 0x00000000   Number         0  boardinit2.o ABSOLUTE
    ../clib/angel/dclz77c.s                  0x00000000   Number         0  __dclz77c.o ABSOLUTE
    ../clib/angel/handlers.s                 0x00000000   Number         0  __scatter_zi.o ABSOLUTE
    ../clib/angel/kernel.s                   0x00000000   Number         0  rtexit2.o ABSOLUTE
    ../clib/angel/kernel.s                   0x00000000   Number         0  rtexit.o ABSOLUTE
    ../clib/angel/kernel.s                   0x00000000   Number         0  rtentry4.o ABSOLUTE
    ../clib/angel/kernel.s                   0x00000000   Number         0  rtentry2.o ABSOLUTE
    ../clib/angel/kernel.s                   0x00000000   Number         0  rtentry.o ABSOLUTE
    ../clib/angel/rt.s                       0x00000000   Number         0  rt_errno_addr_intlibspace.o ABSOLUTE
    ../clib/angel/rt.s                       0x00000000   Number         0  rt_raise.o ABSOLUTE
    ../clib/angel/rt.s                       0x00000000   Number         0  rt_errno_addr.o ABSOLUTE
    ../clib/angel/scatter.s                  0x00000000   Number         0  __scatter.o ABSOLUTE
    ../clib/angel/startup.s                  0x00000000   Number         0  __main.o ABSOLUTE
    ../clib/angel/sys.s                      0x00000000   Number         0  libspace.o ABSOLUTE
    ../clib/angel/sys.s                      0x00000000   Number         0  use_no_semi.o ABSOLUTE
    ../clib/angel/sys.s                      0x00000000   Number         0  sys_stackheap_outer.o ABSOLUTE
    ../clib/angel/sys.s                      0x00000000   Number         0  indicate_semi.o ABSOLUTE
    ../clib/angel/sysapp.c                   0x00000000   Number         0  sys_exit.o ABSOLUTE
    ../clib/angel/sysapp.c                   0x00000000   Number         0  sys_wrch.o ABSOLUTE
    ../clib/angel/sysapp.c                   0x00000000   Number         0  sys_command.o ABSOLUTE
    ../clib/armsys.c                         0x00000000   Number         0  argv_veneer.o ABSOLUTE
    ../clib/armsys.c                         0x00000000   Number         0  argv_veneer.o ABSOLUTE
    ../clib/armsys.c                         0x00000000   Number         0  _get_argv_nomalloc.o ABSOLUTE
    ../clib/armsys.c                         0x00000000   Number         0  no_argv.o ABSOLUTE
    ../clib/fenv.c                           0x00000000   Number         0  _rserrno.o ABSOLUTE
    ../clib/heapalloc.c                      0x00000000   Number         0  hrguard.o ABSOLUTE
    ../clib/heapaux.c                        0x00000000   Number         0  heapauxi.o ABSOLUTE
    ../clib/libinit.s                        0x00000000   Number         0  libshutdown.o ABSOLUTE
    ../clib/libinit.s                        0x00000000   Number         0  libshutdown2.o ABSOLUTE
    ../clib/libinit.s                        0x00000000   Number         0  libinit.o ABSOLUTE
    ../clib/libinit.s                        0x00000000   Number         0  libinit2.o ABSOLUTE
    ../clib/memcpset.s                       0x00000000   Number         0  rt_memclr_w.o ABSOLUTE
    ../clib/signal.c                         0x00000000   Number         0  __raise.o ABSOLUTE
    ../clib/signal.c                         0x00000000   Number         0  defsig_rtmem_inner.o ABSOLUTE
    ../clib/signal.c                         0x00000000   Number         0  defsig_exit.o ABSOLUTE
    ../clib/signal.c                         0x00000000   Number         0  defsig_rtmem_formal.o ABSOLUTE
    ../clib/signal.c                         0x00000000   Number         0  defsig_rtmem_outer.o ABSOLUTE
    ../clib/signal.c                         0x00000000   Number         0  defsig_abrt_inner.o ABSOLUTE
    ../clib/signal.c                         0x00000000   Number         0  defsig_fpe_inner.o ABSOLUTE
    ../clib/signal.c                         0x00000000   Number         0  defsig_general.o ABSOLUTE
    ../clib/signal.c                         0x00000000   Number         0  defsig_rtred_inner.o ABSOLUTE
    ../clib/signal.c                         0x00000000   Number         0  defsig_pvfn_inner.o ABSOLUTE
    ../clib/signal.c                         0x00000000   Number         0  defsig_cppl_inner.o ABSOLUTE
    ../clib/signal.c                         0x00000000   Number         0  defsig_segv_inner.o ABSOLUTE
    ../clib/signal.c                         0x00000000   Number         0  defsig_other.o ABSOLUTE
    ../clib/signal.c                         0x00000000   Number         0  defsig_stak_inner.o ABSOLUTE
    ../clib/signal.s                         0x00000000   Number         0  defsig.o ABSOLUTE
    ../clib/stdlib.c                         0x00000000   Number         0  exit.o ABSOLUTE
    ../fplib/d2f.s                           0x00000000   Number         0  d2f.o ABSOLUTE
    ../fplib/daddsub.s                       0x00000000   Number         0  daddsub_clz.o ABSOLUTE
    ../fplib/dcmpi.s                         0x00000000   Number         0  dcmpi.o ABSOLUTE
    ../fplib/ddiv.s                          0x00000000   Number         0  ddiv.o ABSOLUTE
    ../fplib/deqf.s                          0x00000000   Number         0  deqf.o ABSOLUTE
    ../fplib/dfix.s                          0x00000000   Number         0  dfix.o ABSOLUTE
    ../fplib/dflt.s                          0x00000000   Number         0  dflt_clz.o ABSOLUTE
    ../fplib/dmul.s                          0x00000000   Number         0  dmul.o ABSOLUTE
    ../fplib/dnaninf.s                       0x00000000   Number         0  dnaninf.o ABSOLUTE
    ../fplib/dretinf.s                       0x00000000   Number         0  dretinf.o ABSOLUTE
    ../fplib/f2d.s                           0x00000000   Number         0  f2d.o ABSOLUTE
    ../fplib/fnaninf.s                       0x00000000   Number         0  fnaninf.o ABSOLUTE
    ../fplib/fpinit.s                        0x00000000   Number         0  fpinit.o ABSOLUTE
    ../fplib/fretinf.s                       0x00000000   Number         0  fretinf.o ABSOLUTE
    ../fplib/usenofp.s                       0x00000000   Number         0  usenofp.o ABSOLUTE
    ../mathlib/log.c                         0x00000000   Number         0  log_x.o ABSOLUTE
    ../mathlib/log.c                         0x00000000   Number         0  log.o ABSOLUTE
    ../mathlib/log10.c                       0x00000000   Number         0  log10_x.o ABSOLUTE
    ../mathlib/log10.c                       0x00000000   Number         0  log10.o ABSOLUTE
    ../mathlib/poly.c                        0x00000000   Number         0  poly.o ABSOLUTE
    ../mathlib/qnan.c                        0x00000000   Number         0  qnan.o ABSOLUTE
    ..\FilteringFunctions\arm_fir_f32.c      0x00000000   Number         0  arm_fir_f32.o ABSOLUTE
    ..\FilteringFunctions\arm_fir_init_f32.c 0x00000000   Number         0  arm_fir_init_f32.o ABSOLUTE
    ..\\FilteringFunctions\\arm_fir_f32.c    0x00000000   Number         0  arm_fir_f32.o ABSOLUTE
    ..\\FilteringFunctions\\arm_fir_init_f32.c 0x00000000   Number         0  arm_fir_init_f32.o ABSOLUTE
    arm_fir_data.c                           0x00000000   Number         0  arm_fir_data.o ABSOLUTE
    arm_fir_data.c                           0x00000000   Number         0  arm_fir_data.o ABSOLUTE
    arm_fir_example_f32.c                    0x00000000   Number         0  arm_fir_example_f32.o ABSOLUTE
    arm_fir_example_f32.c                    0x00000000   Number         0  arm_fir_example_f32.o ABSOLUTE
    dc.s                                     0x00000000   Number         0  dc.o ABSOLUTE
    math_helper.c                            0x00000000   Number         0  math_helper.o ABSOLUTE
    math_helper.c                            0x00000000   Number         0  math_helper.o ABSOLUTE
    startup_ARMCM4.s                         0x00000000   Number         0  startup_armcm4.o ABSOLUTE
    system_ARMCM4.c                          0x00000000   Number         0  system_armcm4.o ABSOLUTE
    system_ARMCM4.c                          0x00000000   Number         0  system_armcm4.o ABSOLUTE
    !!!main                                  0x000000c0   Section        8  __main.o(!!!main)
    !!!scatter                               0x000000c8   Section       52  __scatter.o(!!!scatter)
    !!dclz77c                                0x000000fc   Section      100  __dclz77c.o(!!dclz77c)
    !!handler_zi                             0x00000160   Section       28  __scatter_zi.o(!!handler_zi)
    .ARM.Collect$$libinit$$00000000          0x0000017c   Section        2  libinit.o(.ARM.Collect$$libinit$$00000000)
    .ARM.Collect$$libinit$$00000001          0x0000017e   Section        4  libinit2.o(.ARM.Collect$$libinit$$00000001)
    .ARM.Collect$$libinit$$00000008          0x00000182   Section        0  libinit2.o(.ARM.Collect$$libinit$$00000008)
    .ARM.Collect$$libinit$$0000000A          0x00000182   Section        0  libinit2.o(.ARM.Collect$$libinit$$0000000A)
    .ARM.Collect$$libinit$$0000000C          0x00000182   Section        0  libinit2.o(.ARM.Collect$$libinit$$0000000C)
    .ARM.Collect$$libinit$$0000000F          0x00000182   Section        0  libinit2.o(.ARM.Collect$$libinit$$0000000F)
    .ARM.Collect$$libinit$$00000011          0x00000182   Section        0  libinit2.o(.ARM.Collect$$libinit$$00000011)
    .ARM.Collect$$libinit$$00000013          0x00000182   Section        0  libinit2.o(.ARM.Collect$$libinit$$00000013)
    .ARM.Collect$$libinit$$00000015          0x00000182   Section        0  libinit2.o(.ARM.Collect$$libinit$$00000015)
    .ARM.Collect$$libinit$$00000017          0x00000182   Section        0  libinit2.o(.ARM.Collect$$libinit$$00000017)
    .ARM.Collect$$libinit$$00000019          0x00000182   Section        0  libinit2.o(.ARM.Collect$$libinit$$00000019)
    .ARM.Collect$$libinit$$0000001B          0x00000182   Section        0  libinit2.o(.ARM.Collect$$libinit$$0000001B)
    .ARM.Collect$$libinit$$0000001D          0x00000182   Section        0  libinit2.o(.ARM.Collect$$libinit$$0000001D)
    .ARM.Collect$$libinit$$0000001F          0x00000182   Section        0  libinit2.o(.ARM.Collect$$libinit$$0000001F)
    .ARM.Collect$$libinit$$00000021          0x00000182   Section        0  libinit2.o(.ARM.Collect$$libinit$$00000021)
    .ARM.Collect$$libinit$$00000023          0x00000182   Section        0  libinit2.o(.ARM.Collect$$libinit$$00000023)
    .ARM.Collect$$libinit$$0000002A          0x00000182   Section        0  libinit2.o(.ARM.Collect$$libinit$$0000002A)
    .ARM.Collect$$libinit$$0000002C          0x00000182   Section        0  libinit2.o(.ARM.Collect$$libinit$$0000002C)
    .ARM.Collect$$libinit$$0000002E          0x00000182   Section        0  libinit2.o(.ARM.Collect$$libinit$$0000002E)
    .ARM.Collect$$libinit$$00000030          0x00000182   Section        0  libinit2.o(.ARM.Collect$$libinit$$00000030)
    .ARM.Collect$$libinit$$00000031          0x00000182   Section        2  libinit2.o(.ARM.Collect$$libinit$$00000031)
    .ARM.Collect$$libshutdown$$00000000      0x00000184   Section        2  libshutdown.o(.ARM.Collect$$libshutdown$$00000000)
    .ARM.Collect$$libshutdown$$00000003      0x00000186   Section        0  libshutdown2.o(.ARM.Collect$$libshutdown$$00000003)
    .ARM.Collect$$libshutdown$$00000006      0x00000186   Section        0  libshutdown2.o(.ARM.Collect$$libshutdown$$00000006)
    .ARM.Collect$$libshutdown$$00000009      0x00000186   Section        0  libshutdown2.o(.ARM.Collect$$libshutdown$$00000009)
    .ARM.Collect$$libshutdown$$0000000B      0x00000186   Section        0  libshutdown2.o(.ARM.Collect$$libshutdown$$0000000B)
    .ARM.Collect$$libshutdown$$0000000E      0x00000186   Section        0  libshutdown2.o(.ARM.Collect$$libshutdown$$0000000E)
    .ARM.Collect$$libshutdown$$0000000F      0x00000186   Section        2  libshutdown2.o(.ARM.Collect$$libshutdown$$0000000F)
    .ARM.Collect$$rtentry$$00000000          0x00000188   Section        0  rtentry.o(.ARM.Collect$$rtentry$$00000000)
    .ARM.Collect$$rtentry$$00000002          0x00000188   Section        0  rtentry2.o(.ARM.Collect$$rtentry$$00000002)
    .ARM.Collect$$rtentry$$00000004          0x00000188   Section        6  rtentry4.o(.ARM.Collect$$rtentry$$00000004)
    .ARM.Collect$$rtentry$$00000009          0x0000018e   Section        0  rtentry2.o(.ARM.Collect$$rtentry$$00000009)
    .ARM.Collect$$rtentry$$0000000A          0x0000018e   Section        4  rtentry2.o(.ARM.Collect$$rtentry$$0000000A)
    .ARM.Collect$$rtentry$$0000000C          0x00000192   Section        0  rtentry2.o(.ARM.Collect$$rtentry$$0000000C)
    .ARM.Collect$$rtentry$$0000000D          0x00000192   Section        8  rtentry2.o(.ARM.Collect$$rtentry$$0000000D)
    .ARM.Collect$$rtexit$$00000000           0x0000019a   Section        2  rtexit.o(.ARM.Collect$$rtexit$$00000000)
    .ARM.Collect$$rtexit$$00000002           0x0000019c   Section        0  rtexit2.o(.ARM.Collect$$rtexit$$00000002)
    .ARM.Collect$$rtexit$$00000003           0x0000019c   Section        4  rtexit2.o(.ARM.Collect$$rtexit$$00000003)
    .ARM.Collect$$rtexit$$00000004           0x000001a0   Section        6  rtexit2.o(.ARM.Collect$$rtexit$$00000004)
    .text                                    0x000001a8   Section        0  arm_fir_example_f32.o(.text)
    .text                                    0x00000248   Section        0  math_helper.o(.text)
    .text                                    0x0000085c   Section        0  system_armcm4.o(.text)
    .text                                    0x00000884   Section       64  startup_armcm4.o(.text)
    $v0                                      0x00000884   Number         0  startup_armcm4.o(.text)
    .text                                    0x000008c4   Section        0  arm_fir_f32.o(.text)
    .text                                    0x00000dee   Section        0  arm_fir_init_f32.o(.text)
    .text                                    0x00000e0a   Section       78  rt_memclr_w.o(.text)
    .text                                    0x00000e58   Section        0  heapauxi.o(.text)
    .text                                    0x00000e5e   Section        0  _rserrno.o(.text)
    .text                                    0x00000e74   Section        8  rt_errno_addr_intlibspace.o(.text)
    .text                                    0x00000e7c   Section        8  libspace.o(.text)
    .text                                    0x00000e84   Section       74  sys_stackheap_outer.o(.text)
    .text                                    0x00000ece   Section        0  exit.o(.text)
    .text                                    0x00000edc   Section        0  sys_exit.o(.text)
    .text                                    0x00000ee8   Section        2  use_no_semi.o(.text)
    .text                                    0x00000eea   Section        0  indicate_semi.o(.text)
    i.__hardfp_log                           0x00000ef0   Section        0  log.o(i.__hardfp_log)
    i.__hardfp_log10                         0x000012d8   Section        0  log10.o(i.__hardfp_log10)
    i.__kernel_poly                          0x00001420   Section        0  poly.o(i.__kernel_poly)
    i.log                                    0x00001518   Section        0  log.o(i.log)
    x$fpl$d2f                                0x00001528   Section       98  d2f.o(x$fpl$d2f)
    $v0                                      0x00001528   Number         0  d2f.o(x$fpl$d2f)
    x$fpl$dadd                               0x0000158c   Section      336  daddsub_clz.o(x$fpl$dadd)
    $v0                                      0x0000158c   Number         0  daddsub_clz.o(x$fpl$dadd)
    _dadd1                                   0x0000159d   Thumb Code     0  daddsub_clz.o(x$fpl$dadd)
    x$fpl$dcmpinf                            0x000016dc   Section       24  dcmpi.o(x$fpl$dcmpinf)
    $v0                                      0x000016dc   Number         0  dcmpi.o(x$fpl$dcmpinf)
    x$fpl$ddiv                               0x000016f4   Section      688  ddiv.o(x$fpl$ddiv)
    $v0                                      0x000016f4   Number         0  ddiv.o(x$fpl$ddiv)
    ddiv_entry                               0x000016fb   Thumb Code     0  ddiv.o(x$fpl$ddiv)
    x$fpl$deqf                               0x000019a4   Section      120  deqf.o(x$fpl$deqf)
    $v0                                      0x000019a4   Number         0  deqf.o(x$fpl$deqf)
    x$fpl$dfix                               0x00001a1c   Section       94  dfix.o(x$fpl$dfix)
    $v0                                      0x00001a1c   Number         0  dfix.o(x$fpl$dfix)
    x$fpl$dflt                               0x00001a7a   Section       46  dflt_clz.o(x$fpl$dflt)
    $v0                                      0x00001a7a   Number         0  dflt_clz.o(x$fpl$dflt)
    x$fpl$dmul                               0x00001aa8   Section      340  dmul.o(x$fpl$dmul)
    $v0                                      0x00001aa8   Number         0  dmul.o(x$fpl$dmul)
    x$fpl$dnaninf                            0x00001bfc   Section      156  dnaninf.o(x$fpl$dnaninf)
    $v0                                      0x00001bfc   Number         0  dnaninf.o(x$fpl$dnaninf)
    x$fpl$dretinf                            0x00001c98   Section       12  dretinf.o(x$fpl$dretinf)
    $v0                                      0x00001c98   Number         0  dretinf.o(x$fpl$dretinf)
    x$fpl$drsb                               0x00001ca4   Section       22  daddsub_clz.o(x$fpl$drsb)
    $v0                                      0x00001ca4   Number         0  daddsub_clz.o(x$fpl$drsb)
    x$fpl$dsub                               0x00001cbc   Section      468  daddsub_clz.o(x$fpl$dsub)
    $v0                                      0x00001cbc   Number         0  daddsub_clz.o(x$fpl$dsub)
    _dsub1                                   0x00001ccd   Thumb Code     0  daddsub_clz.o(x$fpl$dsub)
    x$fpl$f2d                                0x00001e90   Section       86  f2d.o(x$fpl$f2d)
    $v0                                      0x00001e90   Number         0  f2d.o(x$fpl$f2d)
    x$fpl$fnaninf                            0x00001ee6   Section      140  fnaninf.o(x$fpl$fnaninf)
    $v0                                      0x00001ee6   Number         0  fnaninf.o(x$fpl$fnaninf)
    x$fpl$fpinit                             0x00001f72   Section       10  fpinit.o(x$fpl$fpinit)
    $v0                                      0x00001f72   Number         0  fpinit.o(x$fpl$fpinit)
    x$fpl$fretinf                            0x00001f7c   Section       10  fretinf.o(x$fpl$fretinf)
    $v0                                      0x00001f7c   Number         0  fretinf.o(x$fpl$fretinf)
    x$fpl$usenofp                            0x00001f86   Section        0  usenofp.o(x$fpl$usenofp)
    .constdata                               0x00001f88   Section      116  arm_fir_example_f32.o(.constdata)
    .constdata                               0x00002000   Section       56  log.o(.constdata)
    Lg2                                      0x00002000   Data          24  log.o(.constdata)
    Lg                                       0x00002018   Data          32  log.o(.constdata)
    .constdata                               0x00002038   Section        8  qnan.o(.constdata)
    .data                                    0x20000000   Section     2560  arm_fir_data.o(.data)
    .data                                    0x20000a00   Section       12  arm_fir_example_f32.o(.data)
    .data                                    0x20000a0c   Section        4  system_armcm4.o(.data)
    .bss                                     0x20000a10   Section     1520  arm_fir_example_f32.o(.bss)
    testOutput                               0x20000a10   Data        1280  arm_fir_example_f32.o(.bss)
    firStateF32                              0x20000f10   Data         240  arm_fir_example_f32.o(.bss)
    .bss                                     0x20001000   Section       96  libspace.o(.bss)
    HEAP                                     0x20001060   Section     3072  startup_armcm4.o(HEAP)
    Heap_Mem                                 0x20001060   Data        3072  startup_armcm4.o(HEAP)
    STACK                                    0x20001c60   Section     1024  startup_armcm4.o(STACK)
    Stack_Mem                                0x20001c60   Data        1024  startup_armcm4.o(STACK)
    __initial_sp                             0x20002060   Data           0  startup_armcm4.o(STACK)

    Global Symbols

    Symbol Name                              Value     Ov Type        Size  Object(Section)

    BuildAttributes$$THM_ISAv4$E$P$D$K$B$S$7EM$VFPi3$EXTD16$VFPS$VFMA$PE$A:L22UL41UL21$X:L11$S22US41US21$IEEE1$IW$USESV6$~STKCKD$USESV7$~SHL$OTIME$ROPI$IEEEJ$EBA8$UX$STANDARDLIB$REQ8$PRES8$EABIv2 0x00000000   Number         0  anon$$obj.o ABSOLUTE
    __ARM_use_no_argv                        0x00000000   Number         0  arm_fir_example_f32.o ABSOLUTE
    __Vectors                                0x00000000   Data           4  startup_armcm4.o(RESET)
    __ARM_exceptions_init                     - Undefined Weak Reference
    __alloca_initialize                       - Undefined Weak Reference
    __cpp_initialize__aeabi_                  - Undefined Weak Reference
    __cxa_finalize                            - Undefined Weak Reference
    __rt_locale                               - Undefined Weak Reference
    __sigvec_lookup                           - Undefined Weak Reference
    _atexit_init                              - Undefined Weak Reference
    _call_atexit_fns                          - Undefined Weak Reference
    _clock_init                               - Undefined Weak Reference
    _fp_trap_init                             - Undefined Weak Reference
    _fp_trap_shutdown                         - Undefined Weak Reference
    _get_lc_collate                           - Undefined Weak Reference
    _get_lc_ctype                             - Undefined Weak Reference
    _get_lc_monetary                          - Undefined Weak Reference
    _get_lc_numeric                           - Undefined Weak Reference
    _get_lc_time                              - Undefined Weak Reference
    _getenv_init                              - Undefined Weak Reference
    _handle_redirection                       - Undefined Weak Reference
    _init_alloc                               - Undefined Weak Reference
    _init_user_alloc                          - Undefined Weak Reference
    _initio                                   - Undefined Weak Reference
    _rand_init                                - Undefined Weak Reference
    _signal_finish                            - Undefined Weak Reference
    _signal_init                              - Undefined Weak Reference
    _terminate_alloc                          - Undefined Weak Reference
    _terminate_user_alloc                     - Undefined Weak Reference
    _terminateio                              - Undefined Weak Reference
    __Vectors_End                            0x000000c0   Data           0  startup_armcm4.o(RESET)
    __Vectors_Size                           0x000000c0   Number         0  startup_armcm4.o ABSOLUTE
    __main                                   0x000000c1   Thumb Code     8  __main.o(!!!main)
    __scatterload                            0x000000c9   Thumb Code     0  __scatter.o(!!!scatter)
    __scatterload_rt2                        0x000000c9   Thumb Code    44  __scatter.o(!!!scatter)
    __scatterload_rt2_thumb_only             0x000000c9   Thumb Code     0  __scatter.o(!!!scatter)
    __scatterload_null                       0x000000d7   Thumb Code     0  __scatter.o(!!!scatter)
    __decompress                             0x000000fd   Thumb Code   100  __dclz77c.o(!!dclz77c)
    __decompress2                            0x000000fd   Thumb Code     0  __dclz77c.o(!!dclz77c)
    __scatterload_zeroinit                   0x00000161   Thumb Code    28  __scatter_zi.o(!!handler_zi)
    __rt_lib_init                            0x0000017d   Thumb Code     0  libinit.o(.ARM.Collect$$libinit$$00000000)
    __rt_lib_init_fp_1                       0x0000017f   Thumb Code     0  libinit2.o(.ARM.Collect$$libinit$$00000001)
    __rt_lib_init_alloca_1                   0x00000183   Thumb Code     0  libinit2.o(.ARM.Collect$$libinit$$0000002C)
    __rt_lib_init_argv_1                     0x00000183   Thumb Code     0  libinit2.o(.ARM.Collect$$libinit$$0000002A)
    __rt_lib_init_atexit_1                   0x00000183   Thumb Code     0  libinit2.o(.ARM.Collect$$libinit$$00000019)
    __rt_lib_init_clock_1                    0x00000183   Thumb Code     0  libinit2.o(.ARM.Collect$$libinit$$0000001F)
    __rt_lib_init_cpp_1                      0x00000183   Thumb Code     0  libinit2.o(.ARM.Collect$$libinit$$00000030)
    __rt_lib_init_exceptions_1               0x00000183   Thumb Code     0  libinit2.o(.ARM.Collect$$libinit$$0000002E)
    __rt_lib_init_fp_trap_1                  0x00000183   Thumb Code     0  libinit2.o(.ARM.Collect$$libinit$$0000001D)
    __rt_lib_init_getenv_1                   0x00000183   Thumb Code     0  libinit2.o(.ARM.Collect$$libinit$$00000021)
    __rt_lib_init_heap_1                     0x00000183   Thumb Code     0  libinit2.o(.ARM.Collect$$libinit$$00000008)
    __rt_lib_init_lc_collate_1               0x00000183   Thumb Code     0  libinit2.o(.ARM.Collect$$libinit$$0000000F)
    __rt_lib_init_lc_ctype_1                 0x00000183   Thumb Code     0  libinit2.o(.ARM.Collect$$libinit$$00000011)
    __rt_lib_init_lc_monetary_1              0x00000183   Thumb Code     0  libinit2.o(.ARM.Collect$$libinit$$00000013)
    __rt_lib_init_lc_numeric_1               0x00000183   Thumb Code     0  libinit2.o(.ARM.Collect$$libinit$$00000015)
    __rt_lib_init_lc_time_1                  0x00000183   Thumb Code     0  libinit2.o(.ARM.Collect$$libinit$$00000017)
    __rt_lib_init_rand_1                     0x00000183   Thumb Code     0  libinit2.o(.ARM.Collect$$libinit$$0000000C)
    __rt_lib_init_return                     0x00000183   Thumb Code     0  libinit2.o(.ARM.Collect$$libinit$$00000031)
    __rt_lib_init_signal_1                   0x00000183   Thumb Code     0  libinit2.o(.ARM.Collect$$libinit$$0000001B)
    __rt_lib_init_stdio_1                    0x00000183   Thumb Code     0  libinit2.o(.ARM.Collect$$libinit$$00000023)
    __rt_lib_init_user_alloc_1               0x00000183   Thumb Code     0  libinit2.o(.ARM.Collect$$libinit$$0000000A)
    __rt_lib_shutdown                        0x00000185   Thumb Code     0  libshutdown.o(.ARM.Collect$$libshutdown$$00000000)
    __rt_lib_shutdown_fp_trap_1              0x00000187   Thumb Code     0  libshutdown2.o(.ARM.Collect$$libshutdown$$00000006)
    __rt_lib_shutdown_heap_1                 0x00000187   Thumb Code     0  libshutdown2.o(.ARM.Collect$$libshutdown$$0000000E)
    __rt_lib_shutdown_return                 0x00000187   Thumb Code     0  libshutdown2.o(.ARM.Collect$$libshutdown$$0000000F)
    __rt_lib_shutdown_signal_1               0x00000187   Thumb Code     0  libshutdown2.o(.ARM.Collect$$libshutdown$$00000009)
    __rt_lib_shutdown_stdio_1                0x00000187   Thumb Code     0  libshutdown2.o(.ARM.Collect$$libshutdown$$00000003)
    __rt_lib_shutdown_user_alloc_1           0x00000187   Thumb Code     0  libshutdown2.o(.ARM.Collect$$libshutdown$$0000000B)
    __rt_entry                               0x00000189   Thumb Code     0  rtentry.o(.ARM.Collect$$rtentry$$00000000)
    __rt_entry_presh_1                       0x00000189   Thumb Code     0  rtentry2.o(.ARM.Collect$$rtentry$$00000002)
    __rt_entry_sh                            0x00000189   Thumb Code     0  rtentry4.o(.ARM.Collect$$rtentry$$00000004)
    __rt_entry_li                            0x0000018f   Thumb Code     0  rtentry2.o(.ARM.Collect$$rtentry$$0000000A)
    __rt_entry_postsh_1                      0x0000018f   Thumb Code     0  rtentry2.o(.ARM.Collect$$rtentry$$00000009)
    __rt_entry_main                          0x00000193   Thumb Code     0  rtentry2.o(.ARM.Collect$$rtentry$$0000000D)
    __rt_entry_postli_1                      0x00000193   Thumb Code     0  rtentry2.o(.ARM.Collect$$rtentry$$0000000C)
    __rt_exit                                0x0000019b   Thumb Code     0  rtexit.o(.ARM.Collect$$rtexit$$00000000)
    __rt_exit_ls                             0x0000019d   Thumb Code     0  rtexit2.o(.ARM.Collect$$rtexit$$00000003)
    __rt_exit_prels_1                        0x0000019d   Thumb Code     0  rtexit2.o(.ARM.Collect$$rtexit$$00000002)
    __rt_exit_exit                           0x000001a1   Thumb Code     0  rtexit2.o(.ARM.Collect$$rtexit$$00000004)
    main                                     0x000001a9   Thumb Code   122  arm_fir_example_f32.o(.text)
    arm_snr_f32                              0x00000249   Thumb Code   278  math_helper.o(.text)
    arm_provide_guard_bits_q15               0x0000035f   Thumb Code    26  math_helper.o(.text)
    arm_float_to_q12_20                      0x00000379   Thumb Code   168  math_helper.o(.text)
    arm_compare_fixed_q15                    0x00000421   Thumb Code    54  math_helper.o(.text)
    arm_compare_fixed_q31                    0x00000457   Thumb Code    54  math_helper.o(.text)
    arm_provide_guard_bits_q31               0x0000048d   Thumb Code    26  math_helper.o(.text)
    arm_provide_guard_bits_q7                0x000004a7   Thumb Code    22  math_helper.o(.text)
    arm_calc_guard_bits                      0x000004bd   Thumb Code    28  math_helper.o(.text)
    arm_calc_2pow                            0x000004d9   Thumb Code    18  math_helper.o(.text)
    arm_apply_guard_bits                     0x000004eb   Thumb Code    54  math_helper.o(.text)
    arm_float_to_q14                         0x00000521   Thumb Code   174  math_helper.o(.text)
    arm_float_to_q30                         0x000005cf   Thumb Code   222  math_helper.o(.text)
    arm_float_to_q29                         0x000006ad   Thumb Code   170  math_helper.o(.text)
    arm_float_to_q28                         0x00000757   Thumb Code   170  math_helper.o(.text)
    arm_clip_f32                             0x00000801   Thumb Code    84  math_helper.o(.text)
    SystemCoreClockUpdate                    0x0000085d   Thumb Code     8  system_armcm4.o(.text)
    SystemInit                               0x00000865   Thumb Code    20  system_armcm4.o(.text)
    Reset_Handler                            0x00000885   Thumb Code     8  startup_armcm4.o(.text)
    NMI_Handler                              0x0000088d   Thumb Code     2  startup_armcm4.o(.text)
    HardFault_Handler                        0x0000088f   Thumb Code     2  startup_armcm4.o(.text)
    MemManage_Handler                        0x00000891   Thumb Code     2  startup_armcm4.o(.text)
    BusFault_Handler                         0x00000893   Thumb Code     2  startup_armcm4.o(.text)
    UsageFault_Handler                       0x00000895   Thumb Code     2  startup_armcm4.o(.text)
    SVC_Handler                              0x00000897   Thumb Code     2  startup_armcm4.o(.text)
    DebugMon_Handler                         0x00000899   Thumb Code     2  startup_armcm4.o(.text)
    PendSV_Handler                           0x0000089b   Thumb Code     2  startup_armcm4.o(.text)
    SysTick_Handler                          0x0000089d   Thumb Code     2  startup_armcm4.o(.text)
    AACI_IRQHandler                          0x0000089f   Thumb Code     0  startup_armcm4.o(.text)
    CAN_IRQHandler                           0x0000089f   Thumb Code     0  startup_armcm4.o(.text)
    CHLCD_IRQHandler                         0x0000089f   Thumb Code     0  startup_armcm4.o(.text)
    CLCD_IRQHandler                          0x0000089f   Thumb Code     0  startup_armcm4.o(.text)
    CPU_CLCD_IRQHandler                      0x0000089f   Thumb Code     0  startup_armcm4.o(.text)
    ENET_IRQHandler                          0x0000089f   Thumb Code     0  startup_armcm4.o(.text)
    FLEXRAY_IRQHandler                       0x0000089f   Thumb Code     0  startup_armcm4.o(.text)
    I2C_IRQHandler                           0x0000089f   Thumb Code     0  startup_armcm4.o(.text)
    LIN_IRQHandler                           0x0000089f   Thumb Code     0  startup_armcm4.o(.text)
    MCIA_IRQHandler                          0x0000089f   Thumb Code     0  startup_armcm4.o(.text)
    MCIB_IRQHandler                          0x0000089f   Thumb Code     0  startup_armcm4.o(.text)
    RTC_IRQHandler                           0x0000089f   Thumb Code     0  startup_armcm4.o(.text)
    SPI_IRQHandler                           0x0000089f   Thumb Code     0  startup_armcm4.o(.text)
    TIM0_IRQHandler                          0x0000089f   Thumb Code     0  startup_armcm4.o(.text)
    TIM2_IRQHandler                          0x0000089f   Thumb Code     0  startup_armcm4.o(.text)
    UART0_IRQHandler                         0x0000089f   Thumb Code     0  startup_armcm4.o(.text)
    UART1_IRQHandler                         0x0000089f   Thumb Code     0  startup_armcm4.o(.text)
    UART2_IRQHandler                         0x0000089f   Thumb Code     0  startup_armcm4.o(.text)
    UART3_IRQHandler                         0x0000089f   Thumb Code     0  startup_armcm4.o(.text)
    UART4_IRQHandler                         0x0000089f   Thumb Code     0  startup_armcm4.o(.text)
    USBDC_IRQHandler                         0x0000089f   Thumb Code     0  startup_armcm4.o(.text)
    USBHC_IRQHandler                         0x0000089f   Thumb Code     0  startup_armcm4.o(.text)
    WDT_IRQHandler                           0x0000089f   Thumb Code     0  startup_armcm4.o(.text)
    __user_initial_stackheap                 0x000008a1   Thumb Code    10  startup_armcm4.o(.text)
    arm_fir_f32                              0x000008c5   Thumb Code  1322  arm_fir_f32.o(.text)
    arm_fir_init_f32                         0x00000def   Thumb Code    28  arm_fir_init_f32.o(.text)
    __aeabi_memclr4                          0x00000e0b   Thumb Code     0  rt_memclr_w.o(.text)
    __aeabi_memclr8                          0x00000e0b   Thumb Code     0  rt_memclr_w.o(.text)
    __rt_memclr_w                            0x00000e0b   Thumb Code    78  rt_memclr_w.o(.text)
    _memset_w                                0x00000e0f   Thumb Code     0  rt_memclr_w.o(.text)
    __use_two_region_memory                  0x00000e59   Thumb Code     2  heapauxi.o(.text)
    __rt_heap_escrow$2region                 0x00000e5b   Thumb Code     2  heapauxi.o(.text)
    __rt_heap_expand$2region                 0x00000e5d   Thumb Code     2  heapauxi.o(.text)
    __read_errno                             0x00000e5f   Thumb Code    10  _rserrno.o(.text)
    __set_errno                              0x00000e69   Thumb Code    12  _rserrno.o(.text)
    __aeabi_errno_addr                       0x00000e75   Thumb Code     8  rt_errno_addr_intlibspace.o(.text)
    __errno$intlibspace                      0x00000e75   Thumb Code     0  rt_errno_addr_intlibspace.o(.text)
    __rt_errno_addr$intlibspace              0x00000e75   Thumb Code     0  rt_errno_addr_intlibspace.o(.text)
    __user_libspace                          0x00000e7d   Thumb Code     8  libspace.o(.text)
    __user_perproc_libspace                  0x00000e7d   Thumb Code     0  libspace.o(.text)
    __user_perthread_libspace                0x00000e7d   Thumb Code     0  libspace.o(.text)
    __user_setup_stackheap                   0x00000e85   Thumb Code    74  sys_stackheap_outer.o(.text)
    exit                                     0x00000ecf   Thumb Code    12  exit.o(.text)
    _sys_exit                                0x00000edd   Thumb Code     8  sys_exit.o(.text)
    __I$use$semihosting                      0x00000ee9   Thumb Code     0  use_no_semi.o(.text)
    __use_no_semihosting_swi                 0x00000ee9   Thumb Code     2  use_no_semi.o(.text)
    __semihosting_library_function           0x00000eeb   Thumb Code     0  indicate_semi.o(.text)
    __hardfp_log                             0x00000ef1   Thumb Code   888  log.o(i.__hardfp_log)
    __hardfp_log10                           0x000012d9   Thumb Code   272  log10.o(i.__hardfp_log10)
    __kernel_poly                            0x00001421   Thumb Code   248  poly.o(i.__kernel_poly)
    log                                      0x00001519   Thumb Code    16  log.o(i.log)
    __aeabi_d2f                              0x00001529   Thumb Code     0  d2f.o(x$fpl$d2f)
    _d2f                                     0x00001529   Thumb Code    98  d2f.o(x$fpl$d2f)
    __aeabi_dadd                             0x0000158d   Thumb Code     0  daddsub_clz.o(x$fpl$dadd)
    _dadd                                    0x0000158d   Thumb Code   332  daddsub_clz.o(x$fpl$dadd)
    __fpl_dcmp_Inf                           0x000016dd   Thumb Code    24  dcmpi.o(x$fpl$dcmpinf)
    __aeabi_ddiv                             0x000016f5   Thumb Code     0  ddiv.o(x$fpl$ddiv)
    _ddiv                                    0x000016f5   Thumb Code   552  ddiv.o(x$fpl$ddiv)
    __aeabi_cdcmpeq                          0x000019a5   Thumb Code     0  deqf.o(x$fpl$deqf)
    _dcmpeq                                  0x000019a5   Thumb Code   120  deqf.o(x$fpl$deqf)
    __aeabi_d2iz                             0x00001a1d   Thumb Code     0  dfix.o(x$fpl$dfix)
    _dfix                                    0x00001a1d   Thumb Code    94  dfix.o(x$fpl$dfix)
    __aeabi_i2d                              0x00001a7b   Thumb Code     0  dflt_clz.o(x$fpl$dflt)
    _dflt                                    0x00001a7b   Thumb Code    46  dflt_clz.o(x$fpl$dflt)
    __aeabi_dmul                             0x00001aa9   Thumb Code     0  dmul.o(x$fpl$dmul)
    _dmul                                    0x00001aa9   Thumb Code   332  dmul.o(x$fpl$dmul)
    __fpl_dnaninf                            0x00001bfd   Thumb Code   156  dnaninf.o(x$fpl$dnaninf)
    __fpl_dretinf                            0x00001c99   Thumb Code    12  dretinf.o(x$fpl$dretinf)
    __aeabi_drsub                            0x00001ca5   Thumb Code     0  daddsub_clz.o(x$fpl$drsb)
    _drsb                                    0x00001ca5   Thumb Code    22  daddsub_clz.o(x$fpl$drsb)
    __aeabi_dsub                             0x00001cbd   Thumb Code     0  daddsub_clz.o(x$fpl$dsub)
    _dsub                                    0x00001cbd   Thumb Code   464  daddsub_clz.o(x$fpl$dsub)
    __aeabi_f2d                              0x00001e91   Thumb Code     0  f2d.o(x$fpl$f2d)
    _f2d                                     0x00001e91   Thumb Code    86  f2d.o(x$fpl$f2d)
    __fpl_fnaninf                            0x00001ee7   Thumb Code   140  fnaninf.o(x$fpl$fnaninf)
    _fp_init                                 0x00001f73   Thumb Code    10  fpinit.o(x$fpl$fpinit)
    __fplib_config_fpu_vfp                   0x00001f7b   Thumb Code     0  fpinit.o(x$fpl$fpinit)
    __fplib_config_pureend_doubles           0x00001f7b   Thumb Code     0  fpinit.o(x$fpl$fpinit)
    __fpl_fretinf                            0x00001f7d   Thumb Code    10  fretinf.o(x$fpl$fretinf)
    __I$use$fp                               0x00001f86   Number         0  usenofp.o(x$fpl$usenofp)
    firCoeffs32                              0x00001f88   Data         116  arm_fir_example_f32.o(.constdata)
    __mathlib_zero                           0x00002038   Data           8  qnan.o(.constdata)
    Region$$Table$$Base                      0x00002040   Number         0  anon$$obj.o(Region$$Table)
    Region$$Table$$Limit                     0x00002060   Number         0  anon$$obj.o(Region$$Table)
    testInput_f32_1kHz_15kHz                 0x20000000   Data        1280  arm_fir_data.o(.data)
    refOutput                                0x20000500   Data        1280  arm_fir_data.o(.data)
    blockSize                                0x20000a00   Data           4  arm_fir_example_f32.o(.data)
    numBlocks                                0x20000a04   Data           4  arm_fir_example_f32.o(.data)
    snr                                      0x20000a08   Data           4  arm_fir_example_f32.o(.data)
    SystemCoreClock                          0x20000a0c   Data           4  system_armcm4.o(.data)
    __libspace_start                         0x20001000   Data          96  libspace.o(.bss)
    __temporary_stack_top$libspace           0x20001060   Data           0  libspace.o(.bss)



==============================================================================

Memory Map of the image

  Image Entry point : 0x00000885

  Load Region LR_1 (Base: 0x00000000, Size: 0x00002a70, Max: 0xffffffff, ABSOLUTE, COMPRESSED[0x00002210])

    Execution Region ER_RO (Base: 0x00000000, Size: 0x00002060, Max: 0xffffffff, ABSOLUTE)

    Base Addr    Size         Type   Attr      Idx    E Section Name        Object

    0x00000000   0x000000c0   Data   RO          130    RESET               startup_armcm4.o
    0x000000c0   0x00000008   Code   RO          206  * !!!main             c_w.l(__main.o)
    0x000000c8   0x00000034   Code   RO          437    !!!scatter          c_w.l(__scatter.o)
    0x000000fc   0x00000064   Code   RO          435    !!dclz77c           c_w.l(__dclz77c.o)
    0x00000160   0x0000001c   Code   RO          439    !!handler_zi        c_w.l(__scatter_zi.o)
    0x0000017c   0x00000002   Code   RO          309    .ARM.Collect$$libinit$$00000000  c_w.l(libinit.o)
    0x0000017e   0x00000004   Code   RO          314    .ARM.Collect$$libinit$$00000001  c_w.l(libinit2.o)
    0x00000182   0x00000000   Code   RO          318    .ARM.Collect$$libinit$$00000008  c_w.l(libinit2.o)
    0x00000182   0x00000000   Code   RO          320    .ARM.Collect$$libinit$$0000000A  c_w.l(libinit2.o)
    0x00000182   0x00000000   Code   RO          322    .ARM.Collect$$libinit$$0000000C  c_w.l(libinit2.o)
    0x00000182   0x00000000   Code   RO          325    .ARM.Collect$$libinit$$0000000F  c_w.l(libinit2.o)
    0x00000182   0x00000000   Code   RO          327    .ARM.Collect$$libinit$$00000011  c_w.l(libinit2.o)
    0x00000182   0x00000000   Code   RO          329    .ARM.Collect$$libinit$$00000013  c_w.l(libinit2.o)
    0x00000182   0x00000000   Code   RO          331    .ARM.Collect$$libinit$$00000015  c_w.l(libinit2.o)
    0x00000182   0x00000000   Code   RO          333    .ARM.Collect$$libinit$$00000017  c_w.l(libinit2.o)
    0x00000182   0x00000000   Code   RO          335    .ARM.Collect$$libinit$$00000019  c_w.l(libinit2.o)
    0x00000182   0x00000000   Code   RO          337    .ARM.Collect$$libinit$$0000001B  c_w.l(libinit2.o)
    0x00000182   0x00000000   Code   RO          339    .ARM.Collect$$libinit$$0000001D  c_w.l(libinit2.o)
    0x00000182   0x00000000   Code   RO          341    .ARM.Collect$$libinit$$0000001F  c_w.l(libinit2.o)
    0x00000182   0x00000000   Code   RO          343    .ARM.Collect$$libinit$$00000021  c_w.l(libinit2.o)
    0x00000182   0x00000000   Code   RO          345    .ARM.Collect$$libinit$$00000023  c_w.l(libinit2.o)
    0x00000182   0x00000000   Code   RO          349    .ARM.Collect$$libinit$$0000002A  c_w.l(libinit2.o)
    0x00000182   0x00000000   Code   RO          351    .ARM.Collect$$libinit$$0000002C  c_w.l(libinit2.o)
    0x00000182   0x00000000   Code   RO          353    .ARM.Collect$$libinit$$0000002E  c_w.l(libinit2.o)
    0x00000182   0x00000000   Code   RO          355    .ARM.Collect$$libinit$$00000030  c_w.l(libinit2.o)
    0x00000182   0x00000002   Code   RO          356    .ARM.Collect$$libinit$$00000031  c_w.l(libinit2.o)
    0x00000184   0x00000002   Code   RO          376    .ARM.Collect$$libshutdown$$00000000  c_w.l(libshutdown.o)
    0x00000186   0x00000000   Code   RO          390    .ARM.Collect$$libshutdown$$00000003  c_w.l(libshutdown2.o)
    0x00000186   0x00000000   Code   RO          393    .ARM.Collect$$libshutdown$$00000006  c_w.l(libshutdown2.o)
    0x00000186   0x00000000   Code   RO          396    .ARM.Collect$$libshutdown$$00000009  c_w.l(libshutdown2.o)
    0x00000186   0x00000000   Code   RO          398    .ARM.Collect$$libshutdown$$0000000B  c_w.l(libshutdown2.o)
    0x00000186   0x00000000   Code   RO          401    .ARM.Collect$$libshutdown$$0000000E  c_w.l(libshutdown2.o)
    0x00000186   0x00000002   Code   RO          402    .ARM.Collect$$libshutdown$$0000000F  c_w.l(libshutdown2.o)
    0x00000188   0x00000000   Code   RO          242    .ARM.Collect$$rtentry$$00000000  c_w.l(rtentry.o)
    0x00000188   0x00000000   Code   RO          273    .ARM.Collect$$rtentry$$00000002  c_w.l(rtentry2.o)
    0x00000188   0x00000006   Code   RO          285    .ARM.Collect$$rtentry$$00000004  c_w.l(rtentry4.o)
    0x0000018e   0x00000000   Code   RO          275    .ARM.Collect$$rtentry$$00000009  c_w.l(rtentry2.o)
    0x0000018e   0x00000004   Code   RO          276    .ARM.Collect$$rtentry$$0000000A  c_w.l(rtentry2.o)
    0x00000192   0x00000000   Code   RO          278    .ARM.Collect$$rtentry$$0000000C  c_w.l(rtentry2.o)
    0x00000192   0x00000008   Code   RO          279    .ARM.Collect$$rtentry$$0000000D  c_w.l(rtentry2.o)
    0x0000019a   0x00000002   Code   RO          312    .ARM.Collect$$rtexit$$00000000  c_w.l(rtexit.o)
    0x0000019c   0x00000000   Code   RO          358    .ARM.Collect$$rtexit$$00000002  c_w.l(rtexit2.o)
    0x0000019c   0x00000004   Code   RO          359    .ARM.Collect$$rtexit$$00000003  c_w.l(rtexit2.o)
    0x000001a0   0x00000006   Code   RO          360    .ARM.Collect$$rtexit$$00000004  c_w.l(rtexit2.o)
    0x000001a6   0x00000002   PAD
    0x000001a8   0x000000a0   Code   RO           48    .text               arm_fir_example_f32.o
    0x00000248   0x00000614   Code   RO           77    .text               math_helper.o
    0x0000085c   0x00000028   Code   RO           97    .text               system_armcm4.o
    0x00000884   0x00000040   Code   RO          131  * .text               startup_armcm4.o
    0x000008c4   0x0000052a   Code   RO          137    .text               arm_cortexM4lf_math.lib(arm_fir_f32.o)
    0x00000dee   0x0000001c   Code   RO          182    .text               arm_cortexM4lf_math.lib(arm_fir_init_f32.o)
    0x00000e0a   0x0000004e   Code   RO          202    .text               c_w.l(rt_memclr_w.o)
    0x00000e58   0x00000006   Code   RO          204    .text               c_w.l(heapauxi.o)
    0x00000e5e   0x00000016   Code   RO          243    .text               c_w.l(_rserrno.o)
    0x00000e74   0x00000008   Code   RO          290    .text               c_w.l(rt_errno_addr_intlibspace.o)
    0x00000e7c   0x00000008   Code   RO          297    .text               c_w.l(libspace.o)
    0x00000e84   0x0000004a   Code   RO          300    .text               c_w.l(sys_stackheap_outer.o)
    0x00000ece   0x0000000c   Code   RO          302    .text               c_w.l(exit.o)
    0x00000eda   0x00000002   PAD
    0x00000edc   0x0000000c   Code   RO          368    .text               c_w.l(sys_exit.o)
    0x00000ee8   0x00000002   Code   RO          379    .text               c_w.l(use_no_semi.o)
    0x00000eea   0x00000000   Code   RO          381    .text               c_w.l(indicate_semi.o)
    0x00000eea   0x00000006   PAD
    0x00000ef0   0x000003e4   Code   RO          258    i.__hardfp_log      m_wm.l(log.o)
    0x000012d4   0x00000004   PAD
    0x000012d8   0x00000148   Code   RO          230    i.__hardfp_log10    m_wm.l(log10.o)
    0x00001420   0x000000f8   Code   RO          294    i.__kernel_poly     m_wm.l(poly.o)
    0x00001518   0x00000010   Code   RO          260    i.log               m_wm.l(log.o)
    0x00001528   0x00000062   Code   RO          208    x$fpl$d2f           fz_wm.l(d2f.o)
    0x0000158a   0x00000002   PAD
    0x0000158c   0x00000150   Code   RO          210    x$fpl$dadd          fz_wm.l(daddsub_clz.o)
    0x000016dc   0x00000018   Code   RO          310    x$fpl$dcmpinf       fz_wm.l(dcmpi.o)
    0x000016f4   0x000002b0   Code   RO          246    x$fpl$ddiv          fz_wm.l(ddiv.o)
    0x000019a4   0x00000078   Code   RO          292    x$fpl$deqf          fz_wm.l(deqf.o)
    0x00001a1c   0x0000005e   Code   RO          216    x$fpl$dfix          fz_wm.l(dfix.o)
    0x00001a7a   0x0000002e   Code   RO          221    x$fpl$dflt          fz_wm.l(dflt_clz.o)
    0x00001aa8   0x00000154   Code   RO          226    x$fpl$dmul          fz_wm.l(dmul.o)
    0x00001bfc   0x0000009c   Code   RO          249    x$fpl$dnaninf       fz_wm.l(dnaninf.o)
    0x00001c98   0x0000000c   Code   RO          251    x$fpl$dretinf       fz_wm.l(dretinf.o)
    0x00001ca4   0x00000016   Code   RO          211    x$fpl$drsb          fz_wm.l(daddsub_clz.o)
    0x00001cba   0x00000002   PAD
    0x00001cbc   0x000001d4   Code   RO          212    x$fpl$dsub          fz_wm.l(daddsub_clz.o)
    0x00001e90   0x00000056   Code   RO          228    x$fpl$f2d           fz_wm.l(f2d.o)
    0x00001ee6   0x0000008c   Code   RO          253    x$fpl$fnaninf       fz_wm.l(fnaninf.o)
    0x00001f72   0x0000000a   Code   RO          366    x$fpl$fpinit        fz_wm.l(fpinit.o)
    0x00001f7c   0x0000000a   Code   RO          255    x$fpl$fretinf       fz_wm.l(fretinf.o)
    0x00001f86   0x00000000   Code   RO          257    x$fpl$usenofp       fz_wm.l(usenofp.o)
    0x00001f86   0x00000002   PAD
    0x00001f88   0x00000074   Data   RO           50    .constdata          arm_fir_example_f32.o
    0x00001ffc   0x00000004   PAD
    0x00002000   0x00000038   Data   RO          261    .constdata          m_wm.l(log.o)
    0x00002038   0x00000008   Data   RO          296    .constdata          m_wm.l(qnan.o)
    0x00002040   0x00000020   Data   RO          433    Region$$Table       anon$$obj.o


    Execution Region ER_RW (Base: 0x20000000, Size: 0x00000a10, Max: 0xffffffff, ABSOLUTE, COMPRESSED[0x000001b0])

    Base Addr    Size         Type   Attr      Idx    E Section Name        Object

    0x20000000   0x00000a00   Data   RW            3    .data               arm_fir_data.o
    0x20000a00   0x0000000c   Data   RW           51    .data               arm_fir_example_f32.o
    0x20000a0c   0x00000004   Data   RW           98    .data               system_armcm4.o


    Execution Region ER_ZI (Base: 0x20000a10, Size: 0x00001650, Max: 0xffffffff, ABSOLUTE)

    Base Addr    Size         Type   Attr      Idx    E Section Name        Object

    0x20000a10   0x000005f0   Zero   RW           49    .bss                arm_fir_example_f32.o
    0x20001000   0x00000060   Zero   RW          298    .bss                c_w.l(libspace.o)
    0x20001060   0x00000c00   Zero   RW          129    HEAP                startup_armcm4.o
    0x20001c60   0x00000400   Zero   RW          128    STACK               startup_armcm4.o


==============================================================================

Image component sizes


      Code (inc. data)   RO Data    RW Data    ZI Data      Debug   Object Name

         0          0          0       2560          0      17221   arm_fir_data.o
       160         38        116         12       1520       1654   arm_fir_example_f32.o
      1556         58          0          0          0       5678   math_helper.o
        64         26        192          0       4096        864   startup_armcm4.o
        40         12          0          4          0        809   system_armcm4.o

    ----------------------------------------------------------------------
      1820        134        344       2576       5616      26226   Object Totals
         0          0         32          0          0          0   (incl. Generated)
         0          0          4          0          0          0   (incl. Padding)

    ----------------------------------------------------------------------

      Code (inc. data)   RO Data    RW Data    ZI Data      Debug   Library Member Name

      1322          4          0          0          0      18078   arm_fir_f32.o
        28          0          0          0          0        859   arm_fir_init_f32.o
       100          0          0          0          0          0   __dclz77c.o
         8          0          0          0          0         68   __main.o
        52          8          0          0          0          0   __scatter.o
        28          0          0          0          0          0   __scatter_zi.o
        22          0          0          0          0        100   _rserrno.o
        12          0          0          0          0         72   exit.o
         6          0          0          0          0        152   heapauxi.o
         0          0          0          0          0          0   indicate_semi.o
         2          0          0          0          0          0   libinit.o
         6          0          0          0          0          0   libinit2.o
         2          0          0          0          0          0   libshutdown.o
         2          0          0          0          0          0   libshutdown2.o
         8          4          0          0         96         68   libspace.o
         8          4          0          0          0         68   rt_errno_addr_intlibspace.o
        78          0          0          0          0         80   rt_memclr_w.o
         0          0          0          0          0          0   rtentry.o
        12          0          0          0          0          0   rtentry2.o
         6          0          0          0          0          0   rtentry4.o
         2          0          0          0          0          0   rtexit.o
        10          0          0          0          0          0   rtexit2.o
        12          4          0          0          0         68   sys_exit.o
        74          0          0          0          0         80   sys_stackheap_outer.o
         2          0          0          0          0         68   use_no_semi.o
        98          4          0          0          0        140   d2f.o
       826         16          0          0          0        492   daddsub_clz.o
        24          0          0          0          0        116   dcmpi.o
       688        140          0          0          0        256   ddiv.o
       120          4          0          0          0        140   deqf.o
        94          4          0          0          0        140   dfix.o
        46          0          0          0          0        116   dflt_clz.o
       340         12          0          0          0        152   dmul.o
       156          4          0          0          0        140   dnaninf.o
        12          0          0          0          0        116   dretinf.o
        86          4          0          0          0        132   f2d.o
       140          4          0          0          0        132   fnaninf.o
        10          0          0          0          0        116   fpinit.o
        10          0          0          0          0        116   fretinf.o
         0          0          0          0          0          0   usenofp.o
      1012        108         56          0          0        356   log.o
       328         56          0          0          0        156   log10.o
       248          0          0          0          0        152   poly.o
         0          0          8          0          0          0   qnan.o

    ----------------------------------------------------------------------
      6060        384         64          0         96      22729   Library Totals
        20          4          0          0          0          0   (incl. Padding)

    ----------------------------------------------------------------------

      Code (inc. data)   RO Data    RW Data    ZI Data      Debug   Library Name

      1350          4          0          0          0      18937   arm_cortexM4lf_math.lib
       452         20          0          0         96        824   c_w.l
      2650        192          0          0          0       2304   fz_wm.l
      1588        164         64          0          0        664   m_wm.l

    ----------------------------------------------------------------------
      6060        384         64          0         96      22729   Library Totals

    ----------------------------------------------------------------------

==============================================================================


      Code (inc. data)   RO Data    RW Data    ZI Data      Debug   

      7880        518        408       2576       5712      46239   Grand Totals
      7880        518        408        432       5712      46239   ELF Image Totals (compressed)
      7880        518        408        432          0          0   ROM Totals

==============================================================================

    Total RO  Size (Code + RO Data)                 8288 (   8.09kB)
    Total RW  Size (RW Data + ZI Data)              8288 (   8.09kB)
    Total ROM Size (Code + RO Data + RW Data)       8720 (   8.52kB)

==============================================================================

