ARM Linker, 5.03 [Build 76] [MDK-ARM Professional]

==============================================================================

Section Cross References

    startup_stm32f10x_md.o(STACK) refers (Special) to heapauxi.o(.text) for __use_two_region_memory
    startup_stm32f10x_md.o(HEAP) refers (Special) to heapauxi.o(.text) for __use_two_region_memory
    startup_stm32f10x_md.o(RESET) refers (Special) to heapauxi.o(.text) for __use_two_region_memory
    startup_stm32f10x_md.o(RESET) refers to startup_stm32f10x_md.o(STACK) for __initial_sp
    startup_stm32f10x_md.o(RESET) refers to startup_stm32f10x_md.o(.text) for Reset_Handler
    startup_stm32f10x_md.o(RESET) refers to hal_cm3.o(.emb_text) for SVC_Handler
    startup_stm32f10x_md.o(.text) refers (Special) to heapauxi.o(.text) for __use_two_region_memory
    startup_stm32f10x_md.o(.text) refers to system_stm32f10x.o(.text) for SystemInit
    startup_stm32f10x_md.o(.text) refers to __main.o(!!!main) for __main
    startup_stm32f10x_md.o(.text) refers to startup_stm32f10x_md.o(HEAP) for Heap_Mem
    startup_stm32f10x_md.o(.text) refers to startup_stm32f10x_md.o(STACK) for Stack_Mem
    main.o(.text) refers to led.o(.text) for LED_On
    main.o(.text) refers to rt_cmsis.o(.text) for osDelay
    main.o(.text) refers to main.o(.constdata) for os_thread_def_ledOff
    main.o(.text) refers to main.o(.data) for main_ID
    main.o(.constdata) refers to main.o(.text) for ledOff
    system_stm32f10x.o(.text) refers to system_stm32f10x.o(.data) for SystemCoreClock
    rtx_conf_cm.o(.emb_text) refers to sys_stackheap_outer.o(.text) for __user_setup_stackheap
    rtx_conf_cm.o(.emb_text) refers to libinit.o(.ARM.Collect$$libinit$$00000000) for __rt_lib_init
    rtx_conf_cm.o(.emb_text) refers to rt_cmsis.o(.text) for osKernelInitialize
    rtx_conf_cm.o(.emb_text) refers to exit.o(.text) for exit
    rtx_conf_cm.o(.emb_text) refers to rtx_conf_cm.o(.constdata) for os_thread_def_main
    rtx_conf_cm.o(.text) refers to rt_task.o(.text) for rt_tsk_self
    rtx_conf_cm.o(.text) refers to rt_mutex.o(.text) for rt_mut_init
    rtx_conf_cm.o(.text) refers to rtx_conf_cm.o(.bss) for .bss
    rtx_conf_cm.o(.text) refers to libspace.o(.bss) for __libspace_start
    rtx_conf_cm.o(.text) refers to rtx_conf_cm.o(.data) for .data
    rtx_conf_cm.o(.constdata) refers to main.o(.text) for main
    rt_cmsis.o(.text) refers to rt_memory.o(.text) for rt_init_mem
    rt_cmsis.o(.text) refers to rt_task.o(.text) for rt_sys_init
    rt_cmsis.o(.text) refers to rt_mailbox.o(.text) for rt_mbx_init
    rt_cmsis.o(.text) refers to rt_time.o(.text) for rt_dly_wait
    rt_cmsis.o(.text) refers to rtx_conf_cm.o(.constdata) for os_clockrate
    rt_cmsis.o(.text) refers to rt_cmsis.o(.data) for .data
    rt_cmsis.o(.text) refers to rtx_conf_cm.o(.bss) for os_stack_mem
    rt_cmsis.o(.text) refers to rt_task.o(.data) for os_tsk
    rt_cmsis.o(.text) refers to rtx_conf_cm.o(.data) for osMessageQId_osTimerMessageQ
    rt_cmsis.o(.text) refers to rt_event.o(.text) for rt_evt_wait
    rt_cmsis.o(.text) refers to rt_mutex.o(.text) for rt_mut_init
    rt_cmsis.o(.text) refers to rt_semaphore.o(.text) for rt_sem_init
    rt_cmsis.o(.text) refers to rt_membox.o(.text) for _init_box
    rt_cmsis.o(.text) refers to rt_list.o(.text) for rt_put_prio
    rt_cmsis.o(.text) refers to rt_system.o(.text) for rt_psh_req
    rt_cmsis.o(.text) refers to hal_cm.o(.text) for rt_ret_val
    rt_task.o(.text) refers to rt_membox.o(.text) for rt_alloc_box
    rt_task.o(.text) refers to hal_cm.o(.text) for rt_init_stack
    rt_task.o(.text) refers to rt_list.o(.text) for rt_put_rdy_first
    rt_task.o(.text) refers to hal_cm3.o(.emb_text) for rt_get_PSP
    rt_task.o(.text) refers to rt_system.o(.text) for rt_stk_check
    rt_task.o(.text) refers to rt_robin.o(.text) for rt_init_robin
    rt_task.o(.text) refers to rtx_conf_cm.o(.bss) for mp_stk
    rt_task.o(.text) refers to rt_task.o(.data) for .data
    rt_task.o(.text) refers to hal_cm.o(.data) for dbg_msg
    rt_task.o(.text) refers to rt_list.o(.bss) for os_rdy
    rt_task.o(.text) refers to rtx_conf_cm.o(.constdata) for os_maxtaskrun
    rt_task.o(.text) refers to rtx_conf_cm.o(.data) for m_tmr
    rt_task.o(.text) refers to rt_task.o(.bss) for .bss
    rt_task.o(.text) refers to rtx_conf_cm.o(.text) for os_idle_demon
    rt_task.o(.text) refers to rt_system.o(.data) for os_tick_irqn
    rt_mutex.o(.text) refers to rt_list.o(.text) for rt_resort_prio
    rt_mutex.o(.text) refers to hal_cm.o(.text) for rt_ret_val
    rt_mutex.o(.text) refers to rt_task.o(.text) for rt_dispatch
    rt_mutex.o(.text) refers to rt_task.o(.data) for os_tsk
    rt_mutex.o(.text) refers to rt_list.o(.bss) for os_rdy
    rt_system.o(.text) refers to rt_list.o(.text) for rt_put_rdy_first
    rt_system.o(.text) refers to rt_task.o(.text) for rt_switch_req
    rt_system.o(.text) refers to rt_semaphore.o(.text) for rt_sem_psh
    rt_system.o(.text) refers to rt_event.o(.text) for rt_evt_psh
    rt_system.o(.text) refers to rt_mailbox.o(.text) for rt_mbx_psh
    rt_system.o(.text) refers to rt_robin.o(.text) for rt_chk_robin
    rt_system.o(.text) refers to rt_cmsis.o(.text) for sysTimerTick
    rt_system.o(.text) refers to rtx_conf_cm.o(.text) for os_error
    rt_system.o(.text) refers to rt_system.o(.data) for .data
    rt_system.o(.text) refers to rt_list.o(.bss) for os_dly
    rt_system.o(.text) refers to rt_task.o(.data) for os_tsk
    rt_system.o(.text) refers to rt_robin.o(.data) for os_robin
    rt_system.o(.text) refers to rt_time.o(.data) for os_time
    rt_system.o(.text) refers to rtx_conf_cm.o(.bss) for os_fifo
    rt_system.o(.text) refers to rtx_conf_cm.o(.constdata) for os_trv
    rt_event.o(.text) refers to rt_task.o(.text) for rt_block
    rt_event.o(.text) refers to rt_list.o(.text) for rt_rmv_dly
    rt_event.o(.text) refers to hal_cm.o(.text) for rt_ret_val2
    rt_event.o(.text) refers to rt_system.o(.text) for rt_psh_req
    rt_event.o(.text) refers to rt_task.o(.data) for os_tsk
    rt_event.o(.text) refers to rtx_conf_cm.o(.bss) for os_active_TCB
    rt_event.o(.text) refers to rt_list.o(.bss) for os_rdy
    rt_list.o(.text) refers to rtx_conf_cm.o(.text) for os_error
    rt_list.o(.text) refers to rt_list.o(.bss) for .bss
    rt_list.o(.text) refers to rt_task.o(.data) for os_tsk
    rt_list.o(.text) refers to rt_time.o(.data) for os_time
    rt_list.o(.text) refers to rtx_conf_cm.o(.bss) for os_fifo
    rt_mailbox.o(.text) refers to rt_list.o(.text) for rt_put_prio
    rt_mailbox.o(.text) refers to hal_cm.o(.text) for rt_ret_val2
    rt_mailbox.o(.text) refers to rt_task.o(.text) for rt_dispatch
    rt_mailbox.o(.text) refers to rt_system.o(.text) for rt_psh_req
    rt_mailbox.o(.text) refers to rt_membox.o(.text) for rt_alloc_box
    rt_mailbox.o(.text) refers to rtx_conf_cm.o(.text) for os_error
    rt_mailbox.o(.text) refers to rt_task.o(.data) for os_tsk
    rt_mailbox.o(.text) refers to rt_list.o(.bss) for os_rdy
    rt_semaphore.o(.text) refers to rt_list.o(.text) for rt_get_first
    rt_semaphore.o(.text) refers to hal_cm.o(.text) for rt_ret_val
    rt_semaphore.o(.text) refers to rt_task.o(.text) for rt_dispatch
    rt_semaphore.o(.text) refers to rt_system.o(.text) for rt_psh_req
    rt_semaphore.o(.text) refers to rt_list.o(.bss) for os_rdy
    rt_semaphore.o(.text) refers to rt_task.o(.data) for os_tsk
    rt_time.o(.text) refers to rt_task.o(.text) for rt_block
    rt_time.o(.text) refers to rt_time.o(.data) for .data
    rt_time.o(.text) refers to rt_task.o(.data) for os_tsk
    rt_robin.o(.text) refers to rt_list.o(.text) for rt_get_first
    rt_robin.o(.text) refers to rt_robin.o(.data) for .data
    rt_robin.o(.text) refers to rtx_conf_cm.o(.constdata) for os_rrobin
    rt_robin.o(.text) refers to rt_list.o(.bss) for os_rdy
    rt_robin.o(.text) refers to rt_time.o(.data) for os_time
    rt_membox.o(.text) refers to hal_cm3.o(.emb_text) for _alloc_box
    hal_cm.o(.text) refers to rtx_conf_cm.o(.constdata) for os_stackinfo
    hal_cm.o(.text) refers to hal_cm.o(.data) for .data
    hal_cm3.o(.emb_text) refers to rtx_conf_cm.o(.constdata) for os_flags
    hal_cm3.o(.emb_text) refers to rt_membox.o(.text) for rt_alloc_box
    hal_cm3.o(.emb_text) refers to rt_system.o(.text) for rt_stk_check
    hal_cm3.o(.emb_text) refers to rt_task.o(.data) for os_tsk
    hal_cm3.o(.emb_text) refers to SVC_Table.o(SVC_TABLE) for SVC_Count
    libspace.o(.text) refers to libspace.o(.bss) for __libspace_start
    sys_stackheap_outer.o(.text) refers to libspace.o(.text) for __user_perproc_libspace
    sys_stackheap_outer.o(.text) refers to startup_stm32f10x_md.o(.text) for __user_initial_stackheap
    exit.o(.text) refers to rtexit.o(.ARM.Collect$$rtexit$$00000000) for __rt_exit
    libinit.o(.ARM.Collect$$libinit$$00000000) refers (Special) to libinit2.o(.ARM.Collect$$libinit$$0000002C) for __rt_lib_init_alloca_1
    libinit.o(.ARM.Collect$$libinit$$00000000) refers (Special) to libinit2.o(.ARM.Collect$$libinit$$0000002A) for __rt_lib_init_argv_1
    libinit.o(.ARM.Collect$$libinit$$00000000) refers (Special) to libinit2.o(.ARM.Collect$$libinit$$00000019) for __rt_lib_init_atexit_1
    libinit.o(.ARM.Collect$$libinit$$00000000) refers (Special) to libinit2.o(.ARM.Collect$$libinit$$0000001F) for __rt_lib_init_clock_1
    libinit.o(.ARM.Collect$$libinit$$00000000) refers (Special) to libinit2.o(.ARM.Collect$$libinit$$00000030) for __rt_lib_init_cpp_1
    libinit.o(.ARM.Collect$$libinit$$00000000) refers (Special) to libinit2.o(.ARM.Collect$$libinit$$0000002E) for __rt_lib_init_exceptions_1
    libinit.o(.ARM.Collect$$libinit$$00000000) refers (Special) to libinit2.o(.ARM.Collect$$libinit$$00000002) for __rt_lib_init_fp_1
    libinit.o(.ARM.Collect$$libinit$$00000000) refers (Special) to libinit2.o(.ARM.Collect$$libinit$$0000001D) for __rt_lib_init_fp_trap_1
    libinit.o(.ARM.Collect$$libinit$$00000000) refers (Special) to libinit2.o(.ARM.Collect$$libinit$$00000021) for __rt_lib_init_getenv_1
    libinit.o(.ARM.Collect$$libinit$$00000000) refers (Special) to libinit2.o(.ARM.Collect$$libinit$$00000008) for __rt_lib_init_heap_1
    libinit.o(.ARM.Collect$$libinit$$00000000) refers (Special) to libinit2.o(.ARM.Collect$$libinit$$0000000F) for __rt_lib_init_lc_collate_1
    libinit.o(.ARM.Collect$$libinit$$00000000) refers (Special) to libinit2.o(.ARM.Collect$$libinit$$00000011) for __rt_lib_init_lc_ctype_1
    libinit.o(.ARM.Collect$$libinit$$00000000) refers (Special) to libinit2.o(.ARM.Collect$$libinit$$00000013) for __rt_lib_init_lc_monetary_1
    libinit.o(.ARM.Collect$$libinit$$00000000) refers (Special) to libinit2.o(.ARM.Collect$$libinit$$00000015) for __rt_lib_init_lc_numeric_1
    libinit.o(.ARM.Collect$$libinit$$00000000) refers (Special) to libinit2.o(.ARM.Collect$$libinit$$00000017) for __rt_lib_init_lc_time_1
    libinit.o(.ARM.Collect$$libinit$$00000000) refers (Special) to libinit2.o(.ARM.Collect$$libinit$$0000000C) for __rt_lib_init_rand_1
    libinit.o(.ARM.Collect$$libinit$$00000000) refers (Special) to libinit2.o(.ARM.Collect$$libinit$$00000031) for __rt_lib_init_return
    libinit.o(.ARM.Collect$$libinit$$00000000) refers (Special) to libinit2.o(.ARM.Collect$$libinit$$0000001B) for __rt_lib_init_signal_1
    libinit.o(.ARM.Collect$$libinit$$00000000) refers (Special) to libinit2.o(.ARM.Collect$$libinit$$00000023) for __rt_lib_init_stdio_1
    libinit.o(.ARM.Collect$$libinit$$00000000) refers (Special) to libinit2.o(.ARM.Collect$$libinit$$0000000A) for __rt_lib_init_user_alloc_1
    __main.o(!!!main) refers to rtx_conf_cm.o(.emb_text) for __rt_entry
    rtexit.o(.ARM.Collect$$rtexit$$00000000) refers (Special) to rtexit2.o(.ARM.Collect$$rtexit$$00000004) for __rt_exit_exit
    rtexit.o(.ARM.Collect$$rtexit$$00000000) refers (Special) to rtexit2.o(.ARM.Collect$$rtexit$$00000003) for __rt_exit_ls
    rtexit.o(.ARM.Collect$$rtexit$$00000000) refers (Special) to rtexit2.o(.ARM.Collect$$rtexit$$00000002) for __rt_exit_prels_1
    rtexit.o(.ARM.exidx) refers (Special) to rtexit2.o(.ARM.Collect$$rtexit$$00000004) for __rt_exit_exit
    rtexit.o(.ARM.exidx) refers (Special) to rtexit2.o(.ARM.Collect$$rtexit$$00000003) for __rt_exit_ls
    rtexit.o(.ARM.exidx) refers (Special) to rtexit2.o(.ARM.Collect$$rtexit$$00000002) for __rt_exit_prels_1
    rtexit.o(.ARM.exidx) refers to rtexit.o(.ARM.Collect$$rtexit$$00000000) for .ARM.Collect$$rtexit$$00000000
    libinit2.o(.ARM.Collect$$libinit$$0000000E) refers to libinit2.o(.ARM.Collect$$libinit$$0000000D) for .ARM.Collect$$libinit$$0000000D
    libinit2.o(.ARM.Collect$$libinit$$00000010) refers to libinit2.o(.ARM.Collect$$libinit$$0000000D) for .ARM.Collect$$libinit$$0000000D
    libinit2.o(.ARM.Collect$$libinit$$00000012) refers to libinit2.o(.ARM.Collect$$libinit$$0000000D) for .ARM.Collect$$libinit$$0000000D
    libinit2.o(.ARM.Collect$$libinit$$00000014) refers to libinit2.o(.ARM.Collect$$libinit$$0000000D) for .ARM.Collect$$libinit$$0000000D
    libinit2.o(.ARM.Collect$$libinit$$00000016) refers to libinit2.o(.ARM.Collect$$libinit$$0000000D) for .ARM.Collect$$libinit$$0000000D
    libinit2.o(.ARM.Collect$$libinit$$00000024) refers to argv_veneer.o(.emb_text) for __ARM_argv_veneer
    libinit2.o(.ARM.Collect$$libinit$$00000025) refers to argv_veneer.o(.emb_text) for __ARM_argv_veneer
    rtexit2.o(.ARM.Collect$$rtexit$$00000003) refers to libshutdown.o(.ARM.Collect$$libshutdown$$00000000) for __rt_lib_shutdown
    rtexit2.o(.ARM.Collect$$rtexit$$00000004) refers to sys_exit.o(.text) for _sys_exit
    rtexit2.o(.ARM.exidx) refers to rtexit2.o(.ARM.Collect$$rtexit$$00000001) for .ARM.Collect$$rtexit$$00000001
    rtexit2.o(.ARM.exidx) refers to rtexit2.o(.ARM.Collect$$rtexit$$00000003) for .ARM.Collect$$rtexit$$00000003
    rtexit2.o(.ARM.exidx) refers to rtexit2.o(.ARM.Collect$$rtexit$$00000004) for .ARM.Collect$$rtexit$$00000004
    argv_veneer.o(.emb_text) refers to no_argv.o(.text) for __ARM_get_argv
    sys_exit.o(.text) refers (Special) to use_no_semi.o(.text) for __I$use$semihosting
    sys_exit.o(.text) refers (Special) to indicate_semi.o(.text) for __semihosting_library_function
    _get_argv_nomalloc.o(.text) refers (Special) to hrguard.o(.text) for __heap_region$guard
    _get_argv_nomalloc.o(.text) refers to defsig_rtmem_outer.o(.text) for __rt_SIGRTMEM
    _get_argv_nomalloc.o(.text) refers to sys_command.o(.text) for _sys_command_string
    libshutdown.o(.ARM.Collect$$libshutdown$$00000000) refers (Special) to libshutdown2.o(.ARM.Collect$$libshutdown$$00000006) for __rt_lib_shutdown_fp_trap_1
    libshutdown.o(.ARM.Collect$$libshutdown$$00000000) refers (Special) to libshutdown2.o(.ARM.Collect$$libshutdown$$0000000E) for __rt_lib_shutdown_heap_1
    libshutdown.o(.ARM.Collect$$libshutdown$$00000000) refers (Special) to libshutdown2.o(.ARM.Collect$$libshutdown$$0000000F) for __rt_lib_shutdown_return
    libshutdown.o(.ARM.Collect$$libshutdown$$00000000) refers (Special) to libshutdown2.o(.ARM.Collect$$libshutdown$$00000009) for __rt_lib_shutdown_signal_1
    libshutdown.o(.ARM.Collect$$libshutdown$$00000000) refers (Special) to libshutdown2.o(.ARM.Collect$$libshutdown$$00000003) for __rt_lib_shutdown_stdio_1
    libshutdown.o(.ARM.Collect$$libshutdown$$00000000) refers (Special) to libshutdown2.o(.ARM.Collect$$libshutdown$$0000000B) for __rt_lib_shutdown_user_alloc_1
    sys_command.o(.text) refers (Special) to use_no_semi.o(.text) for __I$use$semihosting
    sys_command.o(.text) refers (Special) to indicate_semi.o(.text) for __semihosting_library_function
    defsig_rtmem_outer.o(.text) refers to defsig_rtmem_inner.o(.text) for __rt_SIGRTMEM_inner
    defsig_rtmem_outer.o(.text) refers to defsig_exit.o(.text) for __sig_exit
    defsig_rtmem_formal.o(.text) refers to rt_raise.o(.text) for __rt_raise
    rt_raise.o(.text) refers to __raise.o(.text) for __raise
    rt_raise.o(.text) refers to sys_exit.o(.text) for _sys_exit
    defsig_exit.o(.text) refers to sys_exit.o(.text) for _sys_exit
    defsig_rtmem_inner.o(.text) refers to defsig_general.o(.text) for __default_signal_display
    __raise.o(.text) refers to defsig.o(CL$$defsig) for __default_signal_handler
    defsig_general.o(.text) refers to sys_wrch.o(.text) for _ttywrch
    sys_wrch.o(.text) refers (Special) to use_no_semi.o(.text) for __I$use$semihosting
    sys_wrch.o(.text) refers (Special) to indicate_semi.o(.text) for __semihosting_library_function
    defsig.o(CL$$defsig) refers to defsig_rtmem_inner.o(.text) for __rt_SIGRTMEM_inner
    defsig_abrt_inner.o(.text) refers to defsig_general.o(.text) for __default_signal_display
    defsig_fpe_inner.o(.text) refers to defsig_general.o(.text) for __default_signal_display
    defsig_rtred_inner.o(.text) refers to defsig_general.o(.text) for __default_signal_display
    defsig_stak_inner.o(.text) refers to defsig_general.o(.text) for __default_signal_display
    defsig_pvfn_inner.o(.text) refers to defsig_general.o(.text) for __default_signal_display
    defsig_cppl_inner.o(.text) refers to defsig_general.o(.text) for __default_signal_display
    defsig_segv_inner.o(.text) refers to defsig_general.o(.text) for __default_signal_display
    defsig_other.o(.text) refers to defsig_general.o(.text) for __default_signal_display


==============================================================================

Removing Unused input sections from the image.

    Removing main.o(.rev16_text), (4 bytes).
    Removing main.o(.revsh_text), (4 bytes).
    Removing system_stm32f10x.o(.rev16_text), (4 bytes).
    Removing system_stm32f10x.o(.revsh_text), (4 bytes).
    Removing led.o(.rev16_text), (4 bytes).
    Removing led.o(.revsh_text), (4 bytes).
    Removing rt_cmsis.o(.rev16_text), (4 bytes).
    Removing rt_cmsis.o(.revsh_text), (4 bytes).
    Removing rt_system.o(.emb_text), (0 bytes).

9 unused section(s) (total 32 bytes) removed from the image.

==============================================================================

Image Symbol Table

    Local Symbols

    Symbol Name                              Value     Ov Type        Size  Object(Section)

    ../clib/angel/boardlib.s                 0x00000000   Number         0  boardshut.o ABSOLUTE
    ../clib/angel/handlers.s                 0x00000000   Number         0  __scatter_copy.o ABSOLUTE
    ../clib/angel/handlers.s                 0x00000000   Number         0  __scatter_zi.o ABSOLUTE
    ../clib/angel/kernel.s                   0x00000000   Number         0  rtexit.o ABSOLUTE
    ../clib/angel/kernel.s                   0x00000000   Number         0  rtexit2.o ABSOLUTE
    ../clib/angel/rt.s                       0x00000000   Number         0  rt_raise.o ABSOLUTE
    ../clib/angel/scatter.s                  0x00000000   Number         0  __scatter.o ABSOLUTE
    ../clib/angel/startup.s                  0x00000000   Number         0  __main.o ABSOLUTE
    ../clib/angel/sys.s                      0x00000000   Number         0  libspace.o ABSOLUTE
    ../clib/angel/sys.s                      0x00000000   Number         0  use_no_semi.o ABSOLUTE
    ../clib/angel/sys.s                      0x00000000   Number         0  sys_stackheap_outer.o ABSOLUTE
    ../clib/angel/sys.s                      0x00000000   Number         0  indicate_semi.o ABSOLUTE
    ../clib/angel/sysapp.c                   0x00000000   Number         0  sys_command.o ABSOLUTE
    ../clib/angel/sysapp.c                   0x00000000   Number         0  sys_wrch.o ABSOLUTE
    ../clib/angel/sysapp.c                   0x00000000   Number         0  sys_exit.o ABSOLUTE
    ../clib/armsys.c                         0x00000000   Number         0  argv_veneer.o ABSOLUTE
    ../clib/armsys.c                         0x00000000   Number         0  argv_veneer.o ABSOLUTE
    ../clib/armsys.c                         0x00000000   Number         0  _get_argv_nomalloc.o ABSOLUTE
    ../clib/armsys.c                         0x00000000   Number         0  no_argv.o ABSOLUTE
    ../clib/heapalloc.c                      0x00000000   Number         0  hrguard.o ABSOLUTE
    ../clib/heapaux.c                        0x00000000   Number         0  heapauxi.o ABSOLUTE
    ../clib/libinit.s                        0x00000000   Number         0  libinit.o ABSOLUTE
    ../clib/libinit.s                        0x00000000   Number         0  libshutdown2.o ABSOLUTE
    ../clib/libinit.s                        0x00000000   Number         0  libshutdown.o ABSOLUTE
    ../clib/libinit.s                        0x00000000   Number         0  libinit2.o ABSOLUTE
    ../clib/signal.c                         0x00000000   Number         0  defsig_cppl_inner.o ABSOLUTE
    ../clib/signal.c                         0x00000000   Number         0  defsig_pvfn_inner.o ABSOLUTE
    ../clib/signal.c                         0x00000000   Number         0  defsig_stak_inner.o ABSOLUTE
    ../clib/signal.c                         0x00000000   Number         0  defsig_rtred_inner.o ABSOLUTE
    ../clib/signal.c                         0x00000000   Number         0  defsig_fpe_inner.o ABSOLUTE
    ../clib/signal.c                         0x00000000   Number         0  defsig_general.o ABSOLUTE
    ../clib/signal.c                         0x00000000   Number         0  defsig_abrt_inner.o ABSOLUTE
    ../clib/signal.c                         0x00000000   Number         0  __raise.o ABSOLUTE
    ../clib/signal.c                         0x00000000   Number         0  defsig_rtmem_inner.o ABSOLUTE
    ../clib/signal.c                         0x00000000   Number         0  defsig_exit.o ABSOLUTE
    ../clib/signal.c                         0x00000000   Number         0  defsig_rtmem_outer.o ABSOLUTE
    ../clib/signal.c                         0x00000000   Number         0  defsig_other.o ABSOLUTE
    ../clib/signal.c                         0x00000000   Number         0  defsig_rtmem_formal.o ABSOLUTE
    ../clib/signal.c                         0x00000000   Number         0  defsig_segv_inner.o ABSOLUTE
    ../clib/signal.s                         0x00000000   Number         0  defsig.o ABSOLUTE
    ../clib/stdlib.c                         0x00000000   Number         0  exit.o ABSOLUTE
    ../fplib/fpinit.s                        0x00000000   Number         0  fpinit.o ABSOLUTE
    ..\HAL_CM.c                              0x00000000   Number         0  hal_cm.o ABSOLUTE
    ..\\rt_CMSIS.c                           0x00000000   Number         0  rt_cmsis.o ABSOLUTE
    ..\\rt_System.c                          0x00000000   Number         0  rt_system.o ABSOLUTE
    ..\rt_CMSIS.c                            0x00000000   Number         0  rt_cmsis.o ABSOLUTE
    ..\rt_Event.c                            0x00000000   Number         0  rt_event.o ABSOLUTE
    ..\rt_List.c                             0x00000000   Number         0  rt_list.o ABSOLUTE
    ..\rt_Mailbox.c                          0x00000000   Number         0  rt_mailbox.o ABSOLUTE
    ..\rt_MemBox.c                           0x00000000   Number         0  rt_membox.o ABSOLUTE
    ..\rt_Memory.c                           0x00000000   Number         0  rt_memory.o ABSOLUTE
    ..\rt_Mutex.c                            0x00000000   Number         0  rt_mutex.o ABSOLUTE
    ..\rt_Robin.c                            0x00000000   Number         0  rt_robin.o ABSOLUTE
    ..\rt_Semaphore.c                        0x00000000   Number         0  rt_semaphore.o ABSOLUTE
    ..\rt_System.c                           0x00000000   Number         0  rt_system.o ABSOLUTE
    ..\rt_Task.c                             0x00000000   Number         0  rt_task.o ABSOLUTE
    ..\rt_Time.c                             0x00000000   Number         0  rt_time.o ABSOLUTE
    HAL_CM3.c                                0x00000000   Number         0  hal_cm3.o ABSOLUTE
    HAL_CM3.c                                0x00000000   Number         0  hal_cm3.o ABSOLUTE
    RTX_Conf_CM.c                            0x00000000   Number         0  rtx_conf_cm.o ABSOLUTE
    RTX_Conf_CM.c                            0x00000000   Number         0  rtx_conf_cm.o ABSOLUTE
    SVC_Table.s                              0x00000000   Number         0  SVC_Table.o ABSOLUTE
    dc.s                                     0x00000000   Number         0  dc.o ABSOLUTE
    led.c                                    0x00000000   Number         0  led.o ABSOLUTE
    led.c                                    0x00000000   Number         0  led.o ABSOLUTE
    main.c                                   0x00000000   Number         0  main.o ABSOLUTE
    main.c                                   0x00000000   Number         0  main.o ABSOLUTE
    startup_stm32f10x_md.s                   0x00000000   Number         0  startup_stm32f10x_md.o ABSOLUTE
    system_stm32f10x.c                       0x00000000   Number         0  system_stm32f10x.o ABSOLUTE
    system_stm32f10x.c                       0x00000000   Number         0  system_stm32f10x.o ABSOLUTE
    RESET                                    0x08000000   Section      236  startup_stm32f10x_md.o(RESET)
    !!!main                                  0x080000ec   Section        8  __main.o(!!!main)
    !!!scatter                               0x080000f4   Section       52  __scatter.o(!!!scatter)
    !!handler_copy                           0x08000128   Section       26  __scatter_copy.o(!!handler_copy)
    !!handler_zi                             0x08000144   Section       28  __scatter_zi.o(!!handler_zi)
    .ARM.Collect$$libinit$$00000000          0x08000160   Section        2  libinit.o(.ARM.Collect$$libinit$$00000000)
    .ARM.Collect$$libinit$$00000002          0x08000162   Section        0  libinit2.o(.ARM.Collect$$libinit$$00000002)
    .ARM.Collect$$libinit$$00000008          0x08000162   Section        0  libinit2.o(.ARM.Collect$$libinit$$00000008)
    .ARM.Collect$$libinit$$0000000A          0x08000162   Section        0  libinit2.o(.ARM.Collect$$libinit$$0000000A)
    .ARM.Collect$$libinit$$0000000C          0x08000162   Section        0  libinit2.o(.ARM.Collect$$libinit$$0000000C)
    .ARM.Collect$$libinit$$0000000F          0x08000162   Section        0  libinit2.o(.ARM.Collect$$libinit$$0000000F)
    .ARM.Collect$$libinit$$00000011          0x08000162   Section        0  libinit2.o(.ARM.Collect$$libinit$$00000011)
    .ARM.Collect$$libinit$$00000013          0x08000162   Section        0  libinit2.o(.ARM.Collect$$libinit$$00000013)
    .ARM.Collect$$libinit$$00000015          0x08000162   Section        0  libinit2.o(.ARM.Collect$$libinit$$00000015)
    .ARM.Collect$$libinit$$00000017          0x08000162   Section        0  libinit2.o(.ARM.Collect$$libinit$$00000017)
    .ARM.Collect$$libinit$$00000019          0x08000162   Section        0  libinit2.o(.ARM.Collect$$libinit$$00000019)
    .ARM.Collect$$libinit$$0000001B          0x08000162   Section        0  libinit2.o(.ARM.Collect$$libinit$$0000001B)
    .ARM.Collect$$libinit$$0000001D          0x08000162   Section        0  libinit2.o(.ARM.Collect$$libinit$$0000001D)
    .ARM.Collect$$libinit$$0000001F          0x08000162   Section        0  libinit2.o(.ARM.Collect$$libinit$$0000001F)
    .ARM.Collect$$libinit$$00000021          0x08000162   Section        0  libinit2.o(.ARM.Collect$$libinit$$00000021)
    .ARM.Collect$$libinit$$00000023          0x08000162   Section        0  libinit2.o(.ARM.Collect$$libinit$$00000023)
    .ARM.Collect$$libinit$$0000002A          0x08000162   Section        0  libinit2.o(.ARM.Collect$$libinit$$0000002A)
    .ARM.Collect$$libinit$$0000002C          0x08000162   Section        0  libinit2.o(.ARM.Collect$$libinit$$0000002C)
    .ARM.Collect$$libinit$$0000002E          0x08000162   Section        0  libinit2.o(.ARM.Collect$$libinit$$0000002E)
    .ARM.Collect$$libinit$$00000030          0x08000162   Section        0  libinit2.o(.ARM.Collect$$libinit$$00000030)
    .ARM.Collect$$libinit$$00000031          0x08000162   Section        2  libinit2.o(.ARM.Collect$$libinit$$00000031)
    .ARM.Collect$$libshutdown$$00000000      0x08000164   Section        2  libshutdown.o(.ARM.Collect$$libshutdown$$00000000)
    .ARM.Collect$$libshutdown$$00000003      0x08000166   Section        0  libshutdown2.o(.ARM.Collect$$libshutdown$$00000003)
    .ARM.Collect$$libshutdown$$00000006      0x08000166   Section        0  libshutdown2.o(.ARM.Collect$$libshutdown$$00000006)
    .ARM.Collect$$libshutdown$$00000009      0x08000166   Section        0  libshutdown2.o(.ARM.Collect$$libshutdown$$00000009)
    .ARM.Collect$$libshutdown$$0000000B      0x08000166   Section        0  libshutdown2.o(.ARM.Collect$$libshutdown$$0000000B)
    .ARM.Collect$$libshutdown$$0000000E      0x08000166   Section        0  libshutdown2.o(.ARM.Collect$$libshutdown$$0000000E)
    .ARM.Collect$$libshutdown$$0000000F      0x08000166   Section        2  libshutdown2.o(.ARM.Collect$$libshutdown$$0000000F)
    .ARM.Collect$$rtexit$$00000000           0x08000168   Section        2  rtexit.o(.ARM.Collect$$rtexit$$00000000)
    .ARM.Collect$$rtexit$$00000002           0x0800016a   Section        0  rtexit2.o(.ARM.Collect$$rtexit$$00000002)
    .ARM.Collect$$rtexit$$00000003           0x0800016a   Section        4  rtexit2.o(.ARM.Collect$$rtexit$$00000003)
    .ARM.Collect$$rtexit$$00000004           0x0800016e   Section        6  rtexit2.o(.ARM.Collect$$rtexit$$00000004)
    .emb_text                                0x08000174   Section       36  rtx_conf_cm.o(.emb_text)
    .emb_text                                0x08000198   Section      304  hal_cm3.o(.emb_text)
    .text                                    0x080002c8   Section       64  startup_stm32f10x_md.o(.text)
    .text                                    0x08000308   Section        0  main.o(.text)
    .text                                    0x0800037c   Section        0  system_stm32f10x.o(.text)
    SetSysClockTo72                          0x0800037d   Thumb Code   212  system_stm32f10x.o(.text)
    SetSysClock                              0x08000451   Thumb Code     8  system_stm32f10x.o(.text)
    .text                                    0x08000558   Section        0  rtx_conf_cm.o(.text)
    __tagsym$$used                           0x080005a1   Number         0  rtx_conf_cm.o(.text)
    __tagsym$$used                           0x080005bb   Number         0  rtx_conf_cm.o(.text)
    .text                                    0x080005e8   Section        0  led.o(.text)
    .text                                    0x0800061c   Section        0  rt_cmsis.o(.text)
    rt_ms2tick                               0x0800061d   Thumb Code    50  rt_cmsis.o(.text)
    rt_timer_insert                          0x08000947   Thumb Code    50  rt_cmsis.o(.text)
    rt_timer_remove                          0x08000979   Thumb Code    56  rt_cmsis.o(.text)
    isrMessagePut                            0x08000abf   Thumb Code    44  rt_cmsis.o(.text)
    rt_tid2ptcb                              0x0800122f   Thumb Code    18  rt_cmsis.o(.text)
    rt_id2obj                                0x08001241   Thumb Code     8  rt_cmsis.o(.text)
    rt_clr_box                               0x08001249   Thumb Code    20  rt_cmsis.o(.text)
    .text                                    0x08001264   Section        0  rt_task.o(.text)
    rt_init_context                          0x08001265   Thumb Code    60  rt_task.o(.text)
    .text                                    0x0800160c   Section        0  rt_mutex.o(.text)
    .text                                    0x08001788   Section        0  rt_system.o(.text)
    .text                                    0x080019b0   Section        0  rt_event.o(.text)
    .text                                    0x08001adc   Section        0  rt_list.o(.text)
    .text                                    0x08001cf0   Section        0  rt_mailbox.o(.text)
    .text                                    0x08001fc0   Section        0  rt_semaphore.o(.text)
    .text                                    0x080020cc   Section        0  rt_time.o(.text)
    .text                                    0x08002114   Section        0  rt_robin.o(.text)
    .text                                    0x08002170   Section        0  rt_membox.o(.text)
    .text                                    0x0800220e   Section        0  rt_memory.o(.text)
    .text                                    0x0800228c   Section        0  hal_cm.o(.text)
    .text                                    0x08002348   Section        8  libspace.o(.text)
    .text                                    0x08002350   Section       74  sys_stackheap_outer.o(.text)
    .text                                    0x0800239a   Section        0  exit.o(.text)
    .text                                    0x080023a6   Section        0  heapauxi.o(.text)
    .text                                    0x080023ac   Section        0  sys_exit.o(.text)
    .text                                    0x080023b8   Section        2  use_no_semi.o(.text)
    .text                                    0x080023ba   Section        0  indicate_semi.o(.text)
    SVC_TABLE                                0x080023bc   Section        4  SVC_Table.o(SVC_TABLE)
    .constdata                               0x080023c0   Section       32  main.o(.constdata)
    .constdata                               0x080023e0   Section       92  rtx_conf_cm.o(.constdata)
    __tagsym$$used                           0x080023f4   Number         0  rtx_conf_cm.o(.constdata)
    __tagsym$$used                           0x080023f8   Number         0  rtx_conf_cm.o(.constdata)
    .data                                    0x20000000   Section        4  main.o(.data)
    .data                                    0x20000004   Section       20  system_stm32f10x.o(.data)
    .data                                    0x20000018   Section       20  rtx_conf_cm.o(.data)
    nr_mutex                                 0x20000028   Data           4  rtx_conf_cm.o(.data)
    .data                                    0x2000002c   Section        8  rt_cmsis.o(.data)
    .data                                    0x20000034   Section        8  rt_task.o(.data)
    .data                                    0x2000003c   Section        8  rt_system.o(.data)
    os_lock                                  0x2000003c   Data           1  rt_system.o(.data)
    os_psh_flag                              0x2000003d   Data           1  rt_system.o(.data)
    pend_flags                               0x2000003e   Data           1  rt_system.o(.data)
    .data                                    0x20000044   Section        4  rt_time.o(.data)
    .data                                    0x20000048   Section        8  rt_robin.o(.data)
    .data                                    0x20000050   Section        1  hal_cm.o(.data)
    .bss                                     0x20000058   Section     1528  rtx_conf_cm.o(.bss)
    std_libspace                             0x200004d0   Data         288  rtx_conf_cm.o(.bss)
    std_libmutex                             0x200005f0   Data          96  rtx_conf_cm.o(.bss)
    .bss                                     0x20000650   Section       48  rt_task.o(.bss)
    .bss                                     0x20000680   Section       48  rt_list.o(.bss)
    .bss                                     0x200006b0   Section       96  libspace.o(.bss)
    HEAP                                     0x20000710   Section      512  startup_stm32f10x_md.o(HEAP)
    Heap_Mem                                 0x20000710   Data         512  startup_stm32f10x_md.o(HEAP)
    STACK                                    0x20000910   Section     1024  startup_stm32f10x_md.o(STACK)
    Stack_Mem                                0x20000910   Data        1024  startup_stm32f10x_md.o(STACK)
    __initial_sp                             0x20000d10   Data           0  startup_stm32f10x_md.o(STACK)

    Global Symbols

    Symbol Name                              Value     Ov Type        Size  Object(Section)

    BuildAttributes$$THM_ISAv4$P$D$K$B$S$PE$A:L22UL41UL21$X:L11$S22US41US21$IEEE1$IW$USESV6$~STKCKD$USESV7$~SHL$OSPACE$ROPI$EBA8$UX$STANDARDLIB$REQ8$PRES8$EABIv2 0x00000000   Number         0  anon$$obj.o ABSOLUTE
    __ARM_use_no_argv                        0x00000000   Number         0  main.o ABSOLUTE
    __ARM_exceptions_init                     - Undefined Weak Reference
    __alloca_initialize                       - Undefined Weak Reference
    __cpp_initialize__aeabi_                  - Undefined Weak Reference
    __cxa_finalize                            - Undefined Weak Reference
    __rt_locale                               - Undefined Weak Reference
    __sigvec_lookup                           - Undefined Weak Reference
    _atexit_init                              - Undefined Weak Reference
    _call_atexit_fns                          - Undefined Weak Reference
    _clock_init                               - Undefined Weak Reference
    _fp_trap_init                             - Undefined Weak Reference
    _fp_trap_shutdown                         - Undefined Weak Reference
    _get_lc_collate                           - Undefined Weak Reference
    _get_lc_ctype                             - Undefined Weak Reference
    _get_lc_monetary                          - Undefined Weak Reference
    _get_lc_numeric                           - Undefined Weak Reference
    _get_lc_time                              - Undefined Weak Reference
    _getenv_init                              - Undefined Weak Reference
    _handle_redirection                       - Undefined Weak Reference
    _init_alloc                               - Undefined Weak Reference
    _init_user_alloc                          - Undefined Weak Reference
    _initio                                   - Undefined Weak Reference
    _rand_init                                - Undefined Weak Reference
    _signal_finish                            - Undefined Weak Reference
    _signal_init                              - Undefined Weak Reference
    _terminate_alloc                          - Undefined Weak Reference
    _terminate_user_alloc                     - Undefined Weak Reference
    _terminateio                              - Undefined Weak Reference
    __Vectors_Size                           0x000000ec   Number         0  startup_stm32f10x_md.o ABSOLUTE
    __RL_RTX_VER                             0x00000450   Number         0  rt_system.o ABSOLUTE
    __Vectors                                0x08000000   Data           4  startup_stm32f10x_md.o(RESET)
    __Vectors_End                            0x080000ec   Data           0  startup_stm32f10x_md.o(RESET)
    __main                                   0x080000ed   Thumb Code     8  __main.o(!!!main)
    __scatterload                            0x080000f5   Thumb Code     0  __scatter.o(!!!scatter)
    __scatterload_rt2                        0x080000f5   Thumb Code    44  __scatter.o(!!!scatter)
    __scatterload_rt2_thumb_only             0x080000f5   Thumb Code     0  __scatter.o(!!!scatter)
    __scatterload_null                       0x08000103   Thumb Code     0  __scatter.o(!!!scatter)
    __scatterload_copy                       0x08000129   Thumb Code    26  __scatter_copy.o(!!handler_copy)
    __scatterload_zeroinit                   0x08000145   Thumb Code    28  __scatter_zi.o(!!handler_zi)
    __rt_lib_init                            0x08000161   Thumb Code     0  libinit.o(.ARM.Collect$$libinit$$00000000)
    __rt_lib_init_alloca_1                   0x08000163   Thumb Code     0  libinit2.o(.ARM.Collect$$libinit$$0000002C)
    __rt_lib_init_argv_1                     0x08000163   Thumb Code     0  libinit2.o(.ARM.Collect$$libinit$$0000002A)
    __rt_lib_init_atexit_1                   0x08000163   Thumb Code     0  libinit2.o(.ARM.Collect$$libinit$$00000019)
    __rt_lib_init_clock_1                    0x08000163   Thumb Code     0  libinit2.o(.ARM.Collect$$libinit$$0000001F)
    __rt_lib_init_cpp_1                      0x08000163   Thumb Code     0  libinit2.o(.ARM.Collect$$libinit$$00000030)
    __rt_lib_init_exceptions_1               0x08000163   Thumb Code     0  libinit2.o(.ARM.Collect$$libinit$$0000002E)
    __rt_lib_init_fp_1                       0x08000163   Thumb Code     0  libinit2.o(.ARM.Collect$$libinit$$00000002)
    __rt_lib_init_fp_trap_1                  0x08000163   Thumb Code     0  libinit2.o(.ARM.Collect$$libinit$$0000001D)
    __rt_lib_init_getenv_1                   0x08000163   Thumb Code     0  libinit2.o(.ARM.Collect$$libinit$$00000021)
    __rt_lib_init_heap_1                     0x08000163   Thumb Code     0  libinit2.o(.ARM.Collect$$libinit$$00000008)
    __rt_lib_init_lc_collate_1               0x08000163   Thumb Code     0  libinit2.o(.ARM.Collect$$libinit$$0000000F)
    __rt_lib_init_lc_ctype_1                 0x08000163   Thumb Code     0  libinit2.o(.ARM.Collect$$libinit$$00000011)
    __rt_lib_init_lc_monetary_1              0x08000163   Thumb Code     0  libinit2.o(.ARM.Collect$$libinit$$00000013)
    __rt_lib_init_lc_numeric_1               0x08000163   Thumb Code     0  libinit2.o(.ARM.Collect$$libinit$$00000015)
    __rt_lib_init_lc_time_1                  0x08000163   Thumb Code     0  libinit2.o(.ARM.Collect$$libinit$$00000017)
    __rt_lib_init_rand_1                     0x08000163   Thumb Code     0  libinit2.o(.ARM.Collect$$libinit$$0000000C)
    __rt_lib_init_return                     0x08000163   Thumb Code     0  libinit2.o(.ARM.Collect$$libinit$$00000031)
    __rt_lib_init_signal_1                   0x08000163   Thumb Code     0  libinit2.o(.ARM.Collect$$libinit$$0000001B)
    __rt_lib_init_stdio_1                    0x08000163   Thumb Code     0  libinit2.o(.ARM.Collect$$libinit$$00000023)
    __rt_lib_init_user_alloc_1               0x08000163   Thumb Code     0  libinit2.o(.ARM.Collect$$libinit$$0000000A)
    __rt_lib_shutdown                        0x08000165   Thumb Code     0  libshutdown.o(.ARM.Collect$$libshutdown$$00000000)
    __rt_lib_shutdown_fp_trap_1              0x08000167   Thumb Code     0  libshutdown2.o(.ARM.Collect$$libshutdown$$00000006)
    __rt_lib_shutdown_heap_1                 0x08000167   Thumb Code     0  libshutdown2.o(.ARM.Collect$$libshutdown$$0000000E)
    __rt_lib_shutdown_return                 0x08000167   Thumb Code     0  libshutdown2.o(.ARM.Collect$$libshutdown$$0000000F)
    __rt_lib_shutdown_signal_1               0x08000167   Thumb Code     0  libshutdown2.o(.ARM.Collect$$libshutdown$$00000009)
    __rt_lib_shutdown_stdio_1                0x08000167   Thumb Code     0  libshutdown2.o(.ARM.Collect$$libshutdown$$00000003)
    __rt_lib_shutdown_user_alloc_1           0x08000167   Thumb Code     0  libshutdown2.o(.ARM.Collect$$libshutdown$$0000000B)
    __rt_exit                                0x08000169   Thumb Code     0  rtexit.o(.ARM.Collect$$rtexit$$00000000)
    __rt_exit_ls                             0x0800016b   Thumb Code     0  rtexit2.o(.ARM.Collect$$rtexit$$00000003)
    __rt_exit_prels_1                        0x0800016b   Thumb Code     0  rtexit2.o(.ARM.Collect$$rtexit$$00000002)
    __rt_exit_exit                           0x0800016f   Thumb Code     0  rtexit2.o(.ARM.Collect$$rtexit$$00000004)
    __rt_entry                               0x08000175   Thumb Code    32  rtx_conf_cm.o(.emb_text)
    rt_set_PSP                               0x08000199   Thumb Code     6  hal_cm3.o(.emb_text)
    rt_get_PSP                               0x0800019f   Thumb Code     6  hal_cm3.o(.emb_text)
    os_set_env                               0x080001a5   Thumb Code    24  hal_cm3.o(.emb_text)
    _alloc_box                               0x080001c1   Thumb Code    28  hal_cm3.o(.emb_text)
    _free_box                                0x080001e1   Thumb Code    28  hal_cm3.o(.emb_text)
    SVC_Handler                              0x08000201   Thumb Code   108  hal_cm3.o(.emb_text)
    PendSV_Handler                           0x08000279   Thumb Code    56  hal_cm3.o(.emb_text)
    SysTick_Handler                          0x080002b5   Thumb Code     8  hal_cm3.o(.emb_text)
    OS_Tick_Handler                          0x080002bd   Thumb Code    12  hal_cm3.o(.emb_text)
    Reset_Handler                            0x080002c9   Thumb Code     8  startup_stm32f10x_md.o(.text)
    NMI_Handler                              0x080002d1   Thumb Code     2  startup_stm32f10x_md.o(.text)
    HardFault_Handler                        0x080002d3   Thumb Code     2  startup_stm32f10x_md.o(.text)
    MemManage_Handler                        0x080002d5   Thumb Code     2  startup_stm32f10x_md.o(.text)
    BusFault_Handler                         0x080002d7   Thumb Code     2  startup_stm32f10x_md.o(.text)
    UsageFault_Handler                       0x080002d9   Thumb Code     2  startup_stm32f10x_md.o(.text)
    DebugMon_Handler                         0x080002dd   Thumb Code     2  startup_stm32f10x_md.o(.text)
    ADC1_2_IRQHandler                        0x080002e3   Thumb Code     0  startup_stm32f10x_md.o(.text)
    CAN1_RX1_IRQHandler                      0x080002e3   Thumb Code     0  startup_stm32f10x_md.o(.text)
    CAN1_SCE_IRQHandler                      0x080002e3   Thumb Code     0  startup_stm32f10x_md.o(.text)
    DMA1_Channel1_IRQHandler                 0x080002e3   Thumb Code     0  startup_stm32f10x_md.o(.text)
    DMA1_Channel2_IRQHandler                 0x080002e3   Thumb Code     0  startup_stm32f10x_md.o(.text)
    DMA1_Channel3_IRQHandler                 0x080002e3   Thumb Code     0  startup_stm32f10x_md.o(.text)
    DMA1_Channel4_IRQHandler                 0x080002e3   Thumb Code     0  startup_stm32f10x_md.o(.text)
    DMA1_Channel5_IRQHandler                 0x080002e3   Thumb Code     0  startup_stm32f10x_md.o(.text)
    DMA1_Channel6_IRQHandler                 0x080002e3   Thumb Code     0  startup_stm32f10x_md.o(.text)
    DMA1_Channel7_IRQHandler                 0x080002e3   Thumb Code     0  startup_stm32f10x_md.o(.text)
    EXTI0_IRQHandler                         0x080002e3   Thumb Code     0  startup_stm32f10x_md.o(.text)
    EXTI15_10_IRQHandler                     0x080002e3   Thumb Code     0  startup_stm32f10x_md.o(.text)
    EXTI1_IRQHandler                         0x080002e3   Thumb Code     0  startup_stm32f10x_md.o(.text)
    EXTI2_IRQHandler                         0x080002e3   Thumb Code     0  startup_stm32f10x_md.o(.text)
    EXTI3_IRQHandler                         0x080002e3   Thumb Code     0  startup_stm32f10x_md.o(.text)
    EXTI4_IRQHandler                         0x080002e3   Thumb Code     0  startup_stm32f10x_md.o(.text)
    EXTI9_5_IRQHandler                       0x080002e3   Thumb Code     0  startup_stm32f10x_md.o(.text)
    FLASH_IRQHandler                         0x080002e3   Thumb Code     0  startup_stm32f10x_md.o(.text)
    I2C1_ER_IRQHandler                       0x080002e3   Thumb Code     0  startup_stm32f10x_md.o(.text)
    I2C1_EV_IRQHandler                       0x080002e3   Thumb Code     0  startup_stm32f10x_md.o(.text)
    I2C2_ER_IRQHandler                       0x080002e3   Thumb Code     0  startup_stm32f10x_md.o(.text)
    I2C2_EV_IRQHandler                       0x080002e3   Thumb Code     0  startup_stm32f10x_md.o(.text)
    PVD_IRQHandler                           0x080002e3   Thumb Code     0  startup_stm32f10x_md.o(.text)
    RCC_IRQHandler                           0x080002e3   Thumb Code     0  startup_stm32f10x_md.o(.text)
    RTCAlarm_IRQHandler                      0x080002e3   Thumb Code     0  startup_stm32f10x_md.o(.text)
    RTC_IRQHandler                           0x080002e3   Thumb Code     0  startup_stm32f10x_md.o(.text)
    SPI1_IRQHandler                          0x080002e3   Thumb Code     0  startup_stm32f10x_md.o(.text)
    SPI2_IRQHandler                          0x080002e3   Thumb Code     0  startup_stm32f10x_md.o(.text)
    TAMPER_IRQHandler                        0x080002e3   Thumb Code     0  startup_stm32f10x_md.o(.text)
    TIM1_BRK_IRQHandler                      0x080002e3   Thumb Code     0  startup_stm32f10x_md.o(.text)
    TIM1_CC_IRQHandler                       0x080002e3   Thumb Code     0  startup_stm32f10x_md.o(.text)
    TIM1_TRG_COM_IRQHandler                  0x080002e3   Thumb Code     0  startup_stm32f10x_md.o(.text)
    TIM1_UP_IRQHandler                       0x080002e3   Thumb Code     0  startup_stm32f10x_md.o(.text)
    TIM2_IRQHandler                          0x080002e3   Thumb Code     0  startup_stm32f10x_md.o(.text)
    TIM3_IRQHandler                          0x080002e3   Thumb Code     0  startup_stm32f10x_md.o(.text)
    TIM4_IRQHandler                          0x080002e3   Thumb Code     0  startup_stm32f10x_md.o(.text)
    USART1_IRQHandler                        0x080002e3   Thumb Code     0  startup_stm32f10x_md.o(.text)
    USART2_IRQHandler                        0x080002e3   Thumb Code     0  startup_stm32f10x_md.o(.text)
    USART3_IRQHandler                        0x080002e3   Thumb Code     0  startup_stm32f10x_md.o(.text)
    USBWakeUp_IRQHandler                     0x080002e3   Thumb Code     0  startup_stm32f10x_md.o(.text)
    USB_HP_CAN1_TX_IRQHandler                0x080002e3   Thumb Code     0  startup_stm32f10x_md.o(.text)
    USB_LP_CAN1_RX0_IRQHandler               0x080002e3   Thumb Code     0  startup_stm32f10x_md.o(.text)
    WWDG_IRQHandler                          0x080002e3   Thumb Code     0  startup_stm32f10x_md.o(.text)
    __user_initial_stackheap                 0x080002e5   Thumb Code     0  startup_stm32f10x_md.o(.text)
    delay                                    0x08000309   Thumb Code    12  main.o(.text)
    ledOn                                    0x08000315   Thumb Code    32  main.o(.text)
    ledOff                                   0x08000335   Thumb Code    28  main.o(.text)
    main                                     0x08000351   Thumb Code    32  main.o(.text)
    SystemInit                               0x08000459   Thumb Code    78  system_stm32f10x.o(.text)
    SystemCoreClockUpdate                    0x080004a7   Thumb Code   142  system_stm32f10x.o(.text)
    os_idle_demon                            0x08000559   Thumb Code     4  rtx_conf_cm.o(.text)
    os_error                                 0x0800055d   Thumb Code     4  rtx_conf_cm.o(.text)
    __user_perthread_libspace                0x08000561   Thumb Code    26  rtx_conf_cm.o(.text)
    _mutex_initialize                        0x0800057b   Thumb Code    38  rtx_conf_cm.o(.text)
    _mutex_acquire                           0x080005a1   Thumb Code    26  rtx_conf_cm.o(.text)
    _mutex_release                           0x080005bb   Thumb Code    22  rtx_conf_cm.o(.text)
    LED_Init                                 0x080005e9   Thumb Code    10  led.o(.text)
    LED_On                                   0x080005f3   Thumb Code    18  led.o(.text)
    LED_Off                                  0x08000605   Thumb Code    18  led.o(.text)
    svcKernelInitialize                      0x0800064f   Thumb Code    50  rt_cmsis.o(.text)
    svcThreadGetId                           0x08000681   Thumb Code    22  rt_cmsis.o(.text)
    svcThreadTerminate                       0x08000697   Thumb Code    50  rt_cmsis.o(.text)
    osThreadExit                             0x080006c9   Thumb Code    14  rt_cmsis.o(.text)
    svcThreadCreate                          0x080006d7   Thumb Code   102  rt_cmsis.o(.text)
    svcMessageCreate                         0x0800073d   Thumb Code    36  rt_cmsis.o(.text)
    svcKernelStart                           0x08000761   Thumb Code    70  rt_cmsis.o(.text)
    svcKernelRunning                         0x080007a7   Thumb Code     6  rt_cmsis.o(.text)
    osKernelInitialize                       0x080007ad   Thumb Code    28  rt_cmsis.o(.text)
    osKernelStart                            0x080007c9   Thumb Code    98  rt_cmsis.o(.text)
    osKernelRunning                          0x0800082b   Thumb Code    30  rt_cmsis.o(.text)
    svcThreadYield                           0x08000849   Thumb Code    10  rt_cmsis.o(.text)
    svcThreadSetPriority                     0x08000853   Thumb Code    46  rt_cmsis.o(.text)
    svcThreadGetPriority                     0x08000881   Thumb Code    18  rt_cmsis.o(.text)
    osThreadCreate                           0x08000893   Thumb Code    38  rt_cmsis.o(.text)
    osThreadGetId                            0x080008b9   Thumb Code    18  rt_cmsis.o(.text)
    osThreadTerminate                        0x080008cb   Thumb Code    20  rt_cmsis.o(.text)
    osThreadYield                            0x080008df   Thumb Code    20  rt_cmsis.o(.text)
    osThreadSetPriority                      0x080008f3   Thumb Code    20  rt_cmsis.o(.text)
    osThreadGetPriority                      0x08000907   Thumb Code    20  rt_cmsis.o(.text)
    svcDelay                                 0x0800091b   Thumb Code    20  rt_cmsis.o(.text)
    osDelay                                  0x0800092f   Thumb Code    20  rt_cmsis.o(.text)
    osWait                                   0x08000943   Thumb Code     4  rt_cmsis.o(.text)
    svcTimerCall                             0x080009b1   Thumb Code    24  rt_cmsis.o(.text)
    svcTimerCreate                           0x080009c9   Thumb Code    48  rt_cmsis.o(.text)
    svcTimerStart                            0x080009f9   Thumb Code   122  rt_cmsis.o(.text)
    svcTimerStop                             0x08000a73   Thumb Code    36  rt_cmsis.o(.text)
    svcTimerDelete                           0x08000a97   Thumb Code    40  rt_cmsis.o(.text)
    sysTimerTick                             0x08000aeb   Thumb Code    76  rt_cmsis.o(.text)
    osTimerCreate                            0x08000b37   Thumb Code    42  rt_cmsis.o(.text)
    osTimerStart                             0x08000b61   Thumb Code    18  rt_cmsis.o(.text)
    osTimerStop                              0x08000b73   Thumb Code    20  rt_cmsis.o(.text)
    osTimerDelete                            0x08000b87   Thumb Code    20  rt_cmsis.o(.text)
    osTimerCall                              0x08000b9b   Thumb Code     8  rt_cmsis.o(.text)
    svcMessageGet                            0x08000ba3   Thumb Code    58  rt_cmsis.o(.text)
    osMessageGet                             0x08000bdd   Thumb Code    64  rt_cmsis.o(.text)
    osTimerThread                            0x08000c1d   Thumb Code    38  rt_cmsis.o(.text)
    svcSignalWait                            0x08000c43   Thumb Code    80  rt_cmsis.o(.text)
    svcSignalSet                             0x08000c93   Thumb Code    36  rt_cmsis.o(.text)
    svcSignalClear                           0x08000cb7   Thumb Code    36  rt_cmsis.o(.text)
    svcSignalGet                             0x08000cdb   Thumb Code    18  rt_cmsis.o(.text)
    osSignalSet                              0x08000ced   Thumb Code    50  rt_cmsis.o(.text)
    osSignalClear                            0x08000d1f   Thumb Code    20  rt_cmsis.o(.text)
    osSignalGet                              0x08000d33   Thumb Code    20  rt_cmsis.o(.text)
    osSignalWait                             0x08000d47   Thumb Code    20  rt_cmsis.o(.text)
    svcMutexCreate                           0x08000d5b   Thumb Code    28  rt_cmsis.o(.text)
    svcMutexWait                             0x08000d77   Thumb Code    54  rt_cmsis.o(.text)
    svcMutexRelease                          0x08000dad   Thumb Code    34  rt_cmsis.o(.text)
    svcMutexDelete                           0x08000dcf   Thumb Code    26  rt_cmsis.o(.text)
    osMutexCreate                            0x08000de9   Thumb Code    36  rt_cmsis.o(.text)
    osMutexWait                              0x08000e0d   Thumb Code    18  rt_cmsis.o(.text)
    osMutexRelease                           0x08000e1f   Thumb Code    20  rt_cmsis.o(.text)
    osMutexDelete                            0x08000e33   Thumb Code    20  rt_cmsis.o(.text)
    svcSemaphoreCreate                       0x08000e47   Thumb Code    36  rt_cmsis.o(.text)
    svcSemaphoreWait                         0x08000e6b   Thumb Code    50  rt_cmsis.o(.text)
    svcSemaphoreRelease                      0x08000e9d   Thumb Code    26  rt_cmsis.o(.text)
    svcSemaphoreDelete                       0x08000eb7   Thumb Code    38  rt_cmsis.o(.text)
    osSemaphoreCreate                        0x08000edd   Thumb Code    36  rt_cmsis.o(.text)
    osSemaphoreWait                          0x08000f01   Thumb Code    20  rt_cmsis.o(.text)
    osSemaphoreRelease                       0x08000f15   Thumb Code    42  rt_cmsis.o(.text)
    osSemaphoreDelete                        0x08000f3f   Thumb Code    20  rt_cmsis.o(.text)
    svcPoolCreate                            0x08000f53   Thumb Code    40  rt_cmsis.o(.text)
    sysPoolAlloc                             0x08000f7b   Thumb Code    32  rt_cmsis.o(.text)
    sysPoolFree                              0x08000f9b   Thumb Code    20  rt_cmsis.o(.text)
    osPoolCreate                             0x08000faf   Thumb Code    38  rt_cmsis.o(.text)
    osPoolAlloc                              0x08000fd5   Thumb Code    28  rt_cmsis.o(.text)
    osPoolCAlloc                             0x08000ff1   Thumb Code    28  rt_cmsis.o(.text)
    osPoolFree                               0x0800100d   Thumb Code    24  rt_cmsis.o(.text)
    svcMessagePut                            0x08001025   Thumb Code    54  rt_cmsis.o(.text)
    osMessageCreate                          0x0800105b   Thumb Code    40  rt_cmsis.o(.text)
    osMessagePut                             0x08001083   Thumb Code    18  rt_cmsis.o(.text)
    svcMailCreate                            0x08001095   Thumb Code    66  rt_cmsis.o(.text)
    sysMailAlloc                             0x080010d7   Thumb Code   104  rt_cmsis.o(.text)
    sysMailFree                              0x0800113f   Thumb Code   102  rt_cmsis.o(.text)
    osMailCreate                             0x080011a5   Thumb Code    36  rt_cmsis.o(.text)
    osMailAlloc                              0x080011c9   Thumb Code    24  rt_cmsis.o(.text)
    osMailCAlloc                             0x080011e1   Thumb Code    24  rt_cmsis.o(.text)
    osMailFree                               0x080011f9   Thumb Code    20  rt_cmsis.o(.text)
    osMailPut                                0x0800120d   Thumb Code    12  rt_cmsis.o(.text)
    osMailGet                                0x08001219   Thumb Code    22  rt_cmsis.o(.text)
    rt_switch_req                            0x080012a1   Thumb Code    30  rt_task.o(.text)
    rt_dispatch                              0x080012bf   Thumb Code    58  rt_task.o(.text)
    rt_block                                 0x080012f9   Thumb Code    46  rt_task.o(.text)
    rt_tsk_pass                              0x08001327   Thumb Code    36  rt_task.o(.text)
    rt_tsk_self                              0x0800134b   Thumb Code    12  rt_task.o(.text)
    rt_tsk_prio                              0x08001357   Thumb Code    98  rt_task.o(.text)
    rt_tsk_create                            0x080013b9   Thumb Code   112  rt_task.o(.text)
    rt_tsk_delete                            0x08001429   Thumb Code   160  rt_task.o(.text)
    rt_sys_init                              0x080014c9   Thumb Code   200  rt_task.o(.text)
    rt_sys_start                             0x08001591   Thumb Code    44  rt_task.o(.text)
    rt_mut_init                              0x0800160d   Thumb Code    16  rt_mutex.o(.text)
    rt_mut_delete                            0x0800161d   Thumb Code   110  rt_mutex.o(.text)
    rt_mut_release                           0x0800168b   Thumb Code   148  rt_mutex.o(.text)
    rt_mut_wait                              0x0800171f   Thumb Code    96  rt_mutex.o(.text)
    rt_tsk_lock                              0x08001789   Thumb Code    70  rt_system.o(.text)
    rt_suspend                               0x080017cf   Thumb Code    22  rt_system.o(.text)
    rt_tsk_unlock                            0x080017e5   Thumb Code    70  rt_system.o(.text)
    rt_resume                                0x0800182b   Thumb Code   106  rt_system.o(.text)
    rt_psh_req                               0x08001895   Thumb Code    22  rt_system.o(.text)
    rt_pop_req                               0x080018ab   Thumb Code   108  rt_system.o(.text)
    os_tick_init                             0x08001917   Thumb Code    34  rt_system.o(.text)
    os_tick_irqack                           0x08001939   Thumb Code     2  rt_system.o(.text)
    rt_systick                               0x0800193b   Thumb Code    48  rt_system.o(.text)
    rt_stk_check                             0x0800196b   Thumb Code    28  rt_system.o(.text)
    rt_evt_wait                              0x080019b1   Thumb Code    58  rt_event.o(.text)
    rt_evt_set                               0x080019eb   Thumb Code    88  rt_event.o(.text)
    rt_evt_clr                               0x08001a43   Thumb Code    22  rt_event.o(.text)
    isr_evt_set                              0x08001a59   Thumb Code    34  rt_event.o(.text)
    rt_evt_get                               0x08001a7b   Thumb Code     8  rt_event.o(.text)
    rt_evt_psh                               0x08001a83   Thumb Code    76  rt_event.o(.text)
    rt_put_prio                              0x08001add   Thumb Code    54  rt_list.o(.text)
    rt_get_first                             0x08001b13   Thumb Code    40  rt_list.o(.text)
    rt_put_rdy_first                         0x08001b3b   Thumb Code    14  rt_list.o(.text)
    rt_get_same_rdy_prio                     0x08001b49   Thumb Code    26  rt_list.o(.text)
    rt_rmv_list                              0x08001b63   Thumb Code    44  rt_list.o(.text)
    rt_resort_prio                           0x08001b8f   Thumb Code    44  rt_list.o(.text)
    rt_put_dly                               0x08001bbb   Thumb Code    70  rt_list.o(.text)
    rt_dec_dly                               0x08001c01   Thumb Code   102  rt_list.o(.text)
    rt_rmv_dly                               0x08001c67   Thumb Code    40  rt_list.o(.text)
    rt_psq_enq                               0x08001c8f   Thumb Code    80  rt_list.o(.text)
    rt_mbx_init                              0x08001cf1   Thumb Code    26  rt_mailbox.o(.text)
    rt_mbx_send                              0x08001d0b   Thumb Code   164  rt_mailbox.o(.text)
    rt_mbx_wait                              0x08001daf   Thumb Code   172  rt_mailbox.o(.text)
    rt_mbx_check                             0x08001e5b   Thumb Code     8  rt_mailbox.o(.text)
    isr_mbx_send                             0x08001e63   Thumb Code    14  rt_mailbox.o(.text)
    isr_mbx_receive                          0x08001e71   Thumb Code    80  rt_mailbox.o(.text)
    rt_mbx_psh                               0x08001ec1   Thumb Code   248  rt_mailbox.o(.text)
    rt_sem_init                              0x08001fc1   Thumb Code    12  rt_semaphore.o(.text)
    rt_sem_delete                            0x08001fcd   Thumb Code    84  rt_semaphore.o(.text)
    rt_sem_send                              0x08002021   Thumb Code    42  rt_semaphore.o(.text)
    rt_sem_wait                              0x0800204b   Thumb Code    56  rt_semaphore.o(.text)
    isr_sem_send                             0x08002083   Thumb Code    16  rt_semaphore.o(.text)
    rt_sem_psh                               0x08002093   Thumb Code    48  rt_semaphore.o(.text)
    rt_time_get                              0x080020cd   Thumb Code     6  rt_time.o(.text)
    rt_dly_wait                              0x080020d3   Thumb Code     6  rt_time.o(.text)
    rt_itv_set                               0x080020d9   Thumb Code    16  rt_time.o(.text)
    rt_itv_wait                              0x080020e9   Thumb Code    34  rt_time.o(.text)
    rt_init_robin                            0x08002115   Thumb Code    14  rt_robin.o(.text)
    rt_chk_robin                             0x08002123   Thumb Code    60  rt_robin.o(.text)
    _init_box                                0x08002171   Thumb Code    70  rt_membox.o(.text)
    rt_alloc_box                             0x080021b7   Thumb Code    26  rt_membox.o(.text)
    _calloc_box                              0x080021d1   Thumb Code    30  rt_membox.o(.text)
    rt_free_box                              0x080021ef   Thumb Code    32  rt_membox.o(.text)
    rt_init_mem                              0x0800220f   Thumb Code    26  rt_memory.o(.text)
    rt_alloc_mem                             0x08002229   Thumb Code    60  rt_memory.o(.text)
    rt_free_mem                              0x08002265   Thumb Code    40  rt_memory.o(.text)
    rt_init_stack                            0x0800228d   Thumb Code    70  hal_cm.o(.text)
    rt_ret_val                               0x080022d3   Thumb Code     6  hal_cm.o(.text)
    rt_ret_val2                              0x080022d9   Thumb Code     8  hal_cm.o(.text)
    dbg_init                                 0x080022e1   Thumb Code    34  hal_cm.o(.text)
    dbg_task_notify                          0x08002303   Thumb Code    32  hal_cm.o(.text)
    dbg_task_switch                          0x08002323   Thumb Code    16  hal_cm.o(.text)
    __user_libspace                          0x08002349   Thumb Code     8  libspace.o(.text)
    __user_perproc_libspace                  0x08002349   Thumb Code     0  libspace.o(.text)
    __user_setup_stackheap                   0x08002351   Thumb Code    74  sys_stackheap_outer.o(.text)
    exit                                     0x0800239b   Thumb Code    12  exit.o(.text)
    __use_two_region_memory                  0x080023a7   Thumb Code     2  heapauxi.o(.text)
    __rt_heap_escrow$2region                 0x080023a9   Thumb Code     2  heapauxi.o(.text)
    __rt_heap_expand$2region                 0x080023ab   Thumb Code     2  heapauxi.o(.text)
    _sys_exit                                0x080023ad   Thumb Code     8  sys_exit.o(.text)
    __I$use$semihosting                      0x080023b9   Thumb Code     0  use_no_semi.o(.text)
    __use_no_semihosting_swi                 0x080023b9   Thumb Code     2  use_no_semi.o(.text)
    __semihosting_library_function           0x080023bb   Thumb Code     0  indicate_semi.o(.text)
    SVC_Count                                0x080023bc   Data           4  SVC_Table.o(SVC_TABLE)
    SVC_Table                                0x080023c0   Data           0  SVC_Table.o(SVC_TABLE)
    os_thread_def_ledOff                     0x080023c0   Data          16  main.o(.constdata)
    os_thread_def_ledOn                      0x080023d0   Data          16  main.o(.constdata)
    os_maxtaskrun                            0x080023e0   Data           2  rtx_conf_cm.o(.constdata)
    os_stackinfo                             0x080023e4   Data           4  rtx_conf_cm.o(.constdata)
    os_rrobin                                0x080023e8   Data           4  rtx_conf_cm.o(.constdata)
    os_trv                                   0x080023ec   Data           4  rtx_conf_cm.o(.constdata)
    os_flags                                 0x080023f0   Data           1  rtx_conf_cm.o(.constdata)
    os_clockrate                             0x080023f4   Data           4  rtx_conf_cm.o(.constdata)
    os_timernum                              0x080023f8   Data           4  rtx_conf_cm.o(.constdata)
    mp_tcb_size                              0x080023fc   Data           2  rtx_conf_cm.o(.constdata)
    mp_stk_size                              0x08002400   Data           4  rtx_conf_cm.o(.constdata)
    os_stack_sz                              0x08002404   Data           4  rtx_conf_cm.o(.constdata)
    os_fifo_size                             0x08002408   Data           1  rtx_conf_cm.o(.constdata)
    os_thread_def_osTimerThread              0x0800240c   Data          16  rtx_conf_cm.o(.constdata)
    os_messageQ_def_osTimerMessageQ          0x0800241c   Data          12  rtx_conf_cm.o(.constdata)
    mp_tmr_size                              0x08002428   Data           2  rtx_conf_cm.o(.constdata)
    os_thread_def_main                       0x0800242c   Data          16  rtx_conf_cm.o(.constdata)
    Region$$Table$$Base                      0x0800243c   Number         0  anon$$obj.o(Region$$Table)
    Region$$Table$$Limit                     0x0800245c   Number         0  anon$$obj.o(Region$$Table)
    main_ID                                  0x20000000   Data           4  main.o(.data)
    SystemCoreClock                          0x20000004   Data           4  system_stm32f10x.o(.data)
    AHBPrescTable                            0x20000008   Data          16  system_stm32f10x.o(.data)
    os_tmr                                   0x20000018   Data           4  rtx_conf_cm.o(.data)
    m_tmr                                    0x2000001c   Data           4  rtx_conf_cm.o(.data)
    osThreadId_osTimerThread                 0x20000020   Data           4  rtx_conf_cm.o(.data)
    osMessageQId_osTimerMessageQ             0x20000024   Data           4  rtx_conf_cm.o(.data)
    os_initialized                           0x2000002c   Data           1  rt_cmsis.o(.data)
    os_running                               0x2000002d   Data           1  rt_cmsis.o(.data)
    os_timer_head                            0x20000030   Data           4  rt_cmsis.o(.data)
    os_tsk                                   0x20000034   Data           8  rt_task.o(.data)
    os_tick_irqn                             0x20000040   Data           4  rt_system.o(.data)
    os_time                                  0x20000044   Data           4  rt_time.o(.data)
    os_robin                                 0x20000048   Data           8  rt_robin.o(.data)
    dbg_msg                                  0x20000050   Data           1  hal_cm.o(.data)
    mp_tcb                                   0x20000058   Data         156  rtx_conf_cm.o(.bss)
    mp_stk                                   0x200000f8   Data         616  rtx_conf_cm.o(.bss)
    os_stack_mem                             0x20000360   Data         224  rtx_conf_cm.o(.bss)
    os_fifo                                  0x20000440   Data         132  rtx_conf_cm.o(.bss)
    os_active_TCB                            0x200004c4   Data          12  rtx_conf_cm.o(.bss)
    os_idle_TCB                              0x20000650   Data          48  rt_task.o(.bss)
    os_rdy                                   0x20000680   Data          24  rt_list.o(.bss)
    os_dly                                   0x20000698   Data          24  rt_list.o(.bss)
    __libspace_start                         0x200006b0   Data          96  libspace.o(.bss)
    __temporary_stack_top$libspace           0x20000710   Data           0  libspace.o(.bss)



==============================================================================

Memory Map of the image

  Image Entry point : 0x080000ed

  Load Region LR_IROM1 (Base: 0x08000000, Size: 0x000024b0, Max: 0x00010000, ABSOLUTE)

    Execution Region ER_IROM1 (Base: 0x08000000, Size: 0x0000245c, Max: 0x00010000, ABSOLUTE)

    Base Addr    Size         Type   Attr      Idx    E Section Name        Object

    0x08000000   0x000000ec   Data   RO            3    RESET               startup_stm32f10x_md.o
    0x080000ec   0x00000008   Code   RO          429  * !!!main             c_w.l(__main.o)
    0x080000f4   0x00000034   Code   RO          554    !!!scatter          c_w.l(__scatter.o)
    0x08000128   0x0000001a   Code   RO          556    !!handler_copy      c_w.l(__scatter_copy.o)
    0x08000142   0x00000002   PAD
    0x08000144   0x0000001c   Code   RO          558    !!handler_zi        c_w.l(__scatter_zi.o)
    0x08000160   0x00000002   Code   RO          428    .ARM.Collect$$libinit$$00000000  c_w.l(libinit.o)
    0x08000162   0x00000000   Code   RO          434    .ARM.Collect$$libinit$$00000002  c_w.l(libinit2.o)
    0x08000162   0x00000000   Code   RO          437    .ARM.Collect$$libinit$$00000008  c_w.l(libinit2.o)
    0x08000162   0x00000000   Code   RO          439    .ARM.Collect$$libinit$$0000000A  c_w.l(libinit2.o)
    0x08000162   0x00000000   Code   RO          441    .ARM.Collect$$libinit$$0000000C  c_w.l(libinit2.o)
    0x08000162   0x00000000   Code   RO          444    .ARM.Collect$$libinit$$0000000F  c_w.l(libinit2.o)
    0x08000162   0x00000000   Code   RO          446    .ARM.Collect$$libinit$$00000011  c_w.l(libinit2.o)
    0x08000162   0x00000000   Code   RO          448    .ARM.Collect$$libinit$$00000013  c_w.l(libinit2.o)
    0x08000162   0x00000000   Code   RO          450    .ARM.Collect$$libinit$$00000015  c_w.l(libinit2.o)
    0x08000162   0x00000000   Code   RO          452    .ARM.Collect$$libinit$$00000017  c_w.l(libinit2.o)
    0x08000162   0x00000000   Code   RO          454    .ARM.Collect$$libinit$$00000019  c_w.l(libinit2.o)
    0x08000162   0x00000000   Code   RO          456    .ARM.Collect$$libinit$$0000001B  c_w.l(libinit2.o)
    0x08000162   0x00000000   Code   RO          458    .ARM.Collect$$libinit$$0000001D  c_w.l(libinit2.o)
    0x08000162   0x00000000   Code   RO          460    .ARM.Collect$$libinit$$0000001F  c_w.l(libinit2.o)
    0x08000162   0x00000000   Code   RO          462    .ARM.Collect$$libinit$$00000021  c_w.l(libinit2.o)
    0x08000162   0x00000000   Code   RO          464    .ARM.Collect$$libinit$$00000023  c_w.l(libinit2.o)
    0x08000162   0x00000000   Code   RO          468    .ARM.Collect$$libinit$$0000002A  c_w.l(libinit2.o)
    0x08000162   0x00000000   Code   RO          470    .ARM.Collect$$libinit$$0000002C  c_w.l(libinit2.o)
    0x08000162   0x00000000   Code   RO          472    .ARM.Collect$$libinit$$0000002E  c_w.l(libinit2.o)
    0x08000162   0x00000000   Code   RO          474    .ARM.Collect$$libinit$$00000030  c_w.l(libinit2.o)
    0x08000162   0x00000002   Code   RO          475    .ARM.Collect$$libinit$$00000031  c_w.l(libinit2.o)
    0x08000164   0x00000002   Code   RO          495    .ARM.Collect$$libshutdown$$00000000  c_w.l(libshutdown.o)
    0x08000166   0x00000000   Code   RO          509    .ARM.Collect$$libshutdown$$00000003  c_w.l(libshutdown2.o)
    0x08000166   0x00000000   Code   RO          512    .ARM.Collect$$libshutdown$$00000006  c_w.l(libshutdown2.o)
    0x08000166   0x00000000   Code   RO          515    .ARM.Collect$$libshutdown$$00000009  c_w.l(libshutdown2.o)
    0x08000166   0x00000000   Code   RO          517    .ARM.Collect$$libshutdown$$0000000B  c_w.l(libshutdown2.o)
    0x08000166   0x00000000   Code   RO          520    .ARM.Collect$$libshutdown$$0000000E  c_w.l(libshutdown2.o)
    0x08000166   0x00000002   Code   RO          521    .ARM.Collect$$libshutdown$$0000000F  c_w.l(libshutdown2.o)
    0x08000168   0x00000002   Code   RO          431    .ARM.Collect$$rtexit$$00000000  c_w.l(rtexit.o)
    0x0800016a   0x00000000   Code   RO          477    .ARM.Collect$$rtexit$$00000002  c_w.l(rtexit2.o)
    0x0800016a   0x00000004   Code   RO          478    .ARM.Collect$$rtexit$$00000003  c_w.l(rtexit2.o)
    0x0800016e   0x00000006   Code   RO          479    .ARM.Collect$$rtexit$$00000004  c_w.l(rtexit2.o)
    0x08000174   0x00000024   Code   RO           94    .emb_text           rtx_conf_cm.o
    0x08000198   0x00000130   Code   RO          404    .emb_text           RTX_CM3.lib(hal_cm3.o)
    0x080002c8   0x00000040   Code   RO            4    .text               startup_stm32f10x_md.o
    0x08000308   0x00000074   Code   RO           12    .text               main.o
    0x0800037c   0x000001dc   Code   RO           63    .text               system_stm32f10x.o
    0x08000558   0x00000090   Code   RO           95    .text               rtx_conf_cm.o
    0x080005e8   0x00000034   Code   RO          121    .text               led.o
    0x0800061c   0x00000c48   Code   RO          141    .text               RTX_CM3.lib(rt_cmsis.o)
    0x08001264   0x000003a8   Code   RO          211    .text               RTX_CM3.lib(rt_task.o)
    0x0800160c   0x0000017c   Code   RO          237    .text               RTX_CM3.lib(rt_mutex.o)
    0x08001788   0x00000228   Code   RO          250    .text               RTX_CM3.lib(rt_system.o)
    0x080019b0   0x0000012c   Code   RO          274    .text               RTX_CM3.lib(rt_event.o)
    0x08001adc   0x00000214   Code   RO          286    .text               RTX_CM3.lib(rt_list.o)
    0x08001cf0   0x000002d0   Code   RO          308    .text               RTX_CM3.lib(rt_mailbox.o)
    0x08001fc0   0x0000010c   Code   RO          320    .text               RTX_CM3.lib(rt_semaphore.o)
    0x080020cc   0x00000048   Code   RO          332    .text               RTX_CM3.lib(rt_time.o)
    0x08002114   0x0000005c   Code   RO          347    .text               RTX_CM3.lib(rt_robin.o)
    0x08002170   0x0000009e   Code   RO          362    .text               RTX_CM3.lib(rt_membox.o)
    0x0800220e   0x0000007e   Code   RO          374    .text               RTX_CM3.lib(rt_memory.o)
    0x0800228c   0x000000bc   Code   RO          386    .text               RTX_CM3.lib(hal_cm.o)
    0x08002348   0x00000008   Code   RO          419    .text               c_w.l(libspace.o)
    0x08002350   0x0000004a   Code   RO          422    .text               c_w.l(sys_stackheap_outer.o)
    0x0800239a   0x0000000c   Code   RO          424    .text               c_w.l(exit.o)
    0x080023a6   0x00000006   Code   RO          426    .text               c_w.l(heapauxi.o)
    0x080023ac   0x0000000c   Code   RO          487    .text               c_w.l(sys_exit.o)
    0x080023b8   0x00000002   Code   RO          498    .text               c_w.l(use_no_semi.o)
    0x080023ba   0x00000000   Code   RO          500    .text               c_w.l(indicate_semi.o)
    0x080023ba   0x00000002   PAD
    0x080023bc   0x00000004   Code   RO          414    SVC_TABLE           RTX_CM3.lib(SVC_Table.o)
    0x080023c0   0x00000020   Data   RO           13    .constdata          main.o
    0x080023e0   0x0000005c   Data   RO           97    .constdata          rtx_conf_cm.o
    0x0800243c   0x00000020   Data   RO          552    Region$$Table       anon$$obj.o


    Execution Region RW_IRAM1 (Base: 0x20000000, Size: 0x00000d10, Max: 0x00005000, ABSOLUTE)

    Base Addr    Size         Type   Attr      Idx    E Section Name        Object

    0x20000000   0x00000004   Data   RW           14    .data               main.o
    0x20000004   0x00000014   Data   RW           64    .data               system_stm32f10x.o
    0x20000018   0x00000014   Data   RW           98    .data               rtx_conf_cm.o
    0x2000002c   0x00000008   Data   RW          142    .data               RTX_CM3.lib(rt_cmsis.o)
    0x20000034   0x00000008   Data   RW          213    .data               RTX_CM3.lib(rt_task.o)
    0x2000003c   0x00000008   Data   RW          251    .data               RTX_CM3.lib(rt_system.o)
    0x20000044   0x00000004   Data   RW          333    .data               RTX_CM3.lib(rt_time.o)
    0x20000048   0x00000008   Data   RW          348    .data               RTX_CM3.lib(rt_robin.o)
    0x20000050   0x00000001   Data   RW          387    .data               RTX_CM3.lib(hal_cm.o)
    0x20000051   0x00000007   PAD
    0x20000058   0x000005f8   Zero   RW           96    .bss                rtx_conf_cm.o
    0x20000650   0x00000030   Zero   RW          212    .bss                RTX_CM3.lib(rt_task.o)
    0x20000680   0x00000030   Zero   RW          287    .bss                RTX_CM3.lib(rt_list.o)
    0x200006b0   0x00000060   Zero   RW          420    .bss                c_w.l(libspace.o)
    0x20000710   0x00000200   Zero   RW            2    HEAP                startup_stm32f10x_md.o
    0x20000910   0x00000400   Zero   RW            1    STACK               startup_stm32f10x_md.o


==============================================================================

Image component sizes


      Code (inc. data)   RO Data    RW Data    ZI Data      Debug   Object Name

        52          6          0          0          0        678   led.o
       116         12         32          4          0       8497   main.o
       180         30         92         20       1528       4150   rtx_conf_cm.o
        64         26        236          0       1536        824   startup_stm32f10x_md.o
       476         36          0         20          0       1815   system_stm32f10x.o

    ----------------------------------------------------------------------
       888        110        392         44       3064      15964   Object Totals
         0          0         32          0          0          0   (incl. Generated)
         0          0          0          0          0          0   (incl. Padding)

    ----------------------------------------------------------------------

      Code (inc. data)   RO Data    RW Data    ZI Data      Debug   Library Member Name

         4          4          0          0          0        132   SVC_Table.o
       188         22          0          1          0       1686   hal_cm.o
       304         36          0          0          0        688   hal_cm3.o
      3144         70          0          8          0      41262   rt_cmsis.o
       300         14          0          0          0       2062   rt_event.o
       532         18          0          0         48       5622   rt_list.o
       720          8          0          0          0       2915   rt_mailbox.o
       158          0          0          0          0       1593   rt_membox.o
       126          0          0          0          0       1555   rt_memory.o
       380         10          0          0          0       1623   rt_mutex.o
        92         18          0          8          0        720   rt_robin.o
       268         10          0          0          0       1924   rt_semaphore.o
       552         42          0          8          0       5020   rt_system.o
       936         80          0          8         48       6219   rt_task.o
        72         10          0          4          0       1035   rt_time.o
         8          0          0          0          0         68   __main.o
        52          8          0          0          0          0   __scatter.o
        26          0          0          0          0          0   __scatter_copy.o
        28          0          0          0          0          0   __scatter_zi.o
        12          0          0          0          0         72   exit.o
         6          0          0          0          0        152   heapauxi.o
         0          0          0          0          0          0   indicate_semi.o
         2          0          0          0          0          0   libinit.o
         2          0          0          0          0          0   libinit2.o
         2          0          0          0          0          0   libshutdown.o
         2          0          0          0          0          0   libshutdown2.o
         8          4          0          0         96         68   libspace.o
         2          0          0          0          0          0   rtexit.o
        10          0          0          0          0          0   rtexit2.o
        12          4          0          0          0         68   sys_exit.o
        74          0          0          0          0         80   sys_stackheap_outer.o
         2          0          0          0          0         68   use_no_semi.o

    ----------------------------------------------------------------------
      8028        358          0         40        196      74632   Library Totals
         4          0          0          3          4          0   (incl. Padding)

    ----------------------------------------------------------------------

      Code (inc. data)   RO Data    RW Data    ZI Data      Debug   Library Name

      7776        342          0         37         96      74056   RTX_CM3.lib
       248         16          0          0         96        576   c_w.l

    ----------------------------------------------------------------------
      8028        358          0         40        196      74632   Library Totals

    ----------------------------------------------------------------------

==============================================================================


      Code (inc. data)   RO Data    RW Data    ZI Data      Debug   

      8916        468        392         84       3260      88464   Grand Totals
      8916        468        392         84       3260      88464   ELF Image Totals
      8916        468        392         84          0          0   ROM Totals

==============================================================================

    Total RO  Size (Code + RO Data)                 9308 (   9.09kB)
    Total RW  Size (RW Data + ZI Data)              3344 (   3.27kB)
    Total ROM Size (Code + RO Data + RW Data)       9392 (   9.17kB)

==============================================================================

